Archive member included to satisfy reference by file (symbol)

../lib/libxc.a(doprnt.o)      ../device/uart-pl011/../uart/kvprintf.o (_doprnt)
../lib/libxc.a(memcpy.o)      ../system/platforms/arm-rpi3/kexec.o (memcpy)
../lib/libxc.a(printf.o)      ../system/initialize.o (printf)
../lib/libxc.a(strlcpy.o)     ../system/platforms/arm-rpi3/platforminit.o (strlcpy)
../lib/libxc.a(strlen.o)      ../lib/libxc.a(doprnt.o) (strlen)
../lib/libxc.a(strncmp.o)     ../system/getdev.o (strncmp)
../lib/libxc.a(fputc.o)       ../lib/libxc.a(printf.o) (fputc)

Discarded input sections

 .data          0x0000000000000000        0x0 ../loader/platforms/arm-rpi3/start.o
 .bss           0x0000000000000000        0x0 ../loader/platforms/arm-rpi3/start.o
 .data          0x0000000000000000        0x0 ../system/platforms/arm-rpi3/ctxsw.o
 .bss           0x0000000000000000        0x0 ../system/platforms/arm-rpi3/ctxsw.o
 .data          0x0000000000000000        0x0 ../system/platforms/arm-rpi3/halt.o
 .bss           0x0000000000000000        0x0 ../system/platforms/arm-rpi3/halt.o
 .data          0x0000000000000000        0x0 ../system/platforms/arm-rpi3/intutils.o
 .bss           0x0000000000000000        0x0 ../system/platforms/arm-rpi3/intutils.o
 .data          0x0000000000000000        0x0 ../system/platforms/arm-rpi3/irq_handler.o
 .bss           0x0000000000000000        0x0 ../system/platforms/arm-rpi3/irq_handler.o
 .data          0x0000000000000000        0x0 ../system/platforms/arm-rpi3/memory_barrier.o
 .bss           0x0000000000000000        0x0 ../system/platforms/arm-rpi3/memory_barrier.o
 .data          0x0000000000000000        0x0 ../system/platforms/arm-rpi3/pause.o
 .bss           0x0000000000000000        0x0 ../system/platforms/arm-rpi3/pause.o
 .data          0x0000000000000000        0x0 ../system/platforms/arm-rpi3/getmode.o
 .bss           0x0000000000000000        0x0 ../system/platforms/arm-rpi3/getmode.o
 .text          0x0000000000000000        0x0 ../system/platforms/arm-rpi3/setupStack.o
 .data          0x0000000000000000        0x0 ../system/platforms/arm-rpi3/setupStack.o
 .bss           0x0000000000000000        0x0 ../system/platforms/arm-rpi3/setupStack.o
 .text.setupStack
                0x0000000000000000       0xd4 ../system/platforms/arm-rpi3/setupStack.o
 .rodata.str1.1
                0x0000000000000000       0x3f ../system/platforms/arm-rpi3/setupStack.o
 .comment       0x0000000000000000       0x22 ../system/platforms/arm-rpi3/setupStack.o
 .ARM.attributes
                0x0000000000000000       0x38 ../system/platforms/arm-rpi3/setupStack.o
 .text          0x0000000000000000        0x0 ../system/platforms/arm-rpi3/bcm2837_power.o
 .data          0x0000000000000000        0x0 ../system/platforms/arm-rpi3/bcm2837_power.o
 .text.bcm2837_setpower
                0x0000000000000000       0x8c ../system/platforms/arm-rpi3/bcm2837_power.o
 .comment       0x0000000000000000       0x22 ../system/platforms/arm-rpi3/bcm2837_power.o
 .text          0x0000000000000000        0x0 ../system/platforms/arm-rpi3/dispatch.o
 .data          0x0000000000000000        0x0 ../system/platforms/arm-rpi3/dispatch.o
 .text.disable_irq
                0x0000000000000000       0x6c ../system/platforms/arm-rpi3/dispatch.o
 .comment       0x0000000000000000       0x22 ../system/platforms/arm-rpi3/dispatch.o
 .text          0x0000000000000000        0x0 ../system/platforms/arm-rpi3/kexec.o
 .data          0x0000000000000000        0x0 ../system/platforms/arm-rpi3/kexec.o
 .bss           0x0000000000000000        0x0 ../system/platforms/arm-rpi3/kexec.o
 .text.kexec    0x0000000000000000       0x58 ../system/platforms/arm-rpi3/kexec.o
 .rodata        0x0000000000000000       0x18 ../system/platforms/arm-rpi3/kexec.o
 .comment       0x0000000000000000       0x22 ../system/platforms/arm-rpi3/kexec.o
 .ARM.attributes
                0x0000000000000000       0x38 ../system/platforms/arm-rpi3/kexec.o
 .text          0x0000000000000000        0x0 ../system/platforms/arm-rpi3/platforminit.o
 .bss           0x0000000000000000        0x0 ../system/platforms/arm-rpi3/platforminit.o
 .comment       0x0000000000000000       0x22 ../system/platforms/arm-rpi3/platforminit.o
 .text          0x0000000000000000        0x0 ../system/platforms/arm-rpi3/timer.o
 .data          0x0000000000000000        0x0 ../system/platforms/arm-rpi3/timer.o
 .bss           0x0000000000000000        0x0 ../system/platforms/arm-rpi3/timer.o
 .comment       0x0000000000000000       0x22 ../system/platforms/arm-rpi3/timer.o
 .text          0x0000000000000000        0x0 ../system/platforms/arm-rpi3/usb_dwc_hcd.o
 .data          0x0000000000000000        0x0 ../system/platforms/arm-rpi3/usb_dwc_hcd.o
 .bss           0x0000000000000000     0x203c ../system/platforms/arm-rpi3/usb_dwc_hcd.o
 .text.dwc_get_host_port_ctrlstatus
                0x0000000000000000       0x14 ../system/platforms/arm-rpi3/usb_dwc_hcd.o
 .text.dwc_host_port_status_changed
                0x0000000000000000       0x38 ../system/platforms/arm-rpi3/usb_dwc_hcd.o
 .text.dwc_channel_start_transaction
                0x0000000000000000       0x8c ../system/platforms/arm-rpi3/usb_dwc_hcd.o
 .text.dwc_channel_start_xfer
                0x0000000000000000      0x2d8 ../system/platforms/arm-rpi3/usb_dwc_hcd.o
 .text.dwc_get_free_channel
                0x0000000000000000       0x44 ../system/platforms/arm-rpi3/usb_dwc_hcd.o
 .text.defer_xfer_thread
                0x0000000000000000       0xd0 ../system/platforms/arm-rpi3/usb_dwc_hcd.o
 .text.dwc_schedule_xfer_requests
                0x0000000000000000      0x390 ../system/platforms/arm-rpi3/usb_dwc_hcd.o
 .text.dwc_interrupt_handler
                0x0000000000000000      0x66c ../system/platforms/arm-rpi3/usb_dwc_hcd.o
 .text.hcd_start
                0x0000000000000000      0x134 ../system/platforms/arm-rpi3/usb_dwc_hcd.o
 .text.hcd_stop
                0x0000000000000000       0x4c ../system/platforms/arm-rpi3/usb_dwc_hcd.o
 .text.hcd_submit_xfer_request
                0x0000000000000000       0x20 ../system/platforms/arm-rpi3/usb_dwc_hcd.o
 .rodata        0x0000000000000000       0x67 ../system/platforms/arm-rpi3/usb_dwc_hcd.o
 .rodata.str1.1
                0x0000000000000000       0x1d ../system/platforms/arm-rpi3/usb_dwc_hcd.o
 .comment       0x0000000000000000       0x22 ../system/platforms/arm-rpi3/usb_dwc_hcd.o
 .ARM.attributes
                0x0000000000000000       0x38 ../system/platforms/arm-rpi3/usb_dwc_hcd.o
 .text          0x0000000000000000        0x0 ../system/platforms/arm-rpi3/watchdog.o
 .data          0x0000000000000000        0x0 ../system/platforms/arm-rpi3/watchdog.o
 .bss           0x0000000000000000        0x0 ../system/platforms/arm-rpi3/watchdog.o
 .text.watchdogset
                0x0000000000000000       0x34 ../system/platforms/arm-rpi3/watchdog.o
 .comment       0x0000000000000000       0x22 ../system/platforms/arm-rpi3/watchdog.o
 .ARM.attributes
                0x0000000000000000       0x38 ../system/platforms/arm-rpi3/watchdog.o
 .text          0x0000000000000000        0x0 ../system/initialize.o
 .data          0x0000000000000000        0x0 ../system/initialize.o
 .text.led_off  0x0000000000000000       0x14 ../system/initialize.o
 .text.button_lev
                0x0000000000000000       0x14 ../system/initialize.o
 .comment       0x0000000000000000       0x22 ../system/initialize.o
 .text          0x0000000000000000        0x0 ../system/main.o
 .data          0x0000000000000000        0x0 ../system/main.o
 .bss           0x0000000000000000        0x0 ../system/main.o
 .text.startup.main
                0x0000000000000000        0x8 ../system/main.o
 .comment       0x0000000000000000       0x22 ../system/main.o
 .text          0x0000000000000000        0x0 ../system/ready.o
 .data          0x0000000000000000        0x0 ../system/ready.o
 .bss           0x0000000000000000        0x0 ../system/ready.o
 .comment       0x0000000000000000       0x22 ../system/ready.o
 .text          0x0000000000000000        0x0 ../system/resched.o
 .data          0x0000000000000000        0x0 ../system/resched.o
 .comment       0x0000000000000000       0x22 ../system/resched.o
 .text          0x0000000000000000        0x0 ../system/queinit.o
 .bss           0x0000000000000000        0x0 ../system/queinit.o
 .comment       0x0000000000000000       0x22 ../system/queinit.o
 .text          0x0000000000000000        0x0 ../system/queue.o
 .data          0x0000000000000000        0x0 ../system/queue.o
 .comment       0x0000000000000000       0x22 ../system/queue.o
 .text          0x0000000000000000        0x0 ../system/getitem.o
 .data          0x0000000000000000        0x0 ../system/getitem.o
 .bss           0x0000000000000000        0x0 ../system/getitem.o
 .text.getlast  0x0000000000000000       0x4c ../system/getitem.o
 .comment       0x0000000000000000       0x22 ../system/getitem.o
 .text          0x0000000000000000        0x0 ../system/insert.o
 .data          0x0000000000000000        0x0 ../system/insert.o
 .bss           0x0000000000000000        0x0 ../system/insert.o
 .comment       0x0000000000000000       0x22 ../system/insert.o
 .text          0x0000000000000000        0x0 ../system/clkinit.o
 .data          0x0000000000000000        0x0 ../system/clkinit.o
 .comment       0x0000000000000000       0x22 ../system/clkinit.o
 .text          0x0000000000000000        0x0 ../system/clkhandler.o
 .data          0x0000000000000000        0x0 ../system/clkhandler.o
 .bss           0x0000000000000000        0x0 ../system/clkhandler.o
 .comment       0x0000000000000000       0x22 ../system/clkhandler.o
 .text          0x0000000000000000        0x0 ../system/mdelay.o
 .data          0x0000000000000000        0x0 ../system/mdelay.o
 .bss           0x0000000000000000        0x0 ../system/mdelay.o
 .text.mdelay   0x0000000000000000       0x24 ../system/mdelay.o
 .comment       0x0000000000000000       0x22 ../system/mdelay.o
 .ARM.attributes
                0x0000000000000000       0x38 ../system/mdelay.o
 .text          0x0000000000000000        0x0 ../system/udelay.o
 .data          0x0000000000000000        0x0 ../system/udelay.o
 .bss           0x0000000000000000        0x0 ../system/udelay.o
 .comment       0x0000000000000000       0x22 ../system/udelay.o
 .text          0x0000000000000000        0x0 ../system/insertd.o
 .data          0x0000000000000000        0x0 ../system/insertd.o
 .bss           0x0000000000000000        0x0 ../system/insertd.o
 .text.insertd  0x0000000000000000       0xcc ../system/insertd.o
 .comment       0x0000000000000000       0x22 ../system/insertd.o
 .ARM.attributes
                0x0000000000000000       0x38 ../system/insertd.o
 .text          0x0000000000000000        0x0 ../system/sleep.o
 .data          0x0000000000000000        0x0 ../system/sleep.o
 .bss           0x0000000000000000        0x0 ../system/sleep.o
 .text.sleep    0x0000000000000000       0x8c ../system/sleep.o
 .comment       0x0000000000000000       0x22 ../system/sleep.o
 .ARM.attributes
                0x0000000000000000       0x38 ../system/sleep.o
 .text          0x0000000000000000        0x0 ../system/unsleep.o
 .data          0x0000000000000000        0x0 ../system/unsleep.o
 .bss           0x0000000000000000        0x0 ../system/unsleep.o
 .text.unsleep  0x0000000000000000       0x98 ../system/unsleep.o
 .comment       0x0000000000000000       0x22 ../system/unsleep.o
 .ARM.attributes
                0x0000000000000000       0x38 ../system/unsleep.o
 .text          0x0000000000000000        0x0 ../system/wakeup.o
 .data          0x0000000000000000        0x0 ../system/wakeup.o
 .bss           0x0000000000000000        0x0 ../system/wakeup.o
 .text.wakeup   0x0000000000000000       0x54 ../system/wakeup.o
 .comment       0x0000000000000000       0x22 ../system/wakeup.o
 .ARM.attributes
                0x0000000000000000       0x38 ../system/wakeup.o
 .text          0x0000000000000000        0x0 ../system/semcreate.o
 .data          0x0000000000000000        0x0 ../system/semcreate.o
 .comment       0x0000000000000000       0x22 ../system/semcreate.o
 .text          0x0000000000000000        0x0 ../system/semfree.o
 .data          0x0000000000000000        0x0 ../system/semfree.o
 .bss           0x0000000000000000        0x0 ../system/semfree.o
 .comment       0x0000000000000000       0x22 ../system/semfree.o
 .text          0x0000000000000000        0x0 ../system/semcount.o
 .data          0x0000000000000000        0x0 ../system/semcount.o
 .bss           0x0000000000000000        0x0 ../system/semcount.o
 .text.semcount
                0x0000000000000000       0x38 ../system/semcount.o
 .comment       0x0000000000000000       0x22 ../system/semcount.o
 .ARM.attributes
                0x0000000000000000       0x38 ../system/semcount.o
 .text          0x0000000000000000        0x0 ../system/signal.o
 .data          0x0000000000000000        0x0 ../system/signal.o
 .bss           0x0000000000000000        0x0 ../system/signal.o
 .text.signal   0x0000000000000000       0x7c ../system/signal.o
 .comment       0x0000000000000000       0x22 ../system/signal.o
 .ARM.attributes
                0x0000000000000000       0x38 ../system/signal.o
 .text          0x0000000000000000        0x0 ../system/signaln.o
 .data          0x0000000000000000        0x0 ../system/signaln.o
 .bss           0x0000000000000000        0x0 ../system/signaln.o
 .comment       0x0000000000000000       0x22 ../system/signaln.o
 .text          0x0000000000000000        0x0 ../system/wait.o
 .data          0x0000000000000000        0x0 ../system/wait.o
 .bss           0x0000000000000000        0x0 ../system/wait.o
 .comment       0x0000000000000000       0x22 ../system/wait.o
 .text          0x0000000000000000        0x0 ../system/close.o
 .data          0x0000000000000000        0x0 ../system/close.o
 .bss           0x0000000000000000        0x0 ../system/close.o
 .text.close    0x0000000000000000       0x20 ../system/close.o
 .comment       0x0000000000000000       0x22 ../system/close.o
 .ARM.attributes
                0x0000000000000000       0x38 ../system/close.o
 .text          0x0000000000000000        0x0 ../system/control.o
 .data          0x0000000000000000        0x0 ../system/control.o
 .bss           0x0000000000000000        0x0 ../system/control.o
 .text.control  0x0000000000000000       0x20 ../system/control.o
 .comment       0x0000000000000000       0x22 ../system/control.o
 .ARM.attributes
                0x0000000000000000       0x38 ../system/control.o
 .text          0x0000000000000000        0x0 ../system/getc.o
 .data          0x0000000000000000        0x0 ../system/getc.o
 .bss           0x0000000000000000        0x0 ../system/getc.o
 .text.getc     0x0000000000000000       0x20 ../system/getc.o
 .comment       0x0000000000000000       0x22 ../system/getc.o
 .ARM.attributes
                0x0000000000000000       0x38 ../system/getc.o
 .text          0x0000000000000000        0x0 ../system/open.o
 .data          0x0000000000000000        0x0 ../system/open.o
 .bss           0x0000000000000000        0x0 ../system/open.o
 .text.open     0x0000000000000000       0x40 ../system/open.o
 .comment       0x0000000000000000       0x22 ../system/open.o
 .ARM.attributes
                0x0000000000000000       0x38 ../system/open.o
 .text          0x0000000000000000        0x0 ../system/ioerr.o
 .data          0x0000000000000000        0x0 ../system/ioerr.o
 .bss           0x0000000000000000        0x0 ../system/ioerr.o
 .comment       0x0000000000000000       0x22 ../system/ioerr.o
 .text          0x0000000000000000        0x0 ../system/ionull.o
 .data          0x0000000000000000        0x0 ../system/ionull.o
 .bss           0x0000000000000000        0x0 ../system/ionull.o
 .comment       0x0000000000000000       0x22 ../system/ionull.o
 .text          0x0000000000000000        0x0 ../system/read.o
 .data          0x0000000000000000        0x0 ../system/read.o
 .bss           0x0000000000000000        0x0 ../system/read.o
 .text.read     0x0000000000000000       0x20 ../system/read.o
 .comment       0x0000000000000000       0x22 ../system/read.o
 .ARM.attributes
                0x0000000000000000       0x38 ../system/read.o
 .text          0x0000000000000000        0x0 ../system/putc.o
 .data          0x0000000000000000        0x0 ../system/putc.o
 .bss           0x0000000000000000        0x0 ../system/putc.o
 .comment       0x0000000000000000       0x22 ../system/putc.o
 .text          0x0000000000000000        0x0 ../system/seek.o
 .data          0x0000000000000000        0x0 ../system/seek.o
 .bss           0x0000000000000000        0x0 ../system/seek.o
 .text.seek     0x0000000000000000       0x20 ../system/seek.o
 .comment       0x0000000000000000       0x22 ../system/seek.o
 .ARM.attributes
                0x0000000000000000       0x38 ../system/seek.o
 .text          0x0000000000000000        0x0 ../system/write.o
 .data          0x0000000000000000        0x0 ../system/write.o
 .bss           0x0000000000000000        0x0 ../system/write.o
 .text.write    0x0000000000000000       0x20 ../system/write.o
 .comment       0x0000000000000000       0x22 ../system/write.o
 .ARM.attributes
                0x0000000000000000       0x38 ../system/write.o
 .text          0x0000000000000000        0x0 ../system/getdev.o
 .data          0x0000000000000000        0x0 ../system/getdev.o
 .bss           0x0000000000000000        0x0 ../system/getdev.o
 .text.getdev   0x0000000000000000       0x28 ../system/getdev.o
 .comment       0x0000000000000000       0x22 ../system/getdev.o
 .ARM.attributes
                0x0000000000000000       0x38 ../system/getdev.o
 .text          0x0000000000000000        0x0 ../device/uart-pl011/kgetc.o
 .data          0x0000000000000000        0x0 ../device/uart-pl011/kgetc.o
 .bss           0x0000000000000000        0x0 ../device/uart-pl011/kgetc.o
 .text.kgetc    0x0000000000000000       0x50 ../device/uart-pl011/kgetc.o
 .comment       0x0000000000000000       0x22 ../device/uart-pl011/kgetc.o
 .ARM.attributes
                0x0000000000000000       0x38 ../device/uart-pl011/kgetc.o
 .text          0x0000000000000000        0x0 ../device/uart-pl011/kputc.o
 .data          0x0000000000000000        0x0 ../device/uart-pl011/kputc.o
 .bss           0x0000000000000000        0x0 ../device/uart-pl011/kputc.o
 .comment       0x0000000000000000       0x22 ../device/uart-pl011/kputc.o
 .text          0x0000000000000000        0x0 ../device/uart-pl011/../uart/uartControl.o
 .data          0x0000000000000000        0x0 ../device/uart-pl011/../uart/uartControl.o
 .bss           0x0000000000000000        0x0 ../device/uart-pl011/../uart/uartControl.o
 .comment       0x0000000000000000       0x22 ../device/uart-pl011/../uart/uartControl.o
 .text          0x0000000000000000        0x0 ../device/uart-pl011/../uart/uartGetc.o
 .data          0x0000000000000000        0x0 ../device/uart-pl011/../uart/uartGetc.o
 .bss           0x0000000000000000        0x0 ../device/uart-pl011/../uart/uartGetc.o
 .comment       0x0000000000000000       0x22 ../device/uart-pl011/../uart/uartGetc.o
 .text          0x0000000000000000        0x0 ../device/uart-pl011/uartHwInit.o
 .data          0x0000000000000000        0x0 ../device/uart-pl011/uartHwInit.o
 .bss           0x0000000000000000        0x0 ../device/uart-pl011/uartHwInit.o
 .comment       0x0000000000000000       0x22 ../device/uart-pl011/uartHwInit.o
 .text          0x0000000000000000        0x0 ../device/uart-pl011/uartHwPutc.o
 .data          0x0000000000000000        0x0 ../device/uart-pl011/uartHwPutc.o
 .bss           0x0000000000000000        0x0 ../device/uart-pl011/uartHwPutc.o
 .comment       0x0000000000000000       0x22 ../device/uart-pl011/uartHwPutc.o
 .text          0x0000000000000000        0x0 ../device/uart-pl011/uartHwStat.o
 .data          0x0000000000000000        0x0 ../device/uart-pl011/uartHwStat.o
 .bss           0x0000000000000000        0x0 ../device/uart-pl011/uartHwStat.o
 .text.uartHwStat
                0x0000000000000000       0x5c ../device/uart-pl011/uartHwStat.o
 .rodata        0x0000000000000000        0x8 ../device/uart-pl011/uartHwStat.o
 .rodata.str1.1
                0x0000000000000000       0x91 ../device/uart-pl011/uartHwStat.o
 .comment       0x0000000000000000       0x22 ../device/uart-pl011/uartHwStat.o
 .ARM.attributes
                0x0000000000000000       0x38 ../device/uart-pl011/uartHwStat.o
 .text          0x0000000000000000        0x0 ../device/uart-pl011/../uart/uartInit.o
 .data          0x0000000000000000        0x0 ../device/uart-pl011/../uart/uartInit.o
 .comment       0x0000000000000000       0x22 ../device/uart-pl011/../uart/uartInit.o
 .text          0x0000000000000000        0x0 ../device/uart-pl011/uartInterrupt.o
 .data          0x0000000000000000        0x0 ../device/uart-pl011/uartInterrupt.o
 .bss           0x0000000000000000        0x0 ../device/uart-pl011/uartInterrupt.o
 .comment       0x0000000000000000       0x22 ../device/uart-pl011/uartInterrupt.o
 .text          0x0000000000000000        0x0 ../device/uart-pl011/../uart/uartPutc.o
 .data          0x0000000000000000        0x0 ../device/uart-pl011/../uart/uartPutc.o
 .bss           0x0000000000000000        0x0 ../device/uart-pl011/../uart/uartPutc.o
 .comment       0x0000000000000000       0x22 ../device/uart-pl011/../uart/uartPutc.o
 .text          0x0000000000000000        0x0 ../device/uart-pl011/../uart/uartRead.o
 .data          0x0000000000000000        0x0 ../device/uart-pl011/../uart/uartRead.o
 .bss           0x0000000000000000        0x0 ../device/uart-pl011/../uart/uartRead.o
 .comment       0x0000000000000000       0x22 ../device/uart-pl011/../uart/uartRead.o
 .text          0x0000000000000000        0x0 ../device/uart-pl011/../uart/uartWrite.o
 .data          0x0000000000000000        0x0 ../device/uart-pl011/../uart/uartWrite.o
 .bss           0x0000000000000000        0x0 ../device/uart-pl011/../uart/uartWrite.o
 .comment       0x0000000000000000       0x22 ../device/uart-pl011/../uart/uartWrite.o
 .text          0x0000000000000000        0x0 ../device/uart-pl011/../uart/uartStat.o
 .data          0x0000000000000000        0x0 ../device/uart-pl011/../uart/uartStat.o
 .bss           0x0000000000000000        0x0 ../device/uart-pl011/../uart/uartStat.o
 .text.uartStat
                0x0000000000000000       0xcc ../device/uart-pl011/../uart/uartStat.o
 .rodata.str1.1
                0x0000000000000000       0xd2 ../device/uart-pl011/../uart/uartStat.o
 .comment       0x0000000000000000       0x22 ../device/uart-pl011/../uart/uartStat.o
 .ARM.attributes
                0x0000000000000000       0x38 ../device/uart-pl011/../uart/uartStat.o
 .text          0x0000000000000000        0x0 ../device/uart-pl011/../uart/kprintf.o
 .data          0x0000000000000000        0x0 ../device/uart-pl011/../uart/kprintf.o
 .bss           0x0000000000000000        0x0 ../device/uart-pl011/../uart/kprintf.o
 .comment       0x0000000000000000       0x22 ../device/uart-pl011/../uart/kprintf.o
 .text          0x0000000000000000        0x0 ../device/uart-pl011/../uart/kvprintf.o
 .data          0x0000000000000000        0x0 ../device/uart-pl011/../uart/kvprintf.o
 .bss           0x0000000000000000        0x0 ../device/uart-pl011/../uart/kvprintf.o
 .comment       0x0000000000000000       0x22 ../device/uart-pl011/../uart/kvprintf.o
 .text          0x0000000000000000        0x0 ../system/conf.o
 .data          0x0000000000000000        0x0 ../system/conf.o
 .bss           0x0000000000000000        0x0 ../system/conf.o
 .comment       0x0000000000000000       0x22 ../system/conf.o
 .text          0x0000000000000000        0x0 ../lib/libxc.a(doprnt.o)
 .data          0x0000000000000000        0x0 ../lib/libxc.a(doprnt.o)
 .bss           0x0000000000000000        0x0 ../lib/libxc.a(doprnt.o)
 .comment       0x0000000000000000       0x22 ../lib/libxc.a(doprnt.o)
 .text          0x0000000000000000        0x0 ../lib/libxc.a(memcpy.o)
 .data          0x0000000000000000        0x0 ../lib/libxc.a(memcpy.o)
 .bss           0x0000000000000000        0x0 ../lib/libxc.a(memcpy.o)
 .comment       0x0000000000000000       0x22 ../lib/libxc.a(memcpy.o)
 .text          0x0000000000000000        0x0 ../lib/libxc.a(printf.o)
 .data          0x0000000000000000        0x0 ../lib/libxc.a(printf.o)
 .bss           0x0000000000000000        0x0 ../lib/libxc.a(printf.o)
 .comment       0x0000000000000000       0x22 ../lib/libxc.a(printf.o)
 .text          0x0000000000000000        0x0 ../lib/libxc.a(strlcpy.o)
 .data          0x0000000000000000        0x0 ../lib/libxc.a(strlcpy.o)
 .bss           0x0000000000000000        0x0 ../lib/libxc.a(strlcpy.o)
 .comment       0x0000000000000000       0x22 ../lib/libxc.a(strlcpy.o)
 .text          0x0000000000000000        0x0 ../lib/libxc.a(strlen.o)
 .data          0x0000000000000000        0x0 ../lib/libxc.a(strlen.o)
 .bss           0x0000000000000000        0x0 ../lib/libxc.a(strlen.o)
 .comment       0x0000000000000000       0x22 ../lib/libxc.a(strlen.o)
 .text          0x0000000000000000        0x0 ../lib/libxc.a(strncmp.o)
 .data          0x0000000000000000        0x0 ../lib/libxc.a(strncmp.o)
 .bss           0x0000000000000000        0x0 ../lib/libxc.a(strncmp.o)
 .text.strncmp  0x0000000000000000       0x68 ../lib/libxc.a(strncmp.o)
 .comment       0x0000000000000000       0x22 ../lib/libxc.a(strncmp.o)
 .ARM.attributes
                0x0000000000000000       0x38 ../lib/libxc.a(strncmp.o)
 .text          0x0000000000000000        0x0 ../lib/libxc.a(fputc.o)
 .data          0x0000000000000000        0x0 ../lib/libxc.a(fputc.o)
 .bss           0x0000000000000000        0x0 ../lib/libxc.a(fputc.o)
 .comment       0x0000000000000000       0x22 ../lib/libxc.a(fputc.o)

Memory Configuration

Name             Origin             Length             Attributes
*default*        0x0000000000000000 0xffffffffffffffff

Linker script and memory map

                0x0000000000008000                . = 0x8000

.init           0x0000000000008000       0x84
 *(.init .init.*)
 .init          0x0000000000008000       0x84 ../loader/platforms/arm-rpi3/start.o
                0x0000000000008000                _start
                0x00000000000080c0                . = ALIGN (0x40)

.text           0x00000000000080c0     0x2060
 *(.txt .text.*)
 .text.bcm2837_power_init
                0x00000000000080c0       0x2c ../system/platforms/arm-rpi3/bcm2837_power.o
                0x00000000000080c0                bcm2837_power_init
 .text.dispatch
                0x00000000000080ec       0xbc ../system/platforms/arm-rpi3/dispatch.o
                0x00000000000080ec                dispatch
 .text.enable_irq
                0x00000000000081a8       0x6c ../system/platforms/arm-rpi3/dispatch.o
                0x00000000000081a8                enable_irq
 .text.pl011init
                0x0000000000008214       0x90 ../system/platforms/arm-rpi3/platforminit.o
                0x0000000000008214                pl011init
 .text.platforminit
                0x00000000000082a4      0x1ec ../system/platforms/arm-rpi3/platforminit.o
                0x00000000000082a4                platforminit
 .text.clkcount
                0x0000000000008490       0x20 ../system/platforms/arm-rpi3/timer.o
                0x0000000000008490                clkcount
 .text.clkupdate
                0x00000000000084b0       0x30 ../system/platforms/arm-rpi3/timer.o
                0x00000000000084b0                clkupdate
 .text.init_led
                0x00000000000084e0       0x24 ../system/initialize.o
                0x00000000000084e0                init_led
 .text.init_button
                0x0000000000008504       0x18 ../system/initialize.o
                0x0000000000008504                init_button
 .text.led_on   0x000000000000851c       0x14 ../system/initialize.o
                0x000000000000851c                led_on
 .text.nulluser
                0x0000000000008530      0x19c ../system/initialize.o
                0x0000000000008530                nulluser
 .text.print_os_info
                0x00000000000086cc      0x130 ../system/main.o
                0x00000000000086cc                print_os_info
 .text.ready    0x00000000000087fc       0x70 ../system/ready.o
                0x00000000000087fc                ready
 .text.resched  0x000000000000886c      0x108 ../system/resched.o
                0x000000000000886c                resched
 .text.queinit  0x0000000000008974       0x70 ../system/queinit.o
                0x0000000000008974                queinit
 .text.enqueue  0x00000000000089e4       0x70 ../system/queue.o
                0x00000000000089e4                enqueue
 .text.dequeue  0x0000000000008a54       0x7c ../system/queue.o
                0x0000000000008a54                dequeue
 .text.getitem  0x0000000000008ad0       0x38 ../system/getitem.o
                0x0000000000008ad0                getitem
 .text.getfirst
                0x0000000000008b08       0x44 ../system/getitem.o
                0x0000000000008b08                getfirst
 .text.insert   0x0000000000008b4c       0xa0 ../system/insert.o
                0x0000000000008b4c                insert
 .text.clkinit  0x0000000000008bec       0x4c ../system/clkinit.o
                0x0000000000008bec                clkinit
 .text.clkhandler
                0x0000000000008c38       0x58 ../system/clkhandler.o
                0x0000000000008c38                clkhandler
 .text.udelay   0x0000000000008c90       0x70 ../system/udelay.o
                0x0000000000008c90                udelay
 .text.semcreate
                0x0000000000008d00       0x8c ../system/semcreate.o
                0x0000000000008d00                semcreate
 .text.semfree  0x0000000000008d8c       0x94 ../system/semfree.o
                0x0000000000008d8c                semfree
 .text.signaln  0x0000000000008e20       0x90 ../system/signaln.o
                0x0000000000008e20                signaln
 .text.wait     0x0000000000008eb0       0xa4 ../system/wait.o
                0x0000000000008eb0                wait
 .text.ioerr    0x0000000000008f54        0x8 ../system/ioerr.o
                0x0000000000008f54                ioerr
 .text.ionull   0x0000000000008f5c        0x8 ../system/ionull.o
                0x0000000000008f5c                ionull
 .text.putc     0x0000000000008f64       0x20 ../system/putc.o
                0x0000000000008f64                putc
 .text.kputc    0x0000000000008f84       0x4c ../device/uart-pl011/kputc.o
                0x0000000000008f84                kputc
 .text.uartControl
                0x0000000000008fd0      0x100 ../device/uart-pl011/../uart/uartControl.o
                0x0000000000008fd0                uartControl
 .text.uartGetc
                0x00000000000090d0       0x24 ../device/uart-pl011/../uart/uartGetc.o
                0x00000000000090d0                uartGetc
 .text.uartHwInit
                0x00000000000090f4       0xc8 ../device/uart-pl011/uartHwInit.o
                0x00000000000090f4                uartHwInit
 .text.uartHwPutc
                0x00000000000091bc        0x8 ../device/uart-pl011/uartHwPutc.o
                0x00000000000091bc                uartHwPutc
 .text.uartInit
                0x00000000000091c4      0x108 ../device/uart-pl011/../uart/uartInit.o
                0x00000000000091c4                uartInit
 .text.uartInterrupt
                0x00000000000092cc      0x154 ../device/uart-pl011/uartInterrupt.o
                0x00000000000092cc                uartInterrupt
 .text.uartPutc
                0x0000000000009420       0x2c ../device/uart-pl011/../uart/uartPutc.o
                0x0000000000009420                uartPutc
 .text.uartRead
                0x000000000000944c       0xd0 ../device/uart-pl011/../uart/uartRead.o
                0x000000000000944c                uartRead
 .text.uartWrite
                0x000000000000951c       0xf0 ../device/uart-pl011/../uart/uartWrite.o
                0x000000000000951c                uartWrite
 .text.kprintf  0x000000000000960c       0x28 ../device/uart-pl011/../uart/kprintf.o
                0x000000000000960c                kprintf
 .text.kvprintf
                0x0000000000009634       0x44 ../device/uart-pl011/../uart/kvprintf.o
                0x0000000000009634                kvprintf
 .text._doprnt  0x0000000000009678      0x4f8 ../lib/libxc.a(doprnt.o)
                0x0000000000009678                _doprnt
 .text.memcpy   0x0000000000009b70       0x20 ../lib/libxc.a(memcpy.o)
                0x0000000000009b70                memcpy
 .text.printf   0x0000000000009b90       0x50 ../lib/libxc.a(printf.o)
                0x0000000000009b90                printf
 .text.strlcpy  0x0000000000009be0       0x50 ../lib/libxc.a(strlcpy.o)
                0x0000000000009be0                strlcpy
 .text.strlen   0x0000000000009c30       0x1c ../lib/libxc.a(strlen.o)
                0x0000000000009c30                strlen
 .text.fputc    0x0000000000009c4c       0x28 ../lib/libxc.a(fputc.o)
                0x0000000000009c4c                fputc
 *(.rodata .rodata.*)
 .rodata.str1.1
                0x0000000000009c74       0x30 ../system/platforms/arm-rpi3/dispatch.o
 .rodata.str1.1
                0x0000000000009ca4      0x163 ../system/platforms/arm-rpi3/platforminit.o
 .rodata.str1.1
                0x0000000000009e07       0x61 ../system/initialize.o
 .rodata.str1.1
                0x0000000000009e68      0x14a ../system/main.o
                                        0x152 (size before relaxing)
 *fill*         0x0000000000009fb2        0x2 
 .rodata        0x0000000000009fb4       0x3c ../system/conf.o
                0x0000000000009fb4                devtab
 .rodata.str1.1
                0x0000000000009ff0        0x8 ../system/conf.o
 .rodata        0x0000000000009ff8       0x31 ../lib/libxc.a(doprnt.o)
 .rodata.str1.1
                0x000000000000a029        0x7 ../lib/libxc.a(doprnt.o)
 .text          0x000000000000a030       0x60 ../loader/platforms/arm-rpi3/start.o
 .text          0x000000000000a090       0x1c ../system/platforms/arm-rpi3/ctxsw.o
                0x000000000000a090                ctxsw
 .text          0x000000000000a0ac        0xc ../system/platforms/arm-rpi3/halt.o
                0x000000000000a0ac                halt
 .text          0x000000000000a0b8       0x1c ../system/platforms/arm-rpi3/intutils.o
                0x000000000000a0b8                enable
                0x000000000000a0c0                disable
                0x000000000000a0cc                restore
 .text          0x000000000000a0d4       0x30 ../system/platforms/arm-rpi3/irq_handler.o
                0x000000000000a0d4                irq_handler
 .text          0x000000000000a104        0xc ../system/platforms/arm-rpi3/memory_barrier.o
                0x000000000000a104                dmb
 .text          0x000000000000a110        0x8 ../system/platforms/arm-rpi3/pause.o
                0x000000000000a110                pause
 .text          0x000000000000a118        0x8 ../system/platforms/arm-rpi3/getmode.o
                0x000000000000a118                getmode

.glue_7         0x000000000000a120        0x0
 .glue_7        0x000000000000a120        0x0 linker stubs

.glue_7t        0x000000000000a120        0x0
 .glue_7t       0x000000000000a120        0x0 linker stubs

.vfp11_veneer   0x000000000000a120        0x0
 .vfp11_veneer  0x000000000000a120        0x0 linker stubs

.v4_bx          0x000000000000a120        0x0
 .v4_bx         0x000000000000a120        0x0 linker stubs

.iplt           0x000000000000a120        0x0
 .iplt          0x000000000000a120        0x0 ../loader/platforms/arm-rpi3/start.o

.rel.dyn        0x000000000000a120        0x0
 .rel.iplt      0x000000000000a120        0x0 ../loader/platforms/arm-rpi3/start.o
                0x000000000000a140                . = ALIGN (0x40)

.data           0x000000000000a140        0x8
 *(.data .data.*)
 .data          0x000000000000a140        0x4 ../system/platforms/arm-rpi3/platforminit.o
                0x000000000000a140                atags_ptr
 .data          0x000000000000a144        0x4 ../system/queinit.o

.igot.plt       0x000000000000a148        0x0
 .igot.plt      0x000000000000a148        0x0 ../loader/platforms/arm-rpi3/start.o
                0x000000000000a180                . = ALIGN (0x40)
                0x000000000000a180                _bss = .

.bss            0x000000000000a180     0x3e58
 *(.bss .bss.*)
 .bss           0x000000000000a180        0x4 ../system/platforms/arm-rpi3/bcm2837_power.o
 .bss           0x000000000000a184      0x12c ../system/platforms/arm-rpi3/dispatch.o
                0x000000000000a190                interruptVector
 .bss           0x000000000000a2b0     0x2698 ../system/initialize.o
                0x000000000000a2b0                thrcount
                0x000000000000a2b4                memheap
                0x000000000000a2b8                platform
                0x000000000000a2f4                memlist
                0x000000000000a2fc                thrtab
                0x000000000000c3cc                thrcurrent
                0x000000000000c3d0                semtab
                0x000000000000c880                bfptab
                0x000000000000c940                readylist
                0x000000000000c944                cpuid
                0x000000000000c948                montab
 .bss           0x000000000000c948        0x4 ../system/resched.o
                0x000000000000c948                resdefer
 .bss           0x000000000000c94c      0xe40 ../system/queue.o
                0x000000000000c94c                quetab
 .bss           0x000000000000d78c        0xc ../system/clkinit.o
                0x000000000000d78c                clkticks
                0x000000000000d790                sleepq
                0x000000000000d794                clktime
 .bss           0x000000000000d798        0x4 ../system/semcreate.o
 .bss           0x000000000000d79c      0x83c ../device/uart-pl011/../uart/uartInit.o
                0x000000000000d79c                uarttab
                0x000000000000e000                . = ALIGN (0x40)
                0x000000000000e000                _end = .

/DISCARD/
 *(.comment .comment.* .note .note.*)
LOAD ../loader/platforms/arm-rpi3/start.o
LOAD ../system/platforms/arm-rpi3/ctxsw.o
LOAD ../system/platforms/arm-rpi3/halt.o
LOAD ../system/platforms/arm-rpi3/intutils.o
LOAD ../system/platforms/arm-rpi3/irq_handler.o
LOAD ../system/platforms/arm-rpi3/memory_barrier.o
LOAD ../system/platforms/arm-rpi3/pause.o
LOAD ../system/platforms/arm-rpi3/getmode.o
LOAD ../system/platforms/arm-rpi3/setupStack.o
LOAD ../system/platforms/arm-rpi3/bcm2837_power.o
LOAD ../system/platforms/arm-rpi3/dispatch.o
LOAD ../system/platforms/arm-rpi3/kexec.o
LOAD ../system/platforms/arm-rpi3/platforminit.o
LOAD ../system/platforms/arm-rpi3/timer.o
LOAD ../system/platforms/arm-rpi3/usb_dwc_hcd.o
LOAD ../system/platforms/arm-rpi3/watchdog.o
LOAD ../system/initialize.o
LOAD ../system/main.o
LOAD ../system/ready.o
LOAD ../system/resched.o
LOAD ../system/queinit.o
LOAD ../system/queue.o
LOAD ../system/getitem.o
LOAD ../system/insert.o
LOAD ../system/clkinit.o
LOAD ../system/clkhandler.o
LOAD ../system/mdelay.o
LOAD ../system/udelay.o
LOAD ../system/insertd.o
LOAD ../system/sleep.o
LOAD ../system/unsleep.o
LOAD ../system/wakeup.o
LOAD ../system/semcreate.o
LOAD ../system/semfree.o
LOAD ../system/semcount.o
LOAD ../system/signal.o
LOAD ../system/signaln.o
LOAD ../system/wait.o
LOAD ../system/close.o
LOAD ../system/control.o
LOAD ../system/getc.o
LOAD ../system/open.o
LOAD ../system/ioerr.o
LOAD ../system/ionull.o
LOAD ../system/read.o
LOAD ../system/putc.o
LOAD ../system/seek.o
LOAD ../system/write.o
LOAD ../system/getdev.o
LOAD ../device/uart-pl011/kgetc.o
LOAD ../device/uart-pl011/kputc.o
LOAD ../device/uart-pl011/../uart/uartControl.o
LOAD ../device/uart-pl011/../uart/uartGetc.o
LOAD ../device/uart-pl011/uartHwInit.o
LOAD ../device/uart-pl011/uartHwPutc.o
LOAD ../device/uart-pl011/uartHwStat.o
LOAD ../device/uart-pl011/../uart/uartInit.o
LOAD ../device/uart-pl011/uartInterrupt.o
LOAD ../device/uart-pl011/../uart/uartPutc.o
LOAD ../device/uart-pl011/../uart/uartRead.o
LOAD ../device/uart-pl011/../uart/uartWrite.o
LOAD ../device/uart-pl011/../uart/uartStat.o
LOAD ../device/uart-pl011/../uart/kprintf.o
LOAD ../device/uart-pl011/../uart/kvprintf.o
LOAD ../system/conf.o
LOAD ../lib/libxc.a
OUTPUT(xinu.elf elf32-littlearm)

.ARM.attributes
                0x0000000000000000       0x34
 .ARM.attributes
                0x0000000000000000       0x28 ../loader/platforms/arm-rpi3/start.o
 .ARM.attributes
                0x0000000000000028       0x28 ../system/platforms/arm-rpi3/ctxsw.o
 .ARM.attributes
                0x0000000000000050       0x28 ../system/platforms/arm-rpi3/halt.o
 .ARM.attributes
                0x0000000000000078       0x28 ../system/platforms/arm-rpi3/intutils.o
 .ARM.attributes
                0x00000000000000a0       0x28 ../system/platforms/arm-rpi3/irq_handler.o
 .ARM.attributes
                0x00000000000000c8       0x28 ../system/platforms/arm-rpi3/memory_barrier.o
 .ARM.attributes
                0x00000000000000f0       0x28 ../system/platforms/arm-rpi3/pause.o
 .ARM.attributes
                0x0000000000000118       0x28 ../system/platforms/arm-rpi3/getmode.o
 .ARM.attributes
                0x0000000000000140       0x38 ../system/platforms/arm-rpi3/bcm2837_power.o
 .ARM.attributes
                0x0000000000000178       0x38 ../system/platforms/arm-rpi3/dispatch.o
 .ARM.attributes
                0x00000000000001b0       0x38 ../system/platforms/arm-rpi3/platforminit.o
 .ARM.attributes
                0x00000000000001e8       0x38 ../system/platforms/arm-rpi3/timer.o
 .ARM.attributes
                0x0000000000000220       0x38 ../system/initialize.o
 .ARM.attributes
                0x0000000000000258       0x38 ../system/main.o
 .ARM.attributes
                0x0000000000000290       0x38 ../system/ready.o
 .ARM.attributes
                0x00000000000002c8       0x38 ../system/resched.o
 .ARM.attributes
                0x0000000000000300       0x38 ../system/queinit.o
 .ARM.attributes
                0x0000000000000338       0x38 ../system/queue.o
 .ARM.attributes
                0x0000000000000370       0x38 ../system/getitem.o
 .ARM.attributes
                0x00000000000003a8       0x38 ../system/insert.o
 .ARM.attributes
                0x00000000000003e0       0x38 ../system/clkinit.o
 .ARM.attributes
                0x0000000000000418       0x38 ../system/clkhandler.o
 .ARM.attributes
                0x0000000000000450       0x38 ../system/udelay.o
 .ARM.attributes
                0x0000000000000488       0x38 ../system/semcreate.o
 .ARM.attributes
                0x00000000000004c0       0x38 ../system/semfree.o
 .ARM.attributes
                0x00000000000004f8       0x38 ../system/signaln.o
 .ARM.attributes
                0x0000000000000530       0x38 ../system/wait.o
 .ARM.attributes
                0x0000000000000568       0x38 ../system/ioerr.o
 .ARM.attributes
                0x00000000000005a0       0x38 ../system/ionull.o
 .ARM.attributes
                0x00000000000005d8       0x38 ../system/putc.o
 .ARM.attributes
                0x0000000000000610       0x38 ../device/uart-pl011/kputc.o
 .ARM.attributes
                0x0000000000000648       0x38 ../device/uart-pl011/../uart/uartControl.o
 .ARM.attributes
                0x0000000000000680       0x38 ../device/uart-pl011/../uart/uartGetc.o
 .ARM.attributes
                0x00000000000006b8       0x38 ../device/uart-pl011/uartHwInit.o
 .ARM.attributes
                0x00000000000006f0       0x38 ../device/uart-pl011/uartHwPutc.o
 .ARM.attributes
                0x0000000000000728       0x38 ../device/uart-pl011/../uart/uartInit.o
 .ARM.attributes
                0x0000000000000760       0x38 ../device/uart-pl011/uartInterrupt.o
 .ARM.attributes
                0x0000000000000798       0x38 ../device/uart-pl011/../uart/uartPutc.o
 .ARM.attributes
                0x00000000000007d0       0x38 ../device/uart-pl011/../uart/uartRead.o
 .ARM.attributes
                0x0000000000000808       0x38 ../device/uart-pl011/../uart/uartWrite.o
 .ARM.attributes
                0x0000000000000840       0x38 ../device/uart-pl011/../uart/kprintf.o
 .ARM.attributes
                0x0000000000000878       0x38 ../device/uart-pl011/../uart/kvprintf.o
 .ARM.attributes
                0x00000000000008b0       0x38 ../system/conf.o
 .ARM.attributes
                0x00000000000008e8       0x38 ../lib/libxc.a(doprnt.o)
 .ARM.attributes
                0x0000000000000920       0x38 ../lib/libxc.a(memcpy.o)
 .ARM.attributes
                0x0000000000000958       0x38 ../lib/libxc.a(printf.o)
 .ARM.attributes
                0x0000000000000990       0x38 ../lib/libxc.a(strlcpy.o)
 .ARM.attributes
                0x00000000000009c8       0x38 ../lib/libxc.a(strlen.o)
 .ARM.attributes
                0x0000000000000a00       0x38 ../lib/libxc.a(fputc.o)
