Archive member included to satisfy reference by file (symbol)

../lib/libxc.a(abs.o)         ../test/test_libStdlib.o (abs)
../lib/libxc.a(atoi.o)        ../test/test_libStdlib.o (atoi)
../lib/libxc.a(atol.o)        ../test/test_libStdlib.o (atol)
../lib/libxc.a(bzero.o)       ../device/tty/ttyClose.o (bzero)
../lib/libxc.a(ctype_.o)      ../device/tty/ttyRead.o (_ctype_)
../lib/libxc.a(doprnt.o)      ../device/uart-pl011/../uart/kvprintf.o (_doprnt)
../lib/libxc.a(labs.o)        ../test/test_libStdlib.o (labs)
../lib/libxc.a(memchr.o)      ../test/test_libString.o (memchr)
../lib/libxc.a(memcmp.o)      ../test/test_bufpool.o (memcmp)
../lib/libxc.a(memcpy.o)      ../system/platforms/arm-rpi3/kexec.o (memcpy)
../lib/libxc.a(memset.o)      ../test/test_libString.o (memset)
../lib/libxc.a(printf.o)      ../device/uart-pl011/uartHwStat.o (printf)
../lib/libxc.a(qsort.o)       ../test/test_libStdlib.o (qsort)
../lib/libxc.a(rand.o)        ../test/test_libStdlib.o (srand)
../lib/libxc.a(sprintf.o)     ../test/test_semaphore3.o (sprintf)
../lib/libxc.a(sscanf.o)      ../lib/libxc.a(atol.o) (sscanf)
../lib/libxc.a(strchr.o)      ../test/test_libString.o (strchr)
../lib/libxc.a(strlcpy.o)     ../system/platforms/arm-rpi3/platforminit.o (strlcpy)
../lib/libxc.a(strlen.o)      ../lib/libxc.a(doprnt.o) (strlen)
../lib/libxc.a(strncat.o)     ../test/test_libString.o (strncat)
../lib/libxc.a(strncmp.o)     ../system/getdev.o (strncmp)
../lib/libxc.a(strncpy.o)     ../test/test_libString.o (strncpy)
../lib/libxc.a(strnlen.o)     ../test/test_libString.o (strnlen)
../lib/libxc.a(strrchr.o)     ../test/test_libString.o (strrchr)
../lib/libxc.a(strstr.o)      ../test/test_libString.o (strstr)
../lib/libxc.a(malloc.o)      ../test/test_umemory.o (malloc)
../lib/libxc.a(free.o)        ../test/test_umemory.o (free)
../lib/libxc.a(doscan.o)      ../lib/libxc.a(sscanf.o) (_doscan)
../lib/libxc.a(fputc.o)       ../lib/libxc.a(printf.o) (fputc)

Discarded input sections

 .data          0x0000000000000000        0x0 ../loader/platforms/arm-rpi3/start.o
 .bss           0x0000000000000000        0x0 ../loader/platforms/arm-rpi3/start.o
 .data          0x0000000000000000        0x0 ../system/platforms/arm-rpi3/ctxsw.o
 .bss           0x0000000000000000        0x0 ../system/platforms/arm-rpi3/ctxsw.o
 .data          0x0000000000000000        0x0 ../system/platforms/arm-rpi3/halt.o
 .bss           0x0000000000000000        0x0 ../system/platforms/arm-rpi3/halt.o
 .data          0x0000000000000000        0x0 ../system/platforms/arm-rpi3/intutils.o
 .bss           0x0000000000000000        0x0 ../system/platforms/arm-rpi3/intutils.o
 .data          0x0000000000000000        0x0 ../system/platforms/arm-rpi3/irq_handler.o
 .bss           0x0000000000000000        0x0 ../system/platforms/arm-rpi3/irq_handler.o
 .data          0x0000000000000000        0x0 ../system/platforms/arm-rpi3/memory_barrier.o
 .bss           0x0000000000000000        0x0 ../system/platforms/arm-rpi3/memory_barrier.o
 .text          0x0000000000000000        0x8 ../system/platforms/arm-rpi3/pause.o
 .data          0x0000000000000000        0x0 ../system/platforms/arm-rpi3/pause.o
 .bss           0x0000000000000000        0x0 ../system/platforms/arm-rpi3/pause.o
 .ARM.attributes
                0x0000000000000000       0x28 ../system/platforms/arm-rpi3/pause.o
 .data          0x0000000000000000        0x0 ../system/platforms/arm-rpi3/getmode.o
 .bss           0x0000000000000000        0x0 ../system/platforms/arm-rpi3/getmode.o
 .data          0x0000000000000000        0x0 ../system/platforms/arm-rpi3/getcpuid.o
 .bss           0x0000000000000000        0x0 ../system/platforms/arm-rpi3/getcpuid.o
 .text          0x0000000000000000        0x0 ../system/platforms/arm-rpi3/setupStack.o
 .data          0x0000000000000000        0x0 ../system/platforms/arm-rpi3/setupStack.o
 .bss           0x0000000000000000        0x0 ../system/platforms/arm-rpi3/setupStack.o
 .comment       0x0000000000000000       0x22 ../system/platforms/arm-rpi3/setupStack.o
 .text          0x0000000000000000        0x0 ../system/platforms/arm-rpi3/bcm2837_power.o
 .data          0x0000000000000000        0x0 ../system/platforms/arm-rpi3/bcm2837_power.o
 .text.bcm2837_setpower
                0x0000000000000000       0x8c ../system/platforms/arm-rpi3/bcm2837_power.o
 .comment       0x0000000000000000       0x22 ../system/platforms/arm-rpi3/bcm2837_power.o
 .text          0x0000000000000000        0x0 ../system/platforms/arm-rpi3/dispatch.o
 .data          0x0000000000000000        0x0 ../system/platforms/arm-rpi3/dispatch.o
 .bss           0x0000000000000000      0x12c ../system/platforms/arm-rpi3/dispatch.o
 .text.enable_irq
                0x0000000000000000       0x6c ../system/platforms/arm-rpi3/dispatch.o
 .text.disable_irq
                0x0000000000000000       0x6c ../system/platforms/arm-rpi3/dispatch.o
 .comment       0x0000000000000000       0x22 ../system/platforms/arm-rpi3/dispatch.o
 .text          0x0000000000000000        0x0 ../system/platforms/arm-rpi3/kexec.o
 .data          0x0000000000000000        0x0 ../system/platforms/arm-rpi3/kexec.o
 .bss           0x0000000000000000        0x0 ../system/platforms/arm-rpi3/kexec.o
 .text.kexec    0x0000000000000000       0x58 ../system/platforms/arm-rpi3/kexec.o
 .rodata        0x0000000000000000       0x18 ../system/platforms/arm-rpi3/kexec.o
 .comment       0x0000000000000000       0x22 ../system/platforms/arm-rpi3/kexec.o
 .ARM.attributes
                0x0000000000000000       0x38 ../system/platforms/arm-rpi3/kexec.o
 .text          0x0000000000000000        0x0 ../system/platforms/arm-rpi3/platforminit.o
 .bss           0x0000000000000000        0x0 ../system/platforms/arm-rpi3/platforminit.o
 .comment       0x0000000000000000       0x22 ../system/platforms/arm-rpi3/platforminit.o
 .text          0x0000000000000000        0x0 ../system/platforms/arm-rpi3/timer.o
 .data          0x0000000000000000        0x0 ../system/platforms/arm-rpi3/timer.o
 .bss           0x0000000000000000        0x0 ../system/platforms/arm-rpi3/timer.o
 .text.clkupdate
                0x0000000000000000       0x30 ../system/platforms/arm-rpi3/timer.o
 .comment       0x0000000000000000       0x22 ../system/platforms/arm-rpi3/timer.o
 .text          0x0000000000000000        0x0 ../system/platforms/arm-rpi3/usb_dwc_hcd.o
 .data          0x0000000000000000        0x0 ../system/platforms/arm-rpi3/usb_dwc_hcd.o
 .bss           0x0000000000000000     0x203c ../system/platforms/arm-rpi3/usb_dwc_hcd.o
 .text.dwc_get_host_port_ctrlstatus
                0x0000000000000000       0x14 ../system/platforms/arm-rpi3/usb_dwc_hcd.o
 .text.dwc_host_port_status_changed
                0x0000000000000000       0x38 ../system/platforms/arm-rpi3/usb_dwc_hcd.o
 .text.dwc_channel_start_transaction
                0x0000000000000000       0x8c ../system/platforms/arm-rpi3/usb_dwc_hcd.o
 .text.dwc_channel_start_xfer
                0x0000000000000000      0x2d8 ../system/platforms/arm-rpi3/usb_dwc_hcd.o
 .text.dwc_get_free_channel
                0x0000000000000000       0x44 ../system/platforms/arm-rpi3/usb_dwc_hcd.o
 .text.defer_xfer_thread
                0x0000000000000000       0xd0 ../system/platforms/arm-rpi3/usb_dwc_hcd.o
 .text.dwc_schedule_xfer_requests
                0x0000000000000000      0x390 ../system/platforms/arm-rpi3/usb_dwc_hcd.o
 .text.dwc_interrupt_handler
                0x0000000000000000      0x66c ../system/platforms/arm-rpi3/usb_dwc_hcd.o
 .text.hcd_start
                0x0000000000000000      0x134 ../system/platforms/arm-rpi3/usb_dwc_hcd.o
 .text.hcd_stop
                0x0000000000000000       0x4c ../system/platforms/arm-rpi3/usb_dwc_hcd.o
 .text.hcd_submit_xfer_request
                0x0000000000000000       0x20 ../system/platforms/arm-rpi3/usb_dwc_hcd.o
 .rodata        0x0000000000000000       0x67 ../system/platforms/arm-rpi3/usb_dwc_hcd.o
 .rodata.str1.1
                0x0000000000000000       0x1d ../system/platforms/arm-rpi3/usb_dwc_hcd.o
 .comment       0x0000000000000000       0x22 ../system/platforms/arm-rpi3/usb_dwc_hcd.o
 .ARM.attributes
                0x0000000000000000       0x38 ../system/platforms/arm-rpi3/usb_dwc_hcd.o
 .text          0x0000000000000000        0x0 ../system/platforms/arm-rpi3/watchdog.o
 .data          0x0000000000000000        0x0 ../system/platforms/arm-rpi3/watchdog.o
 .bss           0x0000000000000000        0x0 ../system/platforms/arm-rpi3/watchdog.o
 .text.watchdogset
                0x0000000000000000       0x34 ../system/platforms/arm-rpi3/watchdog.o
 .comment       0x0000000000000000       0x22 ../system/platforms/arm-rpi3/watchdog.o
 .ARM.attributes
                0x0000000000000000       0x38 ../system/platforms/arm-rpi3/watchdog.o
 .text          0x0000000000000000        0x0 ../system/initialize.o
 .data          0x0000000000000000        0x0 ../system/initialize.o
 .text.led_off  0x0000000000000000       0x14 ../system/initialize.o
 .comment       0x0000000000000000       0x22 ../system/initialize.o
 .text          0x0000000000000000        0x0 ../system/queue.o
 .data          0x0000000000000000        0x0 ../system/queue.o
 .comment       0x0000000000000000       0x22 ../system/queue.o
 .text          0x0000000000000000        0x0 ../system/main.o
 .data          0x0000000000000000        0x0 ../system/main.o
 .bss           0x0000000000000000        0x0 ../system/main.o
 .text.startup.main
                0x0000000000000000        0x8 ../system/main.o
 .comment       0x0000000000000000       0x22 ../system/main.o
 .text          0x0000000000000000        0x0 ../system/create.o
 .data          0x0000000000000000        0x0 ../system/create.o
 .comment       0x0000000000000000       0x22 ../system/create.o
 .text          0x0000000000000000        0x0 ../system/kill.o
 .data          0x0000000000000000        0x0 ../system/kill.o
 .bss           0x0000000000000000        0x0 ../system/kill.o
 .comment       0x0000000000000000       0x22 ../system/kill.o
 .text          0x0000000000000000        0x0 ../system/ready.o
 .data          0x0000000000000000        0x0 ../system/ready.o
 .bss           0x0000000000000000        0x0 ../system/ready.o
 .comment       0x0000000000000000       0x22 ../system/ready.o
 .text          0x0000000000000000        0x0 ../system/resched.o
 .data          0x0000000000000000        0x0 ../system/resched.o
 .comment       0x0000000000000000       0x22 ../system/resched.o
 .text          0x0000000000000000        0x0 ../system/resume.o
 .data          0x0000000000000000        0x0 ../system/resume.o
 .bss           0x0000000000000000        0x0 ../system/resume.o
 .text.resume   0x0000000000000000       0x68 ../system/resume.o
 .comment       0x0000000000000000       0x22 ../system/resume.o
 .ARM.attributes
                0x0000000000000000       0x38 ../system/resume.o
 .text          0x0000000000000000        0x0 ../system/suspend.o
 .data          0x0000000000000000        0x0 ../system/suspend.o
 .bss           0x0000000000000000        0x0 ../system/suspend.o
 .text.suspend  0x0000000000000000       0x94 ../system/suspend.o
 .comment       0x0000000000000000       0x22 ../system/suspend.o
 .ARM.attributes
                0x0000000000000000       0x38 ../system/suspend.o
 .text          0x0000000000000000        0x0 ../system/getitem.o
 .data          0x0000000000000000        0x0 ../system/getitem.o
 .bss           0x0000000000000000        0x0 ../system/getitem.o
 .text.getlast  0x0000000000000000       0x4c ../system/getitem.o
 .comment       0x0000000000000000       0x22 ../system/getitem.o
 .text          0x0000000000000000        0x0 ../system/queinit.o
 .bss           0x0000000000000000        0x0 ../system/queinit.o
 .comment       0x0000000000000000       0x22 ../system/queinit.o
 .text          0x0000000000000000        0x0 ../system/insert.o
 .data          0x0000000000000000        0x0 ../system/insert.o
 .bss           0x0000000000000000        0x0 ../system/insert.o
 .comment       0x0000000000000000       0x22 ../system/insert.o
 .text          0x0000000000000000        0x0 ../system/gettid.o
 .data          0x0000000000000000        0x0 ../system/gettid.o
 .bss           0x0000000000000000        0x0 ../system/gettid.o
 .comment       0x0000000000000000       0x22 ../system/gettid.o
 .text          0x0000000000000000        0x0 ../system/xdone.o
 .data          0x0000000000000000        0x0 ../system/xdone.o
 .bss           0x0000000000000000        0x0 ../system/xdone.o
 .comment       0x0000000000000000       0x22 ../system/xdone.o
 .text          0x0000000000000000        0x0 ../system/yield.o
 .data          0x0000000000000000        0x0 ../system/yield.o
 .bss           0x0000000000000000        0x0 ../system/yield.o
 .text.yield    0x0000000000000000       0x20 ../system/yield.o
 .comment       0x0000000000000000       0x22 ../system/yield.o
 .ARM.attributes
                0x0000000000000000       0x38 ../system/yield.o
 .text          0x0000000000000000        0x0 ../system/userret.o
 .data          0x0000000000000000        0x0 ../system/userret.o
 .bss           0x0000000000000000        0x0 ../system/userret.o
 .comment       0x0000000000000000       0x22 ../system/userret.o
 .text          0x0000000000000000        0x0 ../system/unsleep.o
 .data          0x0000000000000000        0x0 ../system/unsleep.o
 .bss           0x0000000000000000        0x0 ../system/unsleep.o
 .comment       0x0000000000000000       0x22 ../system/unsleep.o
 .text          0x0000000000000000        0x0 ../system/wakeup.o
 .data          0x0000000000000000        0x0 ../system/wakeup.o
 .bss           0x0000000000000000        0x0 ../system/wakeup.o
 .text.wakeup   0x0000000000000000       0x54 ../system/wakeup.o
 .comment       0x0000000000000000       0x22 ../system/wakeup.o
 .ARM.attributes
                0x0000000000000000       0x38 ../system/wakeup.o
 .text          0x0000000000000000        0x0 ../system/udelay.o
 .data          0x0000000000000000        0x0 ../system/udelay.o
 .bss           0x0000000000000000        0x0 ../system/udelay.o
 .comment       0x0000000000000000       0x22 ../system/udelay.o
 .text          0x0000000000000000        0x0 ../system/signal.o
 .data          0x0000000000000000        0x0 ../system/signal.o
 .bss           0x0000000000000000        0x0 ../system/signal.o
 .text.signal   0x0000000000000000       0x7c ../system/signal.o
 .comment       0x0000000000000000       0x22 ../system/signal.o
 .ARM.attributes
                0x0000000000000000       0x38 ../system/signal.o
 .text          0x0000000000000000        0x0 ../system/signaln.o
 .data          0x0000000000000000        0x0 ../system/signaln.o
 .bss           0x0000000000000000        0x0 ../system/signaln.o
 .comment       0x0000000000000000       0x22 ../system/signaln.o
 .text          0x0000000000000000        0x0 ../system/wait.o
 .data          0x0000000000000000        0x0 ../system/wait.o
 .bss           0x0000000000000000        0x0 ../system/wait.o
 .comment       0x0000000000000000       0x22 ../system/wait.o
 .text          0x0000000000000000        0x0 ../system/memget.o
 .data          0x0000000000000000        0x0 ../system/memget.o
 .bss           0x0000000000000000        0x0 ../system/memget.o
 .text.memget   0x0000000000000000       0x98 ../system/memget.o
 .comment       0x0000000000000000       0x22 ../system/memget.o
 .ARM.attributes
                0x0000000000000000       0x38 ../system/memget.o
 .text          0x0000000000000000        0x0 ../system/memfree.o
 .data          0x0000000000000000        0x0 ../system/memfree.o
 .bss           0x0000000000000000        0x0 ../system/memfree.o
 .comment       0x0000000000000000       0x22 ../system/memfree.o
 .text          0x0000000000000000        0x0 ../system/stkget.o
 .data          0x0000000000000000        0x0 ../system/stkget.o
 .bss           0x0000000000000000        0x0 ../system/stkget.o
 .comment       0x0000000000000000       0x22 ../system/stkget.o
 .text          0x0000000000000000        0x0 ../system/send.o
 .data          0x0000000000000000        0x0 ../system/send.o
 .bss           0x0000000000000000        0x0 ../system/send.o
 .comment       0x0000000000000000       0x22 ../system/send.o
 .text          0x0000000000000000        0x0 ../system/ioerr.o
 .data          0x0000000000000000        0x0 ../system/ioerr.o
 .bss           0x0000000000000000        0x0 ../system/ioerr.o
 .comment       0x0000000000000000       0x22 ../system/ioerr.o
 .text          0x0000000000000000        0x0 ../system/ionull.o
 .data          0x0000000000000000        0x0 ../system/ionull.o
 .bss           0x0000000000000000        0x0 ../system/ionull.o
 .comment       0x0000000000000000       0x22 ../system/ionull.o
 .text          0x0000000000000000        0x0 ../system/read.o
 .data          0x0000000000000000        0x0 ../system/read.o
 .bss           0x0000000000000000        0x0 ../system/read.o
 .text.read     0x0000000000000000       0x28 ../system/read.o
 .comment       0x0000000000000000       0x22 ../system/read.o
 .ARM.attributes
                0x0000000000000000       0x38 ../system/read.o
 .text          0x0000000000000000        0x0 ../system/putc.o
 .data          0x0000000000000000        0x0 ../system/putc.o
 .bss           0x0000000000000000        0x0 ../system/putc.o
 .text.putc     0x0000000000000000       0x28 ../system/putc.o
 .comment       0x0000000000000000       0x22 ../system/putc.o
 .ARM.attributes
                0x0000000000000000       0x38 ../system/putc.o
 .text          0x0000000000000000        0x0 ../system/seek.o
 .data          0x0000000000000000        0x0 ../system/seek.o
 .bss           0x0000000000000000        0x0 ../system/seek.o
 .text.seek     0x0000000000000000       0x28 ../system/seek.o
 .comment       0x0000000000000000       0x22 ../system/seek.o
 .ARM.attributes
                0x0000000000000000       0x38 ../system/seek.o
 .text          0x0000000000000000        0x0 ../system/write.o
 .data          0x0000000000000000        0x0 ../system/write.o
 .bss           0x0000000000000000        0x0 ../system/write.o
 .text.write    0x0000000000000000       0x28 ../system/write.o
 .comment       0x0000000000000000       0x22 ../system/write.o
 .ARM.attributes
                0x0000000000000000       0x38 ../system/write.o
 .text          0x0000000000000000        0x0 ../system/getdev.o
 .data          0x0000000000000000        0x0 ../system/getdev.o
 .bss           0x0000000000000000        0x0 ../system/getdev.o
 .text.getdev   0x0000000000000000       0x4c ../system/getdev.o
 .comment       0x0000000000000000       0x22 ../system/getdev.o
 .ARM.attributes
                0x0000000000000000       0x38 ../system/getdev.o
 .text          0x0000000000000000        0x0 ../system/open.o
 .data          0x0000000000000000        0x0 ../system/open.o
 .bss           0x0000000000000000        0x0 ../system/open.o
 .text.open     0x0000000000000000       0x48 ../system/open.o
 .comment       0x0000000000000000       0x22 ../system/open.o
 .ARM.attributes
                0x0000000000000000       0x38 ../system/open.o
 .text          0x0000000000000000        0x0 ../device/uart-pl011/kgetc.o
 .data          0x0000000000000000        0x0 ../device/uart-pl011/kgetc.o
 .bss           0x0000000000000000        0x0 ../device/uart-pl011/kgetc.o
 .text.kgetc    0x0000000000000000       0x50 ../device/uart-pl011/kgetc.o
 .comment       0x0000000000000000       0x22 ../device/uart-pl011/kgetc.o
 .ARM.attributes
                0x0000000000000000       0x38 ../device/uart-pl011/kgetc.o
 .text          0x0000000000000000        0x0 ../device/uart-pl011/kputc.o
 .data          0x0000000000000000        0x0 ../device/uart-pl011/kputc.o
 .bss           0x0000000000000000        0x0 ../device/uart-pl011/kputc.o
 .comment       0x0000000000000000       0x22 ../device/uart-pl011/kputc.o
 .text          0x0000000000000000        0x0 ../device/uart-pl011/../uart/uartControl.o
 .data          0x0000000000000000        0x0 ../device/uart-pl011/../uart/uartControl.o
 .bss           0x0000000000000000        0x0 ../device/uart-pl011/../uart/uartControl.o
 .comment       0x0000000000000000       0x22 ../device/uart-pl011/../uart/uartControl.o
 .text          0x0000000000000000        0x0 ../device/uart-pl011/../uart/uartGetc.o
 .data          0x0000000000000000        0x0 ../device/uart-pl011/../uart/uartGetc.o
 .bss           0x0000000000000000        0x0 ../device/uart-pl011/../uart/uartGetc.o
 .comment       0x0000000000000000       0x22 ../device/uart-pl011/../uart/uartGetc.o
 .text          0x0000000000000000        0x0 ../device/uart-pl011/uartHwInit.o
 .data          0x0000000000000000        0x0 ../device/uart-pl011/uartHwInit.o
 .bss           0x0000000000000000        0x0 ../device/uart-pl011/uartHwInit.o
 .comment       0x0000000000000000       0x22 ../device/uart-pl011/uartHwInit.o
 .text          0x0000000000000000        0x0 ../device/uart-pl011/uartHwPutc.o
 .data          0x0000000000000000        0x0 ../device/uart-pl011/uartHwPutc.o
 .bss           0x0000000000000000        0x0 ../device/uart-pl011/uartHwPutc.o
 .comment       0x0000000000000000       0x22 ../device/uart-pl011/uartHwPutc.o
 .text          0x0000000000000000        0x0 ../device/uart-pl011/uartHwStat.o
 .data          0x0000000000000000        0x0 ../device/uart-pl011/uartHwStat.o
 .bss           0x0000000000000000        0x0 ../device/uart-pl011/uartHwStat.o
 .text.uartHwStat
                0x0000000000000000       0x5c ../device/uart-pl011/uartHwStat.o
 .rodata        0x0000000000000000        0x8 ../device/uart-pl011/uartHwStat.o
 .rodata.str1.1
                0x0000000000000000       0x91 ../device/uart-pl011/uartHwStat.o
 .comment       0x0000000000000000       0x22 ../device/uart-pl011/uartHwStat.o
 .ARM.attributes
                0x0000000000000000       0x38 ../device/uart-pl011/uartHwStat.o
 .text          0x0000000000000000        0x0 ../device/uart-pl011/../uart/uartInit.o
 .data          0x0000000000000000        0x0 ../device/uart-pl011/../uart/uartInit.o
 .comment       0x0000000000000000       0x22 ../device/uart-pl011/../uart/uartInit.o
 .text          0x0000000000000000        0x0 ../device/uart-pl011/uartInterrupt.o
 .data          0x0000000000000000        0x0 ../device/uart-pl011/uartInterrupt.o
 .bss           0x0000000000000000        0x0 ../device/uart-pl011/uartInterrupt.o
 .comment       0x0000000000000000       0x22 ../device/uart-pl011/uartInterrupt.o
 .text          0x0000000000000000        0x0 ../device/uart-pl011/../uart/uartPutc.o
 .data          0x0000000000000000        0x0 ../device/uart-pl011/../uart/uartPutc.o
 .bss           0x0000000000000000        0x0 ../device/uart-pl011/../uart/uartPutc.o
 .comment       0x0000000000000000       0x22 ../device/uart-pl011/../uart/uartPutc.o
 .text          0x0000000000000000        0x0 ../device/uart-pl011/../uart/uartRead.o
 .data          0x0000000000000000        0x0 ../device/uart-pl011/../uart/uartRead.o
 .bss           0x0000000000000000        0x0 ../device/uart-pl011/../uart/uartRead.o
 .comment       0x0000000000000000       0x22 ../device/uart-pl011/../uart/uartRead.o
 .text          0x0000000000000000        0x0 ../device/uart-pl011/../uart/uartWrite.o
 .data          0x0000000000000000        0x0 ../device/uart-pl011/../uart/uartWrite.o
 .bss           0x0000000000000000        0x0 ../device/uart-pl011/../uart/uartWrite.o
 .comment       0x0000000000000000       0x22 ../device/uart-pl011/../uart/uartWrite.o
 .text          0x0000000000000000        0x0 ../device/uart-pl011/../uart/uartStat.o
 .data          0x0000000000000000        0x0 ../device/uart-pl011/../uart/uartStat.o
 .bss           0x0000000000000000        0x0 ../device/uart-pl011/../uart/uartStat.o
 .text.uartStat
                0x0000000000000000       0xcc ../device/uart-pl011/../uart/uartStat.o
 .rodata.str1.1
                0x0000000000000000       0xd2 ../device/uart-pl011/../uart/uartStat.o
 .comment       0x0000000000000000       0x22 ../device/uart-pl011/../uart/uartStat.o
 .ARM.attributes
                0x0000000000000000       0x38 ../device/uart-pl011/../uart/uartStat.o
 .text          0x0000000000000000        0x0 ../device/uart-pl011/../uart/kprintf.o
 .data          0x0000000000000000        0x0 ../device/uart-pl011/../uart/kprintf.o
 .bss           0x0000000000000000        0x0 ../device/uart-pl011/../uart/kprintf.o
 .comment       0x0000000000000000       0x22 ../device/uart-pl011/../uart/kprintf.o
 .text          0x0000000000000000        0x0 ../device/uart-pl011/../uart/kvprintf.o
 .data          0x0000000000000000        0x0 ../device/uart-pl011/../uart/kvprintf.o
 .bss           0x0000000000000000        0x0 ../device/uart-pl011/../uart/kvprintf.o
 .comment       0x0000000000000000       0x22 ../device/uart-pl011/../uart/kvprintf.o
 .text          0x0000000000000000        0x0 ../device/tty/ttyControl.o
 .data          0x0000000000000000        0x0 ../device/tty/ttyControl.o
 .bss           0x0000000000000000        0x0 ../device/tty/ttyControl.o
 .comment       0x0000000000000000       0x22 ../device/tty/ttyControl.o
 .text          0x0000000000000000        0x0 ../device/tty/ttyOpen.o
 .data          0x0000000000000000        0x0 ../device/tty/ttyOpen.o
 .bss           0x0000000000000000        0x0 ../device/tty/ttyOpen.o
 .comment       0x0000000000000000       0x22 ../device/tty/ttyOpen.o
 .text          0x0000000000000000        0x0 ../device/tty/ttyRead.o
 .data          0x0000000000000000        0x0 ../device/tty/ttyRead.o
 .bss           0x0000000000000000        0x0 ../device/tty/ttyRead.o
 .comment       0x0000000000000000       0x22 ../device/tty/ttyRead.o
 .text          0x0000000000000000        0x0 ../device/tty/ttyClose.o
 .data          0x0000000000000000        0x0 ../device/tty/ttyClose.o
 .bss           0x0000000000000000        0x0 ../device/tty/ttyClose.o
 .comment       0x0000000000000000       0x22 ../device/tty/ttyClose.o
 .text          0x0000000000000000        0x0 ../device/tty/ttyGetc.o
 .data          0x0000000000000000        0x0 ../device/tty/ttyGetc.o
 .bss           0x0000000000000000        0x0 ../device/tty/ttyGetc.o
 .comment       0x0000000000000000       0x22 ../device/tty/ttyGetc.o
 .text          0x0000000000000000        0x0 ../device/tty/ttyInit.o
 .data          0x0000000000000000        0x0 ../device/tty/ttyInit.o
 .comment       0x0000000000000000       0x22 ../device/tty/ttyInit.o
 .text          0x0000000000000000        0x0 ../device/tty/ttyPutc.o
 .data          0x0000000000000000        0x0 ../device/tty/ttyPutc.o
 .bss           0x0000000000000000        0x0 ../device/tty/ttyPutc.o
 .comment       0x0000000000000000       0x22 ../device/tty/ttyPutc.o
 .text          0x0000000000000000        0x0 ../device/tty/ttyWrite.o
 .data          0x0000000000000000        0x0 ../device/tty/ttyWrite.o
 .bss           0x0000000000000000        0x0 ../device/tty/ttyWrite.o
 .comment       0x0000000000000000       0x22 ../device/tty/ttyWrite.o
 .text          0x0000000000000000        0x0 ../test/testhelper.o
 .data          0x0000000000000000      0x10c ../test/testhelper.o
 .bss           0x0000000000000000        0x0 ../test/testhelper.o
 .text.testPass
                0x0000000000000000       0x14 ../test/testhelper.o
 .text.testFail
                0x0000000000000000       0x14 ../test/testhelper.o
 .text.testSkip
                0x0000000000000000       0x14 ../test/testhelper.o
 .text.testPrint
                0x0000000000000000       0x14 ../test/testhelper.o
 .rodata.str1.1
                0x0000000000000000      0x226 ../test/testhelper.o
 .comment       0x0000000000000000       0x22 ../test/testhelper.o
 .ARM.attributes
                0x0000000000000000       0x38 ../test/testhelper.o
 .text          0x0000000000000000        0x0 ../test/test_arp.o
 .data          0x0000000000000000        0x0 ../test/test_arp.o
 .bss           0x0000000000000000        0x0 ../test/test_arp.o
 .text.test_arp
                0x0000000000000000       0x1c ../test/test_arp.o
 .rodata.str1.1
                0x0000000000000000        0x1 ../test/test_arp.o
 .comment       0x0000000000000000       0x22 ../test/test_arp.o
 .ARM.attributes
                0x0000000000000000       0x38 ../test/test_arp.o
 .text          0x0000000000000000        0x0 ../test/test_mailbox.o
 .data          0x0000000000000000        0x0 ../test/test_mailbox.o
 .bss           0x0000000000000000        0x0 ../test/test_mailbox.o
 .text.producer
                0x0000000000000000       0x2c ../test/test_mailbox.o
 .text.consumer
                0x0000000000000000       0x24 ../test/test_mailbox.o
 .text.test_mailbox
                0x0000000000000000      0x478 ../test/test_mailbox.o
 .rodata.str1.1
                0x0000000000000000      0x246 ../test/test_mailbox.o
 .comment       0x0000000000000000       0x22 ../test/test_mailbox.o
 .ARM.attributes
                0x0000000000000000       0x38 ../test/test_mailbox.o
 .text          0x0000000000000000        0x0 ../test/test_semaphore3.o
 .data          0x0000000000000000        0x0 ../test/test_semaphore3.o
 .bss           0x0000000000000000        0x0 ../test/test_semaphore3.o
 .text.test_semaphore3
                0x0000000000000000      0x224 ../test/test_semaphore3.o
 .rodata.str1.1
                0x0000000000000000       0x60 ../test/test_semaphore3.o
 .comment       0x0000000000000000       0x22 ../test/test_semaphore3.o
 .ARM.attributes
                0x0000000000000000       0x38 ../test/test_semaphore3.o
 .text          0x0000000000000000        0x0 ../test/test_bigargs.o
 .data          0x0000000000000000        0x0 ../test/test_bigargs.o
 .bss           0x0000000000000000        0x0 ../test/test_bigargs.o
 .text.bigargs  0x0000000000000000       0x44 ../test/test_bigargs.o
 .text.test_bigargs
                0x0000000000000000       0xe0 ../test/test_bigargs.o
 .rodata.str1.1
                0x0000000000000000        0x9 ../test/test_bigargs.o
 .comment       0x0000000000000000       0x22 ../test/test_bigargs.o
 .ARM.attributes
                0x0000000000000000       0x38 ../test/test_bigargs.o
 .text          0x0000000000000000        0x0 ../test/test_memory.o
 .data          0x0000000000000000        0x0 ../test/test_memory.o
 .bss           0x0000000000000000        0x0 ../test/test_memory.o
 .text.list_check
                0x0000000000000000       0x3c ../test/test_memory.o
 .text.test_memory
                0x0000000000000000      0x1c0 ../test/test_memory.o
 .rodata.str1.1
                0x0000000000000000       0xb9 ../test/test_memory.o
 .comment       0x0000000000000000       0x22 ../test/test_memory.o
 .ARM.attributes
                0x0000000000000000       0x38 ../test/test_memory.o
 .text          0x0000000000000000        0x0 ../test/test_semaphore4.o
 .data          0x0000000000000000        0x0 ../test/test_semaphore4.o
 .bss           0x0000000000000000        0x0 ../test/test_semaphore4.o
 .text.test_semaphore4
                0x0000000000000000      0x1d4 ../test/test_semaphore4.o
 .rodata.str1.1
                0x0000000000000000       0x50 ../test/test_semaphore4.o
 .comment       0x0000000000000000       0x22 ../test/test_semaphore4.o
 .ARM.attributes
                0x0000000000000000       0x38 ../test/test_semaphore4.o
 .text          0x0000000000000000        0x0 ../test/test_bufpool.o
 .data          0x0000000000000000        0x0 ../test/test_bufpool.o
 .bss           0x0000000000000000        0x0 ../test/test_bufpool.o
 .text.test_bufpool
                0x0000000000000000      0x278 ../test/test_bufpool.o
 .rodata.str1.1
                0x0000000000000000      0x176 ../test/test_bufpool.o
 .comment       0x0000000000000000       0x22 ../test/test_bufpool.o
 .ARM.attributes
                0x0000000000000000       0x38 ../test/test_bufpool.o
 .text          0x0000000000000000        0x0 ../test/test_messagePass.o
 .data          0x0000000000000000        0x0 ../test/test_messagePass.o
 .bss           0x0000000000000000        0x0 ../test/test_messagePass.o
 .text.recvthread
                0x0000000000000000       0x50 ../test/test_messagePass.o
 .text.test_messagePass
                0x0000000000000000      0x25c ../test/test_messagePass.o
 .rodata.str1.1
                0x0000000000000000      0x14f ../test/test_messagePass.o
 .comment       0x0000000000000000       0x22 ../test/test_messagePass.o
 .ARM.attributes
                0x0000000000000000       0x38 ../test/test_messagePass.o
 .text          0x0000000000000000        0x0 ../test/test_semaphore.o
 .data          0x0000000000000000        0x0 ../test/test_semaphore.o
 .bss           0x0000000000000000        0x0 ../test/test_semaphore.o
 .text.test_semWaiter
                0x0000000000000000       0x38 ../test/test_semaphore.o
 .text.test_checkSemCount
                0x0000000000000000       0x8c ../test/test_semaphore.o
 .text.test_checkProcState
                0x0000000000000000       0x60 ../test/test_semaphore.o
 .text.test_checkResult
                0x0000000000000000       0x4c ../test/test_semaphore.o
 .text.test_semaphore
                0x0000000000000000      0x2d8 ../test/test_semaphore.o
 .rodata.str1.1
                0x0000000000000000       0xf9 ../test/test_semaphore.o
 .comment       0x0000000000000000       0x22 ../test/test_semaphore.o
 .ARM.attributes
                0x0000000000000000       0x38 ../test/test_semaphore.o
 .text          0x0000000000000000        0x0 ../test/test_deltaQueue.o
 .data          0x0000000000000000        0x0 ../test/test_deltaQueue.o
 .bss           0x0000000000000000        0x0 ../test/test_deltaQueue.o
 .text.test_deltaQueue
                0x0000000000000000      0x3e8 ../test/test_deltaQueue.o
 .rodata.str1.1
                0x0000000000000000       0x60 ../test/test_deltaQueue.o
 .comment       0x0000000000000000       0x22 ../test/test_deltaQueue.o
 .ARM.attributes
                0x0000000000000000       0x38 ../test/test_deltaQueue.o
 .text          0x0000000000000000        0x0 ../test/test_netaddr.o
 .data          0x0000000000000000        0x0 ../test/test_netaddr.o
 .bss           0x0000000000000000        0x0 ../test/test_netaddr.o
 .text.test_netaddr
                0x0000000000000000       0x1c ../test/test_netaddr.o
 .rodata.str1.1
                0x0000000000000000        0x1 ../test/test_netaddr.o
 .comment       0x0000000000000000       0x22 ../test/test_netaddr.o
 .ARM.attributes
                0x0000000000000000       0x38 ../test/test_netaddr.o
 .text          0x0000000000000000        0x0 ../test/test_snoop.o
 .data          0x0000000000000000        0x0 ../test/test_snoop.o
 .bss           0x0000000000000000        0x0 ../test/test_snoop.o
 .text.test_snoop
                0x0000000000000000       0x1c ../test/test_snoop.o
 .rodata.str1.1
                0x0000000000000000        0x1 ../test/test_snoop.o
 .comment       0x0000000000000000       0x22 ../test/test_snoop.o
 .ARM.attributes
                0x0000000000000000       0x38 ../test/test_snoop.o
 .text          0x0000000000000000        0x0 ../test/test_ether.o
 .data          0x0000000000000000        0x0 ../test/test_ether.o
 .bss           0x0000000000000000        0x0 ../test/test_ether.o
 .text.test_ether
                0x0000000000000000       0x1c ../test/test_ether.o
 .rodata.str1.1
                0x0000000000000000        0x1 ../test/test_ether.o
 .comment       0x0000000000000000       0x22 ../test/test_ether.o
 .ARM.attributes
                0x0000000000000000       0x38 ../test/test_ether.o
 .text          0x0000000000000000        0x0 ../test/test_netif.o
 .data          0x0000000000000000        0x0 ../test/test_netif.o
 .bss           0x0000000000000000        0x0 ../test/test_netif.o
 .text.test_netif
                0x0000000000000000       0x1c ../test/test_netif.o
 .rodata.str1.1
                0x0000000000000000        0x1 ../test/test_netif.o
 .comment       0x0000000000000000       0x22 ../test/test_netif.o
 .ARM.attributes
                0x0000000000000000       0x38 ../test/test_netif.o
 .text          0x0000000000000000        0x0 ../test/test_ethloop.o
 .data          0x0000000000000000        0x0 ../test/test_ethloop.o
 .bss           0x0000000000000000        0x0 ../test/test_ethloop.o
 .text.test_ethloop
                0x0000000000000000       0x1c ../test/test_ethloop.o
 .rodata.str1.1
                0x0000000000000000        0x1 ../test/test_ethloop.o
 .comment       0x0000000000000000       0x22 ../test/test_ethloop.o
 .ARM.attributes
                0x0000000000000000       0x38 ../test/test_ethloop.o
 .text          0x0000000000000000        0x0 ../test/test_nvram.o
 .data          0x0000000000000000        0x0 ../test/test_nvram.o
 .bss           0x0000000000000000        0x0 ../test/test_nvram.o
 .text.test_nvram
                0x0000000000000000       0x1c ../test/test_nvram.o
 .rodata.str1.1
                0x0000000000000000        0x1 ../test/test_nvram.o
 .comment       0x0000000000000000       0x22 ../test/test_nvram.o
 .ARM.attributes
                0x0000000000000000       0x38 ../test/test_nvram.o
 .text          0x0000000000000000        0x0 ../test/test_system.o
 .data          0x0000000000000000        0x0 ../test/test_system.o
 .bss           0x0000000000000000        0x0 ../test/test_system.o
 .text.test_system
                0x0000000000000000      0x220 ../test/test_system.o
 .rodata.str1.1
                0x0000000000000000       0xe4 ../test/test_system.o
 .comment       0x0000000000000000       0x22 ../test/test_system.o
 .ARM.attributes
                0x0000000000000000       0x38 ../test/test_system.o
 .text          0x0000000000000000        0x0 ../test/test_ip.o
 .data          0x0000000000000000        0x0 ../test/test_ip.o
 .bss           0x0000000000000000        0x0 ../test/test_ip.o
 .text.test_ip  0x0000000000000000       0x1c ../test/test_ip.o
 .rodata.str1.1
                0x0000000000000000        0x1 ../test/test_ip.o
 .comment       0x0000000000000000       0x22 ../test/test_ip.o
 .ARM.attributes
                0x0000000000000000       0x38 ../test/test_ip.o
 .text          0x0000000000000000        0x0 ../test/test_preempt.o
 .data          0x0000000000000000        0x0 ../test/test_preempt.o
 .bss           0x0000000000000000        0x0 ../test/test_preempt.o
 .text.spin     0x0000000000000000       0x24 ../test/test_preempt.o
 .text.test_preempt
                0x0000000000000000       0x74 ../test/test_preempt.o
 .rodata.str1.1
                0x0000000000000000        0xb ../test/test_preempt.o
 .comment       0x0000000000000000       0x22 ../test/test_preempt.o
 .ARM.attributes
                0x0000000000000000       0x38 ../test/test_preempt.o
 .text          0x0000000000000000        0x0 ../test/test_tlb.o
 .data          0x0000000000000000        0x0 ../test/test_tlb.o
 .bss           0x0000000000000000        0x0 ../test/test_tlb.o
 .text.test_tlb
                0x0000000000000000       0x1c ../test/test_tlb.o
 .rodata.str1.1
                0x0000000000000000        0x1 ../test/test_tlb.o
 .comment       0x0000000000000000       0x22 ../test/test_tlb.o
 .ARM.attributes
                0x0000000000000000       0x38 ../test/test_tlb.o
 .text          0x0000000000000000        0x0 ../test/test_libCtype.o
 .data          0x0000000000000000        0x0 ../test/test_libCtype.o
 .bss           0x0000000000000000        0x0 ../test/test_libCtype.o
 .text.test_libCtype
                0x0000000000000000      0x33c ../test/test_libCtype.o
 .rodata.str1.1
                0x0000000000000000      0x11f ../test/test_libCtype.o
 .comment       0x0000000000000000       0x22 ../test/test_libCtype.o
 .ARM.attributes
                0x0000000000000000       0x38 ../test/test_libCtype.o
 .text          0x0000000000000000        0x0 ../test/test_procQueue.o
 .data          0x0000000000000000        0x0 ../test/test_procQueue.o
 .bss           0x0000000000000000        0x0 ../test/test_procQueue.o
 .text.test_procQueue
                0x0000000000000000      0x4f4 ../test/test_procQueue.o
 .rodata.str1.1
                0x0000000000000000       0xc2 ../test/test_procQueue.o
 .comment       0x0000000000000000       0x22 ../test/test_procQueue.o
 .ARM.attributes
                0x0000000000000000       0x38 ../test/test_procQueue.o
 .text          0x0000000000000000        0x0 ../test/test_ttydriver.o
 .data          0x0000000000000000        0x0 ../test/test_ttydriver.o
 .bss           0x0000000000000000        0x0 ../test/test_ttydriver.o
 .text.test_ttydriver
                0x0000000000000000       0x1c ../test/test_ttydriver.o
 .rodata.str1.1
                0x0000000000000000        0x1 ../test/test_ttydriver.o
 .comment       0x0000000000000000       0x22 ../test/test_ttydriver.o
 .ARM.attributes
                0x0000000000000000       0x38 ../test/test_ttydriver.o
 .text          0x0000000000000000        0x0 ../test/test_libLimits.o
 .data          0x0000000000000000        0x0 ../test/test_libLimits.o
 .bss           0x0000000000000000        0x0 ../test/test_libLimits.o
 .text.test_libLimits
                0x0000000000000000      0x1a8 ../test/test_libLimits.o
 .rodata.str1.1
                0x0000000000000000      0x167 ../test/test_libLimits.o
 .comment       0x0000000000000000       0x22 ../test/test_libLimits.o
 .ARM.attributes
                0x0000000000000000       0x38 ../test/test_libLimits.o
 .text          0x0000000000000000        0x0 ../test/test_raw.o
 .data          0x0000000000000000        0x0 ../test/test_raw.o
 .bss           0x0000000000000000        0x0 ../test/test_raw.o
 .text.test_raw
                0x0000000000000000       0x1c ../test/test_raw.o
 .rodata.str1.1
                0x0000000000000000        0x1 ../test/test_raw.o
 .comment       0x0000000000000000       0x22 ../test/test_raw.o
 .ARM.attributes
                0x0000000000000000       0x38 ../test/test_raw.o
 .text          0x0000000000000000        0x0 ../test/test_udp.o
 .data          0x0000000000000000        0x0 ../test/test_udp.o
 .bss           0x0000000000000000        0x0 ../test/test_udp.o
 .text.test_udp
                0x0000000000000000       0x1c ../test/test_udp.o
 .rodata.str1.1
                0x0000000000000000        0x1 ../test/test_udp.o
 .comment       0x0000000000000000       0x22 ../test/test_udp.o
 .ARM.attributes
                0x0000000000000000       0x38 ../test/test_udp.o
 .text          0x0000000000000000        0x0 ../test/test_libStdio.o
 .data          0x0000000000000000        0x0 ../test/test_libStdio.o
 .bss           0x0000000000000000        0x0 ../test/test_libStdio.o
 .text.test_libStdio
                0x0000000000000000       0x1c ../test/test_libStdio.o
 .rodata.str1.1
                0x0000000000000000        0x1 ../test/test_libStdio.o
 .comment       0x0000000000000000       0x22 ../test/test_libStdio.o
 .ARM.attributes
                0x0000000000000000       0x38 ../test/test_libStdio.o
 .text          0x0000000000000000        0x0 ../test/test_recursion.o
 .data          0x0000000000000000        0x0 ../test/test_recursion.o
 .bss           0x0000000000000000        0x4 ../test/test_recursion.o
 .text.t5       0x0000000000000000       0x78 ../test/test_recursion.o
 .text.test_recursion
                0x0000000000000000      0x28c ../test/test_recursion.o
 .rodata.str1.1
                0x0000000000000000       0xb3 ../test/test_recursion.o
 .comment       0x0000000000000000       0x22 ../test/test_recursion.o
 .ARM.attributes
                0x0000000000000000       0x38 ../test/test_recursion.o
 .text          0x0000000000000000        0x0 ../test/test_umemory.o
 .data          0x0000000000000000        0x0 ../test/test_umemory.o
 .bss           0x0000000000000000        0x0 ../test/test_umemory.o
 .text.list_check
                0x0000000000000000       0x54 ../test/test_umemory.o
 .text.test_umemory
                0x0000000000000000      0x1f4 ../test/test_umemory.o
 .rodata.str1.1
                0x0000000000000000       0xe8 ../test/test_umemory.o
 .comment       0x0000000000000000       0x22 ../test/test_umemory.o
 .ARM.attributes
                0x0000000000000000       0x38 ../test/test_umemory.o
 .text          0x0000000000000000        0x0 ../test/test_libStdlib.o
 .data          0x0000000000000000        0x0 ../test/test_libStdlib.o
 .bss           0x0000000000000000        0x0 ../test/test_libStdlib.o
 .text.qsort_callback
                0x0000000000000000       0x24 ../test/test_libStdlib.o
 .text.cmp_uints
                0x0000000000000000       0x24 ../test/test_libStdlib.o
 .text.test_libStdlib
                0x0000000000000000      0x558 ../test/test_libStdlib.o
 .rodata.str1.1
                0x0000000000000000      0x137 ../test/test_libStdlib.o
 .comment       0x0000000000000000       0x22 ../test/test_libStdlib.o
 .ARM.attributes
                0x0000000000000000       0x38 ../test/test_libStdlib.o
 .text          0x0000000000000000        0x0 ../test/test_schedule.o
 .data          0x0000000000000000        0x0 ../test/test_schedule.o
 .bss           0x0000000000000000        0x0 ../test/test_schedule.o
 .text.t4       0x0000000000000000       0x50 ../test/test_schedule.o
 .text.test_schedule
                0x0000000000000000      0x1d0 ../test/test_schedule.o
 .rodata.str1.1
                0x0000000000000000       0x53 ../test/test_schedule.o
 .comment       0x0000000000000000       0x22 ../test/test_schedule.o
 .ARM.attributes
                0x0000000000000000       0x38 ../test/test_schedule.o
 .text          0x0000000000000000        0x0 ../test/test_libString.o
 .data          0x0000000000000000        0x0 ../test/test_libString.o
 .bss           0x0000000000000000        0x0 ../test/test_libString.o
 .text.test_libString
                0x0000000000000000      0x904 ../test/test_libString.o
 .rodata        0x0000000000000000        0x7 ../test/test_libString.o
 .rodata.str1.1
                0x0000000000000000      0x251 ../test/test_libString.o
 .comment       0x0000000000000000       0x22 ../test/test_libString.o
 .ARM.attributes
                0x0000000000000000       0x38 ../test/test_libString.o
 .text          0x0000000000000000        0x0 ../test/test_semaphore2.o
 .data          0x0000000000000000        0x0 ../test/test_semaphore2.o
 .bss           0x0000000000000000        0x0 ../test/test_semaphore2.o
 .text.test_semaphore2
                0x0000000000000000      0x2a4 ../test/test_semaphore2.o
 .rodata.str1.1
                0x0000000000000000       0x78 ../test/test_semaphore2.o
 .comment       0x0000000000000000       0x22 ../test/test_semaphore2.o
 .ARM.attributes
                0x0000000000000000       0x38 ../test/test_semaphore2.o
 .text          0x0000000000000000        0x0 ../test/test_threadcreation.o
 .data          0x0000000000000000        0x0 ../test/test_threadcreation.o
 .bss           0x0000000000000000        0x0 ../test/test_threadcreation.o
 .comment       0x0000000000000000       0x22 ../test/test_threadcreation.o
 .text          0x0000000000000000        0x0 ../system/conf.o
 .data          0x0000000000000000        0x0 ../system/conf.o
 .bss           0x0000000000000000        0x0 ../system/conf.o
 .comment       0x0000000000000000       0x22 ../system/conf.o
 .text          0x0000000000000000        0x0 ../lib/libxc.a(abs.o)
 .data          0x0000000000000000        0x0 ../lib/libxc.a(abs.o)
 .bss           0x0000000000000000        0x0 ../lib/libxc.a(abs.o)
 .text.abs      0x0000000000000000        0xc ../lib/libxc.a(abs.o)
 .comment       0x0000000000000000       0x22 ../lib/libxc.a(abs.o)
 .ARM.attributes
                0x0000000000000000       0x38 ../lib/libxc.a(abs.o)
 .text          0x0000000000000000        0x0 ../lib/libxc.a(atoi.o)
 .data          0x0000000000000000        0x0 ../lib/libxc.a(atoi.o)
 .bss           0x0000000000000000        0x0 ../lib/libxc.a(atoi.o)
 .text.atoi     0x0000000000000000        0x4 ../lib/libxc.a(atoi.o)
 .comment       0x0000000000000000       0x22 ../lib/libxc.a(atoi.o)
 .ARM.attributes
                0x0000000000000000       0x38 ../lib/libxc.a(atoi.o)
 .text          0x0000000000000000        0x0 ../lib/libxc.a(atol.o)
 .data          0x0000000000000000        0x0 ../lib/libxc.a(atol.o)
 .bss           0x0000000000000000        0x0 ../lib/libxc.a(atol.o)
 .text.atol     0x0000000000000000       0x28 ../lib/libxc.a(atol.o)
 .rodata.str1.1
                0x0000000000000000        0x4 ../lib/libxc.a(atol.o)
 .comment       0x0000000000000000       0x22 ../lib/libxc.a(atol.o)
 .ARM.attributes
                0x0000000000000000       0x38 ../lib/libxc.a(atol.o)
 .text          0x0000000000000000        0x0 ../lib/libxc.a(bzero.o)
 .data          0x0000000000000000        0x0 ../lib/libxc.a(bzero.o)
 .bss           0x0000000000000000        0x0 ../lib/libxc.a(bzero.o)
 .comment       0x0000000000000000       0x22 ../lib/libxc.a(bzero.o)
 .text          0x0000000000000000        0x0 ../lib/libxc.a(ctype_.o)
 .data          0x0000000000000000        0x0 ../lib/libxc.a(ctype_.o)
 .bss           0x0000000000000000        0x0 ../lib/libxc.a(ctype_.o)
 .comment       0x0000000000000000       0x22 ../lib/libxc.a(ctype_.o)
 .text          0x0000000000000000        0x0 ../lib/libxc.a(doprnt.o)
 .data          0x0000000000000000        0x0 ../lib/libxc.a(doprnt.o)
 .bss           0x0000000000000000        0x0 ../lib/libxc.a(doprnt.o)
 .comment       0x0000000000000000       0x22 ../lib/libxc.a(doprnt.o)
 .text          0x0000000000000000        0x0 ../lib/libxc.a(labs.o)
 .data          0x0000000000000000        0x0 ../lib/libxc.a(labs.o)
 .bss           0x0000000000000000        0x0 ../lib/libxc.a(labs.o)
 .text.labs     0x0000000000000000        0xc ../lib/libxc.a(labs.o)
 .comment       0x0000000000000000       0x22 ../lib/libxc.a(labs.o)
 .ARM.attributes
                0x0000000000000000       0x38 ../lib/libxc.a(labs.o)
 .text          0x0000000000000000        0x0 ../lib/libxc.a(memchr.o)
 .data          0x0000000000000000        0x0 ../lib/libxc.a(memchr.o)
 .bss           0x0000000000000000        0x0 ../lib/libxc.a(memchr.o)
 .text.memchr   0x0000000000000000       0x34 ../lib/libxc.a(memchr.o)
 .comment       0x0000000000000000       0x22 ../lib/libxc.a(memchr.o)
 .ARM.attributes
                0x0000000000000000       0x38 ../lib/libxc.a(memchr.o)
 .text          0x0000000000000000        0x0 ../lib/libxc.a(memcmp.o)
 .data          0x0000000000000000        0x0 ../lib/libxc.a(memcmp.o)
 .bss           0x0000000000000000        0x0 ../lib/libxc.a(memcmp.o)
 .text.memcmp   0x0000000000000000       0x44 ../lib/libxc.a(memcmp.o)
 .comment       0x0000000000000000       0x22 ../lib/libxc.a(memcmp.o)
 .ARM.attributes
                0x0000000000000000       0x38 ../lib/libxc.a(memcmp.o)
 .text          0x0000000000000000        0x0 ../lib/libxc.a(memcpy.o)
 .data          0x0000000000000000        0x0 ../lib/libxc.a(memcpy.o)
 .bss           0x0000000000000000        0x0 ../lib/libxc.a(memcpy.o)
 .comment       0x0000000000000000       0x22 ../lib/libxc.a(memcpy.o)
 .text          0x0000000000000000        0x0 ../lib/libxc.a(memset.o)
 .data          0x0000000000000000        0x0 ../lib/libxc.a(memset.o)
 .bss           0x0000000000000000        0x0 ../lib/libxc.a(memset.o)
 .comment       0x0000000000000000       0x22 ../lib/libxc.a(memset.o)
 .text          0x0000000000000000        0x0 ../lib/libxc.a(printf.o)
 .data          0x0000000000000000        0x0 ../lib/libxc.a(printf.o)
 .bss           0x0000000000000000        0x0 ../lib/libxc.a(printf.o)
 .text.printf   0x0000000000000000       0x50 ../lib/libxc.a(printf.o)
 .comment       0x0000000000000000       0x22 ../lib/libxc.a(printf.o)
 .ARM.attributes
                0x0000000000000000       0x38 ../lib/libxc.a(printf.o)
 .text          0x0000000000000000        0x0 ../lib/libxc.a(qsort.o)
 .data          0x0000000000000000        0x0 ../lib/libxc.a(qsort.o)
 .bss           0x0000000000000000        0x0 ../lib/libxc.a(qsort.o)
 .text.qsort    0x0000000000000000       0xbc ../lib/libxc.a(qsort.o)
 .comment       0x0000000000000000       0x22 ../lib/libxc.a(qsort.o)
 .ARM.attributes
                0x0000000000000000       0x38 ../lib/libxc.a(qsort.o)
 .text          0x0000000000000000        0x0 ../lib/libxc.a(rand.o)
 .data          0x0000000000000000        0x4 ../lib/libxc.a(rand.o)
 .bss           0x0000000000000000        0x0 ../lib/libxc.a(rand.o)
 .text.srand    0x0000000000000000       0x10 ../lib/libxc.a(rand.o)
 .text.rand     0x0000000000000000       0x28 ../lib/libxc.a(rand.o)
 .comment       0x0000000000000000       0x22 ../lib/libxc.a(rand.o)
 .ARM.attributes
                0x0000000000000000       0x38 ../lib/libxc.a(rand.o)
 .text          0x0000000000000000        0x0 ../lib/libxc.a(sprintf.o)
 .data          0x0000000000000000        0x0 ../lib/libxc.a(sprintf.o)
 .bss           0x0000000000000000        0x0 ../lib/libxc.a(sprintf.o)
 .text.sprntf   0x0000000000000000       0x14 ../lib/libxc.a(sprintf.o)
 .text.sprintf  0x0000000000000000       0x50 ../lib/libxc.a(sprintf.o)
 .comment       0x0000000000000000       0x22 ../lib/libxc.a(sprintf.o)
 .ARM.attributes
                0x0000000000000000       0x38 ../lib/libxc.a(sprintf.o)
 .text          0x0000000000000000        0x0 ../lib/libxc.a(sscanf.o)
 .data          0x0000000000000000        0x0 ../lib/libxc.a(sscanf.o)
 .bss           0x0000000000000000        0x0 ../lib/libxc.a(sscanf.o)
 .text.sgetch   0x0000000000000000       0x1c ../lib/libxc.a(sscanf.o)
 .text.sungetch
                0x0000000000000000       0x10 ../lib/libxc.a(sscanf.o)
 .text.sscanf   0x0000000000000000       0x4c ../lib/libxc.a(sscanf.o)
 .comment       0x0000000000000000       0x22 ../lib/libxc.a(sscanf.o)
 .ARM.attributes
                0x0000000000000000       0x38 ../lib/libxc.a(sscanf.o)
 .text          0x0000000000000000        0x0 ../lib/libxc.a(strchr.o)
 .data          0x0000000000000000        0x0 ../lib/libxc.a(strchr.o)
 .bss           0x0000000000000000        0x0 ../lib/libxc.a(strchr.o)
 .text.strchr   0x0000000000000000       0x2c ../lib/libxc.a(strchr.o)
 .comment       0x0000000000000000       0x22 ../lib/libxc.a(strchr.o)
 .ARM.attributes
                0x0000000000000000       0x38 ../lib/libxc.a(strchr.o)
 .text          0x0000000000000000        0x0 ../lib/libxc.a(strlcpy.o)
 .data          0x0000000000000000        0x0 ../lib/libxc.a(strlcpy.o)
 .bss           0x0000000000000000        0x0 ../lib/libxc.a(strlcpy.o)
 .comment       0x0000000000000000       0x22 ../lib/libxc.a(strlcpy.o)
 .text          0x0000000000000000        0x0 ../lib/libxc.a(strlen.o)
 .data          0x0000000000000000        0x0 ../lib/libxc.a(strlen.o)
 .bss           0x0000000000000000        0x0 ../lib/libxc.a(strlen.o)
 .comment       0x0000000000000000       0x22 ../lib/libxc.a(strlen.o)
 .text          0x0000000000000000        0x0 ../lib/libxc.a(strncat.o)
 .data          0x0000000000000000        0x0 ../lib/libxc.a(strncat.o)
 .bss           0x0000000000000000        0x0 ../lib/libxc.a(strncat.o)
 .text.strncat  0x0000000000000000       0x4c ../lib/libxc.a(strncat.o)
 .comment       0x0000000000000000       0x22 ../lib/libxc.a(strncat.o)
 .ARM.attributes
                0x0000000000000000       0x38 ../lib/libxc.a(strncat.o)
 .text          0x0000000000000000        0x0 ../lib/libxc.a(strncmp.o)
 .data          0x0000000000000000        0x0 ../lib/libxc.a(strncmp.o)
 .bss           0x0000000000000000        0x0 ../lib/libxc.a(strncmp.o)
 .text.strncmp  0x0000000000000000       0x68 ../lib/libxc.a(strncmp.o)
 .comment       0x0000000000000000       0x22 ../lib/libxc.a(strncmp.o)
 .ARM.attributes
                0x0000000000000000       0x38 ../lib/libxc.a(strncmp.o)
 .text          0x0000000000000000        0x0 ../lib/libxc.a(strncpy.o)
 .data          0x0000000000000000        0x0 ../lib/libxc.a(strncpy.o)
 .bss           0x0000000000000000        0x0 ../lib/libxc.a(strncpy.o)
 .text.strncpy  0x0000000000000000       0x44 ../lib/libxc.a(strncpy.o)
 .comment       0x0000000000000000       0x22 ../lib/libxc.a(strncpy.o)
 .ARM.attributes
                0x0000000000000000       0x38 ../lib/libxc.a(strncpy.o)
 .text          0x0000000000000000        0x0 ../lib/libxc.a(strnlen.o)
 .data          0x0000000000000000        0x0 ../lib/libxc.a(strnlen.o)
 .bss           0x0000000000000000        0x0 ../lib/libxc.a(strnlen.o)
 .text.strnlen  0x0000000000000000       0x24 ../lib/libxc.a(strnlen.o)
 .comment       0x0000000000000000       0x22 ../lib/libxc.a(strnlen.o)
 .ARM.attributes
                0x0000000000000000       0x38 ../lib/libxc.a(strnlen.o)
 .text          0x0000000000000000        0x0 ../lib/libxc.a(strrchr.o)
 .data          0x0000000000000000        0x0 ../lib/libxc.a(strrchr.o)
 .bss           0x0000000000000000        0x0 ../lib/libxc.a(strrchr.o)
 .text.strrchr  0x0000000000000000       0x28 ../lib/libxc.a(strrchr.o)
 .comment       0x0000000000000000       0x22 ../lib/libxc.a(strrchr.o)
 .ARM.attributes
                0x0000000000000000       0x38 ../lib/libxc.a(strrchr.o)
 .text          0x0000000000000000        0x0 ../lib/libxc.a(strstr.o)
 .data          0x0000000000000000        0x0 ../lib/libxc.a(strstr.o)
 .bss           0x0000000000000000        0x0 ../lib/libxc.a(strstr.o)
 .text.strstr   0x0000000000000000       0x50 ../lib/libxc.a(strstr.o)
 .comment       0x0000000000000000       0x22 ../lib/libxc.a(strstr.o)
 .ARM.attributes
                0x0000000000000000       0x38 ../lib/libxc.a(strstr.o)
 .text          0x0000000000000000        0x0 ../lib/libxc.a(malloc.o)
 .data          0x0000000000000000        0x0 ../lib/libxc.a(malloc.o)
 .bss           0x0000000000000000        0x0 ../lib/libxc.a(malloc.o)
 .text.malloc   0x0000000000000000       0x3c ../lib/libxc.a(malloc.o)
 .comment       0x0000000000000000       0x22 ../lib/libxc.a(malloc.o)
 .ARM.attributes
                0x0000000000000000       0x38 ../lib/libxc.a(malloc.o)
 .text          0x0000000000000000        0x0 ../lib/libxc.a(free.o)
 .data          0x0000000000000000        0x0 ../lib/libxc.a(free.o)
 .bss           0x0000000000000000        0x0 ../lib/libxc.a(free.o)
 .text.free     0x0000000000000000       0x1c ../lib/libxc.a(free.o)
 .comment       0x0000000000000000       0x22 ../lib/libxc.a(free.o)
 .ARM.attributes
                0x0000000000000000       0x38 ../lib/libxc.a(free.o)
 .text          0x0000000000000000        0x0 ../lib/libxc.a(doscan.o)
 .data          0x0000000000000000        0x0 ../lib/libxc.a(doscan.o)
 .bss           0x0000000000000000        0x0 ../lib/libxc.a(doscan.o)
 .text._doscan  0x0000000000000000      0x550 ../lib/libxc.a(doscan.o)
 .comment       0x0000000000000000       0x22 ../lib/libxc.a(doscan.o)
 .ARM.attributes
                0x0000000000000000       0x38 ../lib/libxc.a(doscan.o)
 .text          0x0000000000000000        0x0 ../lib/libxc.a(fputc.o)
 .data          0x0000000000000000        0x0 ../lib/libxc.a(fputc.o)
 .bss           0x0000000000000000        0x0 ../lib/libxc.a(fputc.o)
 .text.fputc    0x0000000000000000       0x28 ../lib/libxc.a(fputc.o)
 .comment       0x0000000000000000       0x22 ../lib/libxc.a(fputc.o)
 .ARM.attributes
                0x0000000000000000       0x38 ../lib/libxc.a(fputc.o)

Memory Configuration

Name             Origin             Length             Attributes
*default*        0x0000000000000000 0xffffffffffffffff

Linker script and memory map

                0x0000000000008000                . = 0x8000

.init           0x0000000000008000       0x84
 *(.init .init.*)
 .init          0x0000000000008000       0x84 ../loader/platforms/arm-rpi3/start.o
                0x0000000000008000                _start
                0x00000000000080c0                . = ALIGN (0x40)

.text           0x00000000000080c0     0x35d8
 *(.txt .text.*)
 .text.setupStack
                0x00000000000080c0       0xa4 ../system/platforms/arm-rpi3/setupStack.o
                0x00000000000080c0                setupStack
 .text.bcm2837_power_init
                0x0000000000008164       0x2c ../system/platforms/arm-rpi3/bcm2837_power.o
                0x0000000000008164                bcm2837_power_init
 .text.dispatch
                0x0000000000008190        0xc ../system/platforms/arm-rpi3/dispatch.o
                0x0000000000008190                dispatch
 .text.pl011init
                0x000000000000819c       0x90 ../system/platforms/arm-rpi3/platforminit.o
                0x000000000000819c                pl011init
 .text.platforminit
                0x000000000000822c      0x110 ../system/platforms/arm-rpi3/platforminit.o
                0x000000000000822c                platforminit
 .text.clkcount
                0x000000000000833c       0x20 ../system/platforms/arm-rpi3/timer.o
                0x000000000000833c                clkcount
 .text.init_led
                0x000000000000835c       0x24 ../system/initialize.o
                0x000000000000835c                init_led
 .text.led_on   0x0000000000008380       0x14 ../system/initialize.o
                0x0000000000008380                led_on
 .text.nulluser
                0x0000000000008394      0x1c4 ../system/initialize.o
                0x0000000000008394                nulluser
 .text.enqueue  0x0000000000008558       0x70 ../system/queue.o
                0x0000000000008558                enqueue
 .text.dequeue  0x00000000000085c8       0x7c ../system/queue.o
                0x00000000000085c8                dequeue
 .text.print_os_info
                0x0000000000008644      0x144 ../system/main.o
                0x0000000000008644                print_os_info
 .text.create   0x0000000000008788      0x15c ../system/create.o
                0x0000000000008788                create
 .text.kill     0x00000000000088e4      0x144 ../system/kill.o
                0x00000000000088e4                kill
 .text.ready    0x0000000000008a28       0x70 ../system/ready.o
                0x0000000000008a28                ready
 .text.resched  0x0000000000008a98      0x118 ../system/resched.o
                0x0000000000008a98                resched
 .text.getitem  0x0000000000008bb0       0x38 ../system/getitem.o
                0x0000000000008bb0                getitem
 .text.getfirst
                0x0000000000008be8       0x44 ../system/getitem.o
                0x0000000000008be8                getfirst
 .text.queinit  0x0000000000008c2c       0x70 ../system/queinit.o
                0x0000000000008c2c                queinit
 .text.insert   0x0000000000008c9c       0xa0 ../system/insert.o
                0x0000000000008c9c                insert
 .text.gettid   0x0000000000008d3c       0x10 ../system/gettid.o
                0x0000000000008d3c                gettid
 .text.xdone    0x0000000000008d4c       0x1c ../system/xdone.o
                0x0000000000008d4c                xdone
 .text.userret  0x0000000000008d68       0x10 ../system/userret.o
                0x0000000000008d68                userret
 .text.unsleep  0x0000000000008d78       0x98 ../system/unsleep.o
                0x0000000000008d78                unsleep
 .text.udelay   0x0000000000008e10       0x70 ../system/udelay.o
                0x0000000000008e10                udelay
 .text.signaln  0x0000000000008e80       0x90 ../system/signaln.o
                0x0000000000008e80                signaln
 .text.wait     0x0000000000008f10       0xa4 ../system/wait.o
                0x0000000000008f10                wait
 .text.memfree  0x0000000000008fb4      0x100 ../system/memfree.o
                0x0000000000008fb4                memfree
 .text.stkget   0x00000000000090b4       0xa0 ../system/stkget.o
                0x00000000000090b4                stkget
 .text.send     0x0000000000009154       0x9c ../system/send.o
                0x0000000000009154                send
 .text.ioerr    0x00000000000091f0        0x8 ../system/ioerr.o
                0x00000000000091f0                ioerr
 .text.ionull   0x00000000000091f8        0x8 ../system/ionull.o
                0x00000000000091f8                ionull
 .text.kputc    0x0000000000009200       0x4c ../device/uart-pl011/kputc.o
                0x0000000000009200                kputc
 .text.uartControl
                0x000000000000924c      0x100 ../device/uart-pl011/../uart/uartControl.o
                0x000000000000924c                uartControl
 .text.uartGetc
                0x000000000000934c       0x24 ../device/uart-pl011/../uart/uartGetc.o
                0x000000000000934c                uartGetc
 .text.uartHwInit
                0x0000000000009370       0x98 ../device/uart-pl011/uartHwInit.o
                0x0000000000009370                uartHwInit
 .text.uartHwPutc
                0x0000000000009408        0x8 ../device/uart-pl011/uartHwPutc.o
                0x0000000000009408                uartHwPutc
 .text.uartInit
                0x0000000000009410       0x54 ../device/uart-pl011/../uart/uartInit.o
                0x0000000000009410                uartInit
 .text.uartInterrupt
                0x0000000000009464      0x160 ../device/uart-pl011/uartInterrupt.o
                0x0000000000009464                uartInterrupt
 .text.uartPutc
                0x00000000000095c4       0x2c ../device/uart-pl011/../uart/uartPutc.o
                0x00000000000095c4                uartPutc
 .text.uartRead
                0x00000000000095f0       0xd0 ../device/uart-pl011/../uart/uartRead.o
                0x00000000000095f0                uartRead
 .text.uartWrite
                0x00000000000096c0       0xf0 ../device/uart-pl011/../uart/uartWrite.o
                0x00000000000096c0                uartWrite
 .text.kprintf  0x00000000000097b0       0x28 ../device/uart-pl011/../uart/kprintf.o
                0x00000000000097b0                kprintf
 .text.kvprintf
                0x00000000000097d8       0x44 ../device/uart-pl011/../uart/kvprintf.o
                0x00000000000097d8                kvprintf
 .text.ttyControl
                0x000000000000981c       0xb4 ../device/tty/ttyControl.o
                0x000000000000981c                ttyControl
 .text.ttyOpen  0x00000000000098d0       0x84 ../device/tty/ttyOpen.o
                0x00000000000098d0                ttyOpen
 .text.ttyEcho  0x0000000000009954       0x50 ../device/tty/ttyRead.o
 .text.ttyRead  0x00000000000099a4      0x2d4 ../device/tty/ttyRead.o
                0x00000000000099a4                ttyRead
 .text.ttyClose
                0x0000000000009c78       0x38 ../device/tty/ttyClose.o
                0x0000000000009c78                ttyClose
 .text.ttyGetc  0x0000000000009cb0       0x20 ../device/tty/ttyGetc.o
                0x0000000000009cb0                ttyGetc
 .text.ttyInit  0x0000000000009cd0       0x24 ../device/tty/ttyInit.o
                0x0000000000009cd0                ttyInit
 .text.ttyPutc  0x0000000000009cf4       0x88 ../device/tty/ttyPutc.o
                0x0000000000009cf4                ttyPutc
 .text.ttyWrite
                0x0000000000009d7c       0x3c ../device/tty/ttyWrite.o
                0x0000000000009d7c                ttyWrite
 .text.testproc
                0x0000000000009db8      0x214 ../test/test_threadcreation.o
                0x0000000000009db8                testproc
 .text.testbigargs
                0x0000000000009fcc       0xe8 ../test/test_threadcreation.o
                0x0000000000009fcc                testbigargs
 .text.printtid
                0x000000000000a0b4       0xcc ../test/test_threadcreation.o
                0x000000000000a0b4                printtid
 .text.testmain
                0x000000000000a180      0x190 ../test/test_threadcreation.o
                0x000000000000a180                testmain
 .text.bzero    0x000000000000a310        0xc ../lib/libxc.a(bzero.o)
                0x000000000000a310                bzero
 .text._doprnt  0x000000000000a31c      0x4f8 ../lib/libxc.a(doprnt.o)
                0x000000000000a31c                _doprnt
 .text.memcpy   0x000000000000a814       0x20 ../lib/libxc.a(memcpy.o)
                0x000000000000a814                memcpy
 .text.memset   0x000000000000a834       0x20 ../lib/libxc.a(memset.o)
                0x000000000000a834                memset
 .text.strlcpy  0x000000000000a854       0x50 ../lib/libxc.a(strlcpy.o)
                0x000000000000a854                strlcpy
 .text.strlen   0x000000000000a8a4       0x1c ../lib/libxc.a(strlen.o)
                0x000000000000a8a4                strlen
 *(.rodata .rodata.*)
 .rodata.str1.1
                0x000000000000a8c0       0x16 ../system/platforms/arm-rpi3/dispatch.o
 .rodata.str1.1
                0x000000000000a8d6       0x17 ../system/platforms/arm-rpi3/platforminit.o
 .rodata.str1.1
                0x000000000000a8ed       0xb5 ../system/initialize.o
                                         0xf6 (size before relaxing)
 .rodata.str1.1
                0x000000000000a9a2      0x16a ../system/main.o
                                        0x172 (size before relaxing)
 .rodata.str1.1
                0x000000000000ab0c       0x19 ../system/resched.o
 .rodata.str1.1
                0x000000000000ab25       0x2b ../system/xdone.o
 .rodata.str1.1
                0x000000000000ab50      0x81e ../test/test_threadcreation.o
 *fill*         0x000000000000b36e        0x2 
 .rodata        0x000000000000b370       0xb4 ../system/conf.o
                0x000000000000b370                devtab
 .rodata.str1.1
                0x000000000000b424       0x18 ../system/conf.o
 .rodata        0x000000000000b43c      0x100 ../lib/libxc.a(ctype_.o)
                0x000000000000b43c                _ctype_
 .rodata        0x000000000000b53c       0x31 ../lib/libxc.a(doprnt.o)
 .rodata.str1.1
                0x000000000000b56d        0x7 ../lib/libxc.a(doprnt.o)
 .text          0x000000000000b574       0x94 ../loader/platforms/arm-rpi3/start.o
 *fill*         0x000000000000b608        0x8 
 .text          0x000000000000b610       0x1c ../system/platforms/arm-rpi3/ctxsw.o
                0x000000000000b610                ctxsw
 .text          0x000000000000b62c        0x4 ../system/platforms/arm-rpi3/halt.o
                0x000000000000b62c                halt
 .text          0x000000000000b630       0x1c ../system/platforms/arm-rpi3/intutils.o
                0x000000000000b630                enable
                0x000000000000b638                disable
                0x000000000000b644                restore
 .text          0x000000000000b64c       0x30 ../system/platforms/arm-rpi3/irq_handler.o
                0x000000000000b64c                irq_handler
 .text          0x000000000000b67c        0xc ../system/platforms/arm-rpi3/memory_barrier.o
                0x000000000000b67c                dmb
 .text          0x000000000000b688        0x8 ../system/platforms/arm-rpi3/getmode.o
                0x000000000000b688                getmode
 .text          0x000000000000b690        0x8 ../system/platforms/arm-rpi3/getcpuid.o
                0x000000000000b690                getcpuid

.glue_7         0x000000000000b698        0x0
 .glue_7        0x000000000000b698        0x0 linker stubs

.glue_7t        0x000000000000b698        0x0
 .glue_7t       0x000000000000b698        0x0 linker stubs

.vfp11_veneer   0x000000000000b698        0x0
 .vfp11_veneer  0x000000000000b698        0x0 linker stubs

.v4_bx          0x000000000000b698        0x0
 .v4_bx         0x000000000000b698        0x0 linker stubs

.iplt           0x000000000000b698        0x0
 .iplt          0x000000000000b698        0x0 ../loader/platforms/arm-rpi3/start.o

.rel.dyn        0x000000000000b698        0x0
 .rel.iplt      0x000000000000b698        0x0 ../loader/platforms/arm-rpi3/start.o
                0x000000000000b6c0                . = ALIGN (0x40)

.data           0x000000000000b6c0        0x8
 *(.data .data.*)
 .data          0x000000000000b6c0        0x4 ../system/platforms/arm-rpi3/platforminit.o
                0x000000000000b6c0                atags_ptr
 .data          0x000000000000b6c4        0x4 ../system/queinit.o

.igot.plt       0x000000000000b6c8        0x0
 .igot.plt      0x000000000000b6c8        0x0 ../loader/platforms/arm-rpi3/start.o
                0x000000000000b700                . = ALIGN (0x40)
                0x000000000000b700                _bss = .

.bss            0x000000000000b700     0x4548
 *(.bss .bss.*)
 .bss           0x000000000000b700        0x4 ../system/platforms/arm-rpi3/bcm2837_power.o
 .bss           0x000000000000b704     0x2698 ../system/initialize.o
                0x000000000000b704                thrcount
                0x000000000000b708                memheap
                0x000000000000b70c                platform
                0x000000000000b748                memlist
                0x000000000000b750                thrtab
                0x000000000000d820                thrcurrent
                0x000000000000d824                bfptab
                0x000000000000d8e4                readylist
                0x000000000000d8e8                cpuid
                0x000000000000d8ec                semtab
                0x000000000000d8ec                montab
 .bss           0x000000000000dd9c      0xe40 ../system/queue.o
                0x000000000000dd9c                quetab
 .bss           0x000000000000ebdc        0x4 ../system/create.o
 .bss           0x000000000000ebe0        0x4 ../system/resched.o
                0x000000000000ebe0                resdefer
 .bss           0x000000000000ebe4      0x83c ../device/uart-pl011/../uart/uartInit.o
                0x000000000000ebe4                uarttab
 .bss           0x000000000000f420      0x828 ../device/tty/ttyInit.o
                0x000000000000f420                ttytab
                0x000000000000fc80                . = ALIGN (0x40)
                0x000000000000fc80                _end = .

/DISCARD/
 *(.comment .comment.* .note .note.*)
LOAD ../loader/platforms/arm-rpi3/start.o
LOAD ../system/platforms/arm-rpi3/ctxsw.o
LOAD ../system/platforms/arm-rpi3/halt.o
LOAD ../system/platforms/arm-rpi3/intutils.o
LOAD ../system/platforms/arm-rpi3/irq_handler.o
LOAD ../system/platforms/arm-rpi3/memory_barrier.o
LOAD ../system/platforms/arm-rpi3/pause.o
LOAD ../system/platforms/arm-rpi3/getmode.o
LOAD ../system/platforms/arm-rpi3/getcpuid.o
LOAD ../system/platforms/arm-rpi3/setupStack.o
LOAD ../system/platforms/arm-rpi3/bcm2837_power.o
LOAD ../system/platforms/arm-rpi3/dispatch.o
LOAD ../system/platforms/arm-rpi3/kexec.o
LOAD ../system/platforms/arm-rpi3/platforminit.o
LOAD ../system/platforms/arm-rpi3/timer.o
LOAD ../system/platforms/arm-rpi3/usb_dwc_hcd.o
LOAD ../system/platforms/arm-rpi3/watchdog.o
LOAD ../system/initialize.o
LOAD ../system/queue.o
LOAD ../system/main.o
LOAD ../system/create.o
LOAD ../system/kill.o
LOAD ../system/ready.o
LOAD ../system/resched.o
LOAD ../system/resume.o
LOAD ../system/suspend.o
LOAD ../system/getitem.o
LOAD ../system/queinit.o
LOAD ../system/insert.o
LOAD ../system/gettid.o
LOAD ../system/xdone.o
LOAD ../system/yield.o
LOAD ../system/userret.o
LOAD ../system/unsleep.o
LOAD ../system/wakeup.o
LOAD ../system/udelay.o
LOAD ../system/signal.o
LOAD ../system/signaln.o
LOAD ../system/wait.o
LOAD ../system/memget.o
LOAD ../system/memfree.o
LOAD ../system/stkget.o
LOAD ../system/send.o
LOAD ../system/ioerr.o
LOAD ../system/ionull.o
LOAD ../system/read.o
LOAD ../system/putc.o
LOAD ../system/seek.o
LOAD ../system/write.o
LOAD ../system/getdev.o
LOAD ../system/open.o
LOAD ../device/uart-pl011/kgetc.o
LOAD ../device/uart-pl011/kputc.o
LOAD ../device/uart-pl011/../uart/uartControl.o
LOAD ../device/uart-pl011/../uart/uartGetc.o
LOAD ../device/uart-pl011/uartHwInit.o
LOAD ../device/uart-pl011/uartHwPutc.o
LOAD ../device/uart-pl011/uartHwStat.o
LOAD ../device/uart-pl011/../uart/uartInit.o
LOAD ../device/uart-pl011/uartInterrupt.o
LOAD ../device/uart-pl011/../uart/uartPutc.o
LOAD ../device/uart-pl011/../uart/uartRead.o
LOAD ../device/uart-pl011/../uart/uartWrite.o
LOAD ../device/uart-pl011/../uart/uartStat.o
LOAD ../device/uart-pl011/../uart/kprintf.o
LOAD ../device/uart-pl011/../uart/kvprintf.o
LOAD ../device/tty/ttyControl.o
LOAD ../device/tty/ttyOpen.o
LOAD ../device/tty/ttyRead.o
LOAD ../device/tty/ttyClose.o
LOAD ../device/tty/ttyGetc.o
LOAD ../device/tty/ttyInit.o
LOAD ../device/tty/ttyPutc.o
LOAD ../device/tty/ttyWrite.o
LOAD ../test/testhelper.o
LOAD ../test/test_arp.o
LOAD ../test/test_mailbox.o
LOAD ../test/test_semaphore3.o
LOAD ../test/test_bigargs.o
LOAD ../test/test_memory.o
LOAD ../test/test_semaphore4.o
LOAD ../test/test_bufpool.o
LOAD ../test/test_messagePass.o
LOAD ../test/test_semaphore.o
LOAD ../test/test_deltaQueue.o
LOAD ../test/test_netaddr.o
LOAD ../test/test_snoop.o
LOAD ../test/test_ether.o
LOAD ../test/test_netif.o
LOAD ../test/test_ethloop.o
LOAD ../test/test_nvram.o
LOAD ../test/test_system.o
LOAD ../test/test_ip.o
LOAD ../test/test_preempt.o
LOAD ../test/test_tlb.o
LOAD ../test/test_libCtype.o
LOAD ../test/test_procQueue.o
LOAD ../test/test_ttydriver.o
LOAD ../test/test_libLimits.o
LOAD ../test/test_raw.o
LOAD ../test/test_udp.o
LOAD ../test/test_libStdio.o
LOAD ../test/test_recursion.o
LOAD ../test/test_umemory.o
LOAD ../test/test_libStdlib.o
LOAD ../test/test_schedule.o
LOAD ../test/test_libString.o
LOAD ../test/test_semaphore2.o
LOAD ../test/test_threadcreation.o
LOAD ../system/conf.o
LOAD ../lib/libxc.a
OUTPUT(xinu.elf elf32-littlearm)

.ARM.attributes
                0x0000000000000000       0x34
 .ARM.attributes
                0x0000000000000000       0x28 ../loader/platforms/arm-rpi3/start.o
 .ARM.attributes
                0x0000000000000028       0x28 ../system/platforms/arm-rpi3/ctxsw.o
 .ARM.attributes
                0x0000000000000050       0x28 ../system/platforms/arm-rpi3/halt.o
 .ARM.attributes
                0x0000000000000078       0x28 ../system/platforms/arm-rpi3/intutils.o
 .ARM.attributes
                0x00000000000000a0       0x28 ../system/platforms/arm-rpi3/irq_handler.o
 .ARM.attributes
                0x00000000000000c8       0x28 ../system/platforms/arm-rpi3/memory_barrier.o
 .ARM.attributes
                0x00000000000000f0       0x28 ../system/platforms/arm-rpi3/getmode.o
 .ARM.attributes
                0x0000000000000118       0x28 ../system/platforms/arm-rpi3/getcpuid.o
 .ARM.attributes
                0x0000000000000140       0x38 ../system/platforms/arm-rpi3/setupStack.o
 .ARM.attributes
                0x0000000000000178       0x38 ../system/platforms/arm-rpi3/bcm2837_power.o
 .ARM.attributes
                0x00000000000001b0       0x38 ../system/platforms/arm-rpi3/dispatch.o
 .ARM.attributes
                0x00000000000001e8       0x38 ../system/platforms/arm-rpi3/platforminit.o
 .ARM.attributes
                0x0000000000000220       0x38 ../system/platforms/arm-rpi3/timer.o
 .ARM.attributes
                0x0000000000000258       0x38 ../system/initialize.o
 .ARM.attributes
                0x0000000000000290       0x38 ../system/queue.o
 .ARM.attributes
                0x00000000000002c8       0x38 ../system/main.o
 .ARM.attributes
                0x0000000000000300       0x38 ../system/create.o
 .ARM.attributes
                0x0000000000000338       0x38 ../system/kill.o
 .ARM.attributes
                0x0000000000000370       0x38 ../system/ready.o
 .ARM.attributes
                0x00000000000003a8       0x38 ../system/resched.o
 .ARM.attributes
                0x00000000000003e0       0x38 ../system/getitem.o
 .ARM.attributes
                0x0000000000000418       0x38 ../system/queinit.o
 .ARM.attributes
                0x0000000000000450       0x38 ../system/insert.o
 .ARM.attributes
                0x0000000000000488       0x38 ../system/gettid.o
 .ARM.attributes
                0x00000000000004c0       0x38 ../system/xdone.o
 .ARM.attributes
                0x00000000000004f8       0x38 ../system/userret.o
 .ARM.attributes
                0x0000000000000530       0x38 ../system/unsleep.o
 .ARM.attributes
                0x0000000000000568       0x38 ../system/udelay.o
 .ARM.attributes
                0x00000000000005a0       0x38 ../system/signaln.o
 .ARM.attributes
                0x00000000000005d8       0x38 ../system/wait.o
 .ARM.attributes
                0x0000000000000610       0x38 ../system/memfree.o
 .ARM.attributes
                0x0000000000000648       0x38 ../system/stkget.o
 .ARM.attributes
                0x0000000000000680       0x38 ../system/send.o
 .ARM.attributes
                0x00000000000006b8       0x38 ../system/ioerr.o
 .ARM.attributes
                0x00000000000006f0       0x38 ../system/ionull.o
 .ARM.attributes
                0x0000000000000728       0x38 ../device/uart-pl011/kputc.o
 .ARM.attributes
                0x0000000000000760       0x38 ../device/uart-pl011/../uart/uartControl.o
 .ARM.attributes
                0x0000000000000798       0x38 ../device/uart-pl011/../uart/uartGetc.o
 .ARM.attributes
                0x00000000000007d0       0x38 ../device/uart-pl011/uartHwInit.o
 .ARM.attributes
                0x0000000000000808       0x38 ../device/uart-pl011/uartHwPutc.o
 .ARM.attributes
                0x0000000000000840       0x38 ../device/uart-pl011/../uart/uartInit.o
 .ARM.attributes
                0x0000000000000878       0x38 ../device/uart-pl011/uartInterrupt.o
 .ARM.attributes
                0x00000000000008b0       0x38 ../device/uart-pl011/../uart/uartPutc.o
 .ARM.attributes
                0x00000000000008e8       0x38 ../device/uart-pl011/../uart/uartRead.o
 .ARM.attributes
                0x0000000000000920       0x38 ../device/uart-pl011/../uart/uartWrite.o
 .ARM.attributes
                0x0000000000000958       0x38 ../device/uart-pl011/../uart/kprintf.o
 .ARM.attributes
                0x0000000000000990       0x38 ../device/uart-pl011/../uart/kvprintf.o
 .ARM.attributes
                0x00000000000009c8       0x38 ../device/tty/ttyControl.o
 .ARM.attributes
                0x0000000000000a00       0x38 ../device/tty/ttyOpen.o
 .ARM.attributes
                0x0000000000000a38       0x38 ../device/tty/ttyRead.o
 .ARM.attributes
                0x0000000000000a70       0x38 ../device/tty/ttyClose.o
 .ARM.attributes
                0x0000000000000aa8       0x38 ../device/tty/ttyGetc.o
 .ARM.attributes
                0x0000000000000ae0       0x38 ../device/tty/ttyInit.o
 .ARM.attributes
                0x0000000000000b18       0x38 ../device/tty/ttyPutc.o
 .ARM.attributes
                0x0000000000000b50       0x38 ../device/tty/ttyWrite.o
 .ARM.attributes
                0x0000000000000b88       0x38 ../test/test_threadcreation.o
 .ARM.attributes
                0x0000000000000bc0       0x38 ../system/conf.o
 .ARM.attributes
                0x0000000000000bf8       0x38 ../lib/libxc.a(bzero.o)
 .ARM.attributes
                0x0000000000000c30       0x38 ../lib/libxc.a(ctype_.o)
 .ARM.attributes
                0x0000000000000c68       0x38 ../lib/libxc.a(doprnt.o)
 .ARM.attributes
                0x0000000000000ca0       0x38 ../lib/libxc.a(memcpy.o)
 .ARM.attributes
                0x0000000000000cd8       0x38 ../lib/libxc.a(memset.o)
 .ARM.attributes
                0x0000000000000d10       0x38 ../lib/libxc.a(strlcpy.o)
 .ARM.attributes
                0x0000000000000d48       0x38 ../lib/libxc.a(strlen.o)
