Archive member included to satisfy reference by file (symbol)

../lib/libxc.a(doprnt.o)      ../device/uart-pl011/../uart/kvprintf.o (_doprnt)
../lib/libxc.a(memcpy.o)      ../system/platforms/arm-rpi3/kexec.o (memcpy)
../lib/libxc.a(printf.o)      ../device/uart-pl011/uartHwStat.o (printf)
../lib/libxc.a(strlcpy.o)     ../system/platforms/arm-rpi3/platforminit.o (strlcpy)
../lib/libxc.a(strlen.o)      ../lib/libxc.a(doprnt.o) (strlen)
../lib/libxc.a(strncmp.o)     ../system/getdev.o (strncmp)
../lib/libxc.a(fputc.o)       ../lib/libxc.a(printf.o) (fputc)

Discarded input sections

 .data          0x0000000000000000        0x0 ../loader/platforms/arm-rpi3/start.o
 .bss           0x0000000000000000        0x0 ../loader/platforms/arm-rpi3/start.o
 .data          0x0000000000000000        0x0 ../system/platforms/arm-rpi3/ctxsw.o
 .bss           0x0000000000000000        0x0 ../system/platforms/arm-rpi3/ctxsw.o
 .text          0x0000000000000000        0x4 ../system/platforms/arm-rpi3/halt.o
 .data          0x0000000000000000        0x0 ../system/platforms/arm-rpi3/halt.o
 .bss           0x0000000000000000        0x0 ../system/platforms/arm-rpi3/halt.o
 .data          0x0000000000000000        0x0 ../system/platforms/arm-rpi3/intutils.o
 .bss           0x0000000000000000        0x0 ../system/platforms/arm-rpi3/intutils.o
 .data          0x0000000000000000        0x0 ../system/platforms/arm-rpi3/irq_handler.o
 .bss           0x0000000000000000        0x0 ../system/platforms/arm-rpi3/irq_handler.o
 .data          0x0000000000000000        0x0 ../system/platforms/arm-rpi3/memory_barrier.o
 .bss           0x0000000000000000        0x0 ../system/platforms/arm-rpi3/memory_barrier.o
 .data          0x0000000000000000        0x0 ../system/platforms/arm-rpi3/pause.o
 .bss           0x0000000000000000        0x0 ../system/platforms/arm-rpi3/pause.o
 .text          0x0000000000000000        0x0 ../system/platforms/arm-rpi3/setupStack.o
 .data          0x0000000000000000        0x0 ../system/platforms/arm-rpi3/setupStack.o
 .bss           0x0000000000000000        0x0 ../system/platforms/arm-rpi3/setupStack.o
 .text.setupStack
                0x0000000000000000       0xfc ../system/platforms/arm-rpi3/setupStack.o
 .comment       0x0000000000000000       0x2e ../system/platforms/arm-rpi3/setupStack.o
 .text          0x0000000000000000        0x0 ../system/platforms/arm-rpi3/bcm2835_power.o
 .data          0x0000000000000000        0x0 ../system/platforms/arm-rpi3/bcm2835_power.o
 .text.bcm2835_setpower
                0x0000000000000000       0x80 ../system/platforms/arm-rpi3/bcm2835_power.o
 .comment       0x0000000000000000       0x2e ../system/platforms/arm-rpi3/bcm2835_power.o
 .text          0x0000000000000000        0x0 ../system/platforms/arm-rpi3/dispatch.o
 .data          0x0000000000000000        0x0 ../system/platforms/arm-rpi3/dispatch.o
 .bss           0x0000000000000000      0x250 ../system/platforms/arm-rpi3/dispatch.o
 .text.dispatch
                0x0000000000000000       0xf0 ../system/platforms/arm-rpi3/dispatch.o
 .text.enable_irq
                0x0000000000000000       0x78 ../system/platforms/arm-rpi3/dispatch.o
 .text.disable_irq
                0x0000000000000000       0x78 ../system/platforms/arm-rpi3/dispatch.o
 .rodata.str1.1
                0x0000000000000000       0x30 ../system/platforms/arm-rpi3/dispatch.o
 .comment       0x0000000000000000       0x2e ../system/platforms/arm-rpi3/dispatch.o
 .text          0x0000000000000000        0x0 ../system/platforms/arm-rpi3/kexec.o
 .data          0x0000000000000000        0x0 ../system/platforms/arm-rpi3/kexec.o
 .bss           0x0000000000000000        0x0 ../system/platforms/arm-rpi3/kexec.o
 .text.kexec    0x0000000000000000       0x6c ../system/platforms/arm-rpi3/kexec.o
 .rodata        0x0000000000000000       0x30 ../system/platforms/arm-rpi3/kexec.o
 .comment       0x0000000000000000       0x2e ../system/platforms/arm-rpi3/kexec.o
 .text          0x0000000000000000        0x0 ../system/platforms/arm-rpi3/platforminit.o
 .bss           0x0000000000000000        0x0 ../system/platforms/arm-rpi3/platforminit.o
 .text.pl011init
                0x0000000000000000       0xa0 ../system/platforms/arm-rpi3/platforminit.o
 .comment       0x0000000000000000       0x2e ../system/platforms/arm-rpi3/platforminit.o
 .text          0x0000000000000000        0x0 ../system/platforms/arm-rpi3/timer.o
 .data          0x0000000000000000        0x0 ../system/platforms/arm-rpi3/timer.o
 .bss           0x0000000000000000        0x0 ../system/platforms/arm-rpi3/timer.o
 .text.clkupdate
                0x0000000000000000       0x3c ../system/platforms/arm-rpi3/timer.o
 .comment       0x0000000000000000       0x2e ../system/platforms/arm-rpi3/timer.o
 .text          0x0000000000000000        0x0 ../system/platforms/arm-rpi3/usb_dwc_hcd.o
 .data          0x0000000000000000        0x0 ../system/platforms/arm-rpi3/usb_dwc_hcd.o
 .bss           0x0000000000000000     0x2060 ../system/platforms/arm-rpi3/usb_dwc_hcd.o
 .text.dwc_get_host_port_ctrlstatus
                0x0000000000000000       0x14 ../system/platforms/arm-rpi3/usb_dwc_hcd.o
 .text.dwc_host_port_status_changed
                0x0000000000000000       0x2c ../system/platforms/arm-rpi3/usb_dwc_hcd.o
 .text.dwc_channel_start_transaction
                0x0000000000000000       0xa8 ../system/platforms/arm-rpi3/usb_dwc_hcd.o
 .text.dwc_channel_start_xfer
                0x0000000000000000      0x2f4 ../system/platforms/arm-rpi3/usb_dwc_hcd.o
 .text.dwc_get_free_channel
                0x0000000000000000       0x64 ../system/platforms/arm-rpi3/usb_dwc_hcd.o
 .text.defer_xfer_thread
                0x0000000000000000       0xe0 ../system/platforms/arm-rpi3/usb_dwc_hcd.o
 .text.dwc_schedule_xfer_requests
                0x0000000000000000      0x3c8 ../system/platforms/arm-rpi3/usb_dwc_hcd.o
 .rodata        0x0000000000000000       0xc0 ../system/platforms/arm-rpi3/usb_dwc_hcd.o
 .text.dwc_interrupt_handler
                0x0000000000000000      0x660 ../system/platforms/arm-rpi3/usb_dwc_hcd.o
 .text.hcd_start
                0x0000000000000000      0x130 ../system/platforms/arm-rpi3/usb_dwc_hcd.o
 .text.hcd_stop
                0x0000000000000000       0x50 ../system/platforms/arm-rpi3/usb_dwc_hcd.o
 .text.hcd_submit_xfer_request
                0x0000000000000000       0x24 ../system/platforms/arm-rpi3/usb_dwc_hcd.o
 .rodata.str1.1
                0x0000000000000000       0x1d ../system/platforms/arm-rpi3/usb_dwc_hcd.o
 .comment       0x0000000000000000       0x2e ../system/platforms/arm-rpi3/usb_dwc_hcd.o
 .text          0x0000000000000000        0x0 ../system/platforms/arm-rpi3/watchdog.o
 .data          0x0000000000000000        0x0 ../system/platforms/arm-rpi3/watchdog.o
 .bss           0x0000000000000000        0x0 ../system/platforms/arm-rpi3/watchdog.o
 .text.watchdogset
                0x0000000000000000       0x48 ../system/platforms/arm-rpi3/watchdog.o
 .comment       0x0000000000000000       0x2e ../system/platforms/arm-rpi3/watchdog.o
 .text          0x0000000000000000        0x0 ../system/initialize.o
 .data          0x0000000000000000        0x0 ../system/initialize.o
 .text.led_on   0x0000000000000000       0x14 ../system/initialize.o
 .text.led_off  0x0000000000000000       0x14 ../system/initialize.o
 .comment       0x0000000000000000       0x2e ../system/initialize.o
 .text          0x0000000000000000        0x0 ../system/queue.o
 .data          0x0000000000000000        0x0 ../system/queue.o
 .comment       0x0000000000000000       0x2e ../system/queue.o
 .text          0x0000000000000000        0x0 ../system/ready.o
 .data          0x0000000000000000        0x0 ../system/ready.o
 .bss           0x0000000000000000        0x0 ../system/ready.o
 .comment       0x0000000000000000       0x2e ../system/ready.o
 .text          0x0000000000000000        0x0 ../system/resched.o
 .data          0x0000000000000000        0x0 ../system/resched.o
 .comment       0x0000000000000000       0x2e ../system/resched.o
 .text          0x0000000000000000        0x0 ../system/getitem.o
 .data          0x0000000000000000        0x0 ../system/getitem.o
 .bss           0x0000000000000000        0x0 ../system/getitem.o
 .text.getlast  0x0000000000000000       0x50 ../system/getitem.o
 .comment       0x0000000000000000       0x2e ../system/getitem.o
 .text          0x0000000000000000        0x0 ../system/insert.o
 .data          0x0000000000000000        0x0 ../system/insert.o
 .bss           0x0000000000000000        0x0 ../system/insert.o
 .comment       0x0000000000000000       0x2e ../system/insert.o
 .text          0x0000000000000000        0x0 ../system/udelay.o
 .data          0x0000000000000000        0x0 ../system/udelay.o
 .bss           0x0000000000000000        0x0 ../system/udelay.o
 .comment       0x0000000000000000       0x2e ../system/udelay.o
 .text          0x0000000000000000        0x0 ../system/semcreate.o
 .data          0x0000000000000000        0x0 ../system/semcreate.o
 .bss           0x0000000000000000        0x4 ../system/semcreate.o
 .text.semcreate
                0x0000000000000000       0xa8 ../system/semcreate.o
 .comment       0x0000000000000000       0x2e ../system/semcreate.o
 .text          0x0000000000000000        0x0 ../system/semfree.o
 .data          0x0000000000000000        0x0 ../system/semfree.o
 .bss           0x0000000000000000        0x0 ../system/semfree.o
 .text.semfree  0x0000000000000000       0xb4 ../system/semfree.o
 .comment       0x0000000000000000       0x2e ../system/semfree.o
 .text          0x0000000000000000        0x0 ../system/semcount.o
 .data          0x0000000000000000        0x0 ../system/semcount.o
 .bss           0x0000000000000000        0x0 ../system/semcount.o
 .text.semcount
                0x0000000000000000       0x40 ../system/semcount.o
 .comment       0x0000000000000000       0x2e ../system/semcount.o
 .text          0x0000000000000000        0x0 ../system/signal.o
 .data          0x0000000000000000        0x0 ../system/signal.o
 .bss           0x0000000000000000        0x0 ../system/signal.o
 .text.signal   0x0000000000000000       0x88 ../system/signal.o
 .comment       0x0000000000000000       0x2e ../system/signal.o
 .text          0x0000000000000000        0x0 ../system/signaln.o
 .data          0x0000000000000000        0x0 ../system/signaln.o
 .bss           0x0000000000000000        0x0 ../system/signaln.o
 .comment       0x0000000000000000       0x2e ../system/signaln.o
 .text          0x0000000000000000        0x0 ../system/wait.o
 .data          0x0000000000000000        0x0 ../system/wait.o
 .bss           0x0000000000000000        0x0 ../system/wait.o
 .comment       0x0000000000000000       0x2e ../system/wait.o
 .text          0x0000000000000000        0x0 ../system/close.o
 .data          0x0000000000000000        0x0 ../system/close.o
 .bss           0x0000000000000000        0x0 ../system/close.o
 .text.close    0x0000000000000000       0x1c ../system/close.o
 .comment       0x0000000000000000       0x2e ../system/close.o
 .text          0x0000000000000000        0x0 ../system/control.o
 .data          0x0000000000000000        0x0 ../system/control.o
 .bss           0x0000000000000000        0x0 ../system/control.o
 .text.control  0x0000000000000000       0x1c ../system/control.o
 .comment       0x0000000000000000       0x2e ../system/control.o
 .text          0x0000000000000000        0x0 ../system/getc.o
 .data          0x0000000000000000        0x0 ../system/getc.o
 .bss           0x0000000000000000        0x0 ../system/getc.o
 .text.getc     0x0000000000000000       0x1c ../system/getc.o
 .comment       0x0000000000000000       0x2e ../system/getc.o
 .text          0x0000000000000000        0x0 ../system/open.o
 .data          0x0000000000000000        0x0 ../system/open.o
 .bss           0x0000000000000000        0x0 ../system/open.o
 .text.open     0x0000000000000000       0x90 ../system/open.o
 .comment       0x0000000000000000       0x2e ../system/open.o
 .text          0x0000000000000000        0x0 ../system/ioerr.o
 .data          0x0000000000000000        0x0 ../system/ioerr.o
 .bss           0x0000000000000000        0x0 ../system/ioerr.o
 .comment       0x0000000000000000       0x2e ../system/ioerr.o
 .text          0x0000000000000000        0x0 ../system/ionull.o
 .data          0x0000000000000000        0x0 ../system/ionull.o
 .bss           0x0000000000000000        0x0 ../system/ionull.o
 .comment       0x0000000000000000       0x2e ../system/ionull.o
 .text          0x0000000000000000        0x0 ../system/read.o
 .data          0x0000000000000000        0x0 ../system/read.o
 .bss           0x0000000000000000        0x0 ../system/read.o
 .text.read     0x0000000000000000       0x1c ../system/read.o
 .comment       0x0000000000000000       0x2e ../system/read.o
 .text          0x0000000000000000        0x0 ../system/putc.o
 .data          0x0000000000000000        0x0 ../system/putc.o
 .bss           0x0000000000000000        0x0 ../system/putc.o
 .text.putc     0x0000000000000000       0x20 ../system/putc.o
 .comment       0x0000000000000000       0x2e ../system/putc.o
 .text          0x0000000000000000        0x0 ../system/seek.o
 .data          0x0000000000000000        0x0 ../system/seek.o
 .bss           0x0000000000000000        0x0 ../system/seek.o
 .text.seek     0x0000000000000000       0x20 ../system/seek.o
 .comment       0x0000000000000000       0x2e ../system/seek.o
 .text          0x0000000000000000        0x0 ../system/write.o
 .data          0x0000000000000000        0x0 ../system/write.o
 .bss           0x0000000000000000        0x0 ../system/write.o
 .text.write    0x0000000000000000       0x1c ../system/write.o
 .comment       0x0000000000000000       0x2e ../system/write.o
 .text          0x0000000000000000        0x0 ../system/getdev.o
 .data          0x0000000000000000        0x0 ../system/getdev.o
 .bss           0x0000000000000000        0x0 ../system/getdev.o
 .text.getdev   0x0000000000000000       0x28 ../system/getdev.o
 .comment       0x0000000000000000       0x2e ../system/getdev.o
 .text          0x0000000000000000        0x0 ../device/uart-pl011/kgetc.o
 .data          0x0000000000000000        0x0 ../device/uart-pl011/kgetc.o
 .bss           0x0000000000000000        0x0 ../device/uart-pl011/kgetc.o
 .text.kgetc    0x0000000000000000       0x4c ../device/uart-pl011/kgetc.o
 .comment       0x0000000000000000       0x2e ../device/uart-pl011/kgetc.o
 .text          0x0000000000000000        0x0 ../device/uart-pl011/kputc.o
 .data          0x0000000000000000        0x0 ../device/uart-pl011/kputc.o
 .bss           0x0000000000000000        0x0 ../device/uart-pl011/kputc.o
 .comment       0x0000000000000000       0x2e ../device/uart-pl011/kputc.o
 .text          0x0000000000000000        0x0 ../device/uart-pl011/../uart/uartControl.o
 .data          0x0000000000000000        0x0 ../device/uart-pl011/../uart/uartControl.o
 .bss           0x0000000000000000        0x0 ../device/uart-pl011/../uart/uartControl.o
 .comment       0x0000000000000000       0x2e ../device/uart-pl011/../uart/uartControl.o
 .text          0x0000000000000000        0x0 ../device/uart-pl011/../uart/uartGetc.o
 .data          0x0000000000000000        0x0 ../device/uart-pl011/../uart/uartGetc.o
 .bss           0x0000000000000000        0x0 ../device/uart-pl011/../uart/uartGetc.o
 .comment       0x0000000000000000       0x2e ../device/uart-pl011/../uart/uartGetc.o
 .text          0x0000000000000000        0x0 ../device/uart-pl011/uartHwInit.o
 .data          0x0000000000000000        0x0 ../device/uart-pl011/uartHwInit.o
 .bss           0x0000000000000000        0x0 ../device/uart-pl011/uartHwInit.o
 .comment       0x0000000000000000       0x2e ../device/uart-pl011/uartHwInit.o
 .text          0x0000000000000000        0x0 ../device/uart-pl011/uartHwPutc.o
 .data          0x0000000000000000        0x0 ../device/uart-pl011/uartHwPutc.o
 .bss           0x0000000000000000        0x0 ../device/uart-pl011/uartHwPutc.o
 .comment       0x0000000000000000       0x2e ../device/uart-pl011/uartHwPutc.o
 .text          0x0000000000000000        0x0 ../device/uart-pl011/uartHwStat.o
 .data          0x0000000000000000        0x0 ../device/uart-pl011/uartHwStat.o
 .bss           0x0000000000000000        0x0 ../device/uart-pl011/uartHwStat.o
 .text.uartHwStat
                0x0000000000000000       0x68 ../device/uart-pl011/uartHwStat.o
 .rodata        0x0000000000000000       0x10 ../device/uart-pl011/uartHwStat.o
 .rodata.str1.1
                0x0000000000000000       0x91 ../device/uart-pl011/uartHwStat.o
 .comment       0x0000000000000000       0x2e ../device/uart-pl011/uartHwStat.o
 .text          0x0000000000000000        0x0 ../device/uart-pl011/../uart/uartInit.o
 .data          0x0000000000000000        0x0 ../device/uart-pl011/../uart/uartInit.o
 .text.uartInit
                0x0000000000000000      0x124 ../device/uart-pl011/../uart/uartInit.o
 .comment       0x0000000000000000       0x2e ../device/uart-pl011/../uart/uartInit.o
 .text          0x0000000000000000        0x0 ../device/uart-pl011/uartInterrupt.o
 .data          0x0000000000000000        0x0 ../device/uart-pl011/uartInterrupt.o
 .bss           0x0000000000000000        0x0 ../device/uart-pl011/uartInterrupt.o
 .comment       0x0000000000000000       0x2e ../device/uart-pl011/uartInterrupt.o
 .text          0x0000000000000000        0x0 ../device/uart-pl011/../uart/uartPutc.o
 .data          0x0000000000000000        0x0 ../device/uart-pl011/../uart/uartPutc.o
 .bss           0x0000000000000000        0x0 ../device/uart-pl011/../uart/uartPutc.o
 .comment       0x0000000000000000       0x2e ../device/uart-pl011/../uart/uartPutc.o
 .text          0x0000000000000000        0x0 ../device/uart-pl011/../uart/uartRead.o
 .data          0x0000000000000000        0x0 ../device/uart-pl011/../uart/uartRead.o
 .bss           0x0000000000000000        0x0 ../device/uart-pl011/../uart/uartRead.o
 .comment       0x0000000000000000       0x2e ../device/uart-pl011/../uart/uartRead.o
 .text          0x0000000000000000        0x0 ../device/uart-pl011/../uart/uartWrite.o
 .data          0x0000000000000000        0x0 ../device/uart-pl011/../uart/uartWrite.o
 .bss           0x0000000000000000        0x0 ../device/uart-pl011/../uart/uartWrite.o
 .comment       0x0000000000000000       0x2e ../device/uart-pl011/../uart/uartWrite.o
 .text          0x0000000000000000        0x0 ../device/uart-pl011/../uart/uartStat.o
 .data          0x0000000000000000        0x0 ../device/uart-pl011/../uart/uartStat.o
 .bss           0x0000000000000000        0x0 ../device/uart-pl011/../uart/uartStat.o
 .text.uartStat
                0x0000000000000000       0xec ../device/uart-pl011/../uart/uartStat.o
 .rodata.str1.1
                0x0000000000000000       0xd2 ../device/uart-pl011/../uart/uartStat.o
 .comment       0x0000000000000000       0x2e ../device/uart-pl011/../uart/uartStat.o
 .text          0x0000000000000000        0x0 ../device/uart-pl011/../uart/kprintf.o
 .data          0x0000000000000000        0x0 ../device/uart-pl011/../uart/kprintf.o
 .bss           0x0000000000000000        0x0 ../device/uart-pl011/../uart/kprintf.o
 .comment       0x0000000000000000       0x2e ../device/uart-pl011/../uart/kprintf.o
 .text          0x0000000000000000        0x0 ../device/uart-pl011/../uart/kvprintf.o
 .data          0x0000000000000000        0x0 ../device/uart-pl011/../uart/kvprintf.o
 .bss           0x0000000000000000        0x0 ../device/uart-pl011/../uart/kvprintf.o
 .comment       0x0000000000000000       0x2e ../device/uart-pl011/../uart/kvprintf.o
 .text          0x0000000000000000        0x0 ../system/conf.o
 .data          0x0000000000000000        0x0 ../system/conf.o
 .bss           0x0000000000000000        0x0 ../system/conf.o
 .comment       0x0000000000000000       0x2e ../system/conf.o
 .text          0x0000000000000000        0x0 ../system/main.o
 .data          0x0000000000000000        0x0 ../system/main.o
 .bss           0x0000000000000000        0x0 ../system/main.o
 .text.startup.main
                0x0000000000000000        0x8 ../system/main.o
 .comment       0x0000000000000000       0x2e ../system/main.o
 .text          0x0000000000000000        0x0 ../lib/libxc.a(doprnt.o)
 .data          0x0000000000000000        0x0 ../lib/libxc.a(doprnt.o)
 .bss           0x0000000000000000        0x0 ../lib/libxc.a(doprnt.o)
 .comment       0x0000000000000000       0x2e ../lib/libxc.a(doprnt.o)
 .text          0x0000000000000000        0x0 ../lib/libxc.a(memcpy.o)
 .data          0x0000000000000000        0x0 ../lib/libxc.a(memcpy.o)
 .bss           0x0000000000000000        0x0 ../lib/libxc.a(memcpy.o)
 .comment       0x0000000000000000       0x2e ../lib/libxc.a(memcpy.o)
 .text          0x0000000000000000        0x0 ../lib/libxc.a(printf.o)
 .data          0x0000000000000000        0x0 ../lib/libxc.a(printf.o)
 .bss           0x0000000000000000        0x0 ../lib/libxc.a(printf.o)
 .text.printf   0x0000000000000000       0xa0 ../lib/libxc.a(printf.o)
 .comment       0x0000000000000000       0x2e ../lib/libxc.a(printf.o)
 .text          0x0000000000000000        0x0 ../lib/libxc.a(strlcpy.o)
 .data          0x0000000000000000        0x0 ../lib/libxc.a(strlcpy.o)
 .bss           0x0000000000000000        0x0 ../lib/libxc.a(strlcpy.o)
 .comment       0x0000000000000000       0x2e ../lib/libxc.a(strlcpy.o)
 .text          0x0000000000000000        0x0 ../lib/libxc.a(strlen.o)
 .data          0x0000000000000000        0x0 ../lib/libxc.a(strlen.o)
 .bss           0x0000000000000000        0x0 ../lib/libxc.a(strlen.o)
 .comment       0x0000000000000000       0x2e ../lib/libxc.a(strlen.o)
 .text          0x0000000000000000        0x0 ../lib/libxc.a(strncmp.o)
 .data          0x0000000000000000        0x0 ../lib/libxc.a(strncmp.o)
 .bss           0x0000000000000000        0x0 ../lib/libxc.a(strncmp.o)
 .text.strncmp  0x0000000000000000       0x3c ../lib/libxc.a(strncmp.o)
 .comment       0x0000000000000000       0x2e ../lib/libxc.a(strncmp.o)
 .text          0x0000000000000000        0x0 ../lib/libxc.a(fputc.o)
 .data          0x0000000000000000        0x0 ../lib/libxc.a(fputc.o)
 .bss           0x0000000000000000        0x0 ../lib/libxc.a(fputc.o)
 .text.fputc    0x0000000000000000       0x30 ../lib/libxc.a(fputc.o)
 .comment       0x0000000000000000       0x2e ../lib/libxc.a(fputc.o)

Memory Configuration

Name             Origin             Length             Attributes
*default*        0x0000000000000000 0xffffffffffffffff

Linker script and memory map

                0x0000000000080000                . = 0x80000

.init           0x0000000000080000       0x40
 *(.init .init.*)
 .init          0x0000000000080000       0x40 ../loader/platforms/arm-rpi3/start.o
                0x0000000000080000                _start
                0x0000000000080040                . = ALIGN (0x40)

.text           0x0000000000080040     0x1764
 *(.txt .text.*)
 .text.bcm2835_power_init
                0x0000000000080040       0x28 ../system/platforms/arm-rpi3/bcm2835_power.o
                0x0000000000080040                bcm2835_power_init
 .text.platforminit
                0x0000000000080068      0x114 ../system/platforms/arm-rpi3/platforminit.o
                0x0000000000080068                platforminit
 .text.clkcount
                0x000000000008017c       0x30 ../system/platforms/arm-rpi3/timer.o
                0x000000000008017c                clkcount
 .text.init_led
                0x00000000000801ac       0x24 ../system/initialize.o
                0x00000000000801ac                init_led
 .text.nulluser
                0x00000000000801d0      0x128 ../system/initialize.o
                0x00000000000801d0                nulluser
 .text.enqueue  0x00000000000802f8       0x88 ../system/queue.o
                0x00000000000802f8                enqueue
 .text.dequeue  0x0000000000080380       0xa0 ../system/queue.o
                0x0000000000080380                dequeue
 .text.ready    0x0000000000080420       0x7c ../system/ready.o
                0x0000000000080420                ready
 .text.resched  0x000000000008049c      0x124 ../system/resched.o
                0x000000000008049c                resched
 .text.getitem  0x00000000000805c0       0x3c ../system/getitem.o
                0x00000000000805c0                getitem
 .text.getfirst
                0x00000000000805fc       0x44 ../system/getitem.o
                0x00000000000805fc                getfirst
 .text.insert   0x0000000000080640       0xc0 ../system/insert.o
                0x0000000000080640                insert
 .text.udelay   0x0000000000080700       0x70 ../system/udelay.o
                0x0000000000080700                udelay
 .text.signaln  0x0000000000080770       0xa8 ../system/signaln.o
                0x0000000000080770                signaln
 .text.wait     0x0000000000080818       0xb4 ../system/wait.o
                0x0000000000080818                wait
 .text.ioerr    0x00000000000808cc        0x8 ../system/ioerr.o
                0x00000000000808cc                ioerr
 .text.ionull   0x00000000000808d4        0x8 ../system/ionull.o
                0x00000000000808d4                ionull
 .text.kputc    0x00000000000808dc       0x4c ../device/uart-pl011/kputc.o
                0x00000000000808dc                kputc
 .text.uartControl
                0x0000000000080928       0xb0 ../device/uart-pl011/../uart/uartControl.o
                0x0000000000080928                uartControl
 .text.uartGetc
                0x00000000000809d8       0x28 ../device/uart-pl011/../uart/uartGetc.o
                0x00000000000809d8                uartGetc
 .text.uartHwInit
                0x0000000000080a00       0x60 ../device/uart-pl011/uartHwInit.o
                0x0000000000080a00                uartHwInit
 .text.uartHwPutc
                0x0000000000080a60        0xc ../device/uart-pl011/uartHwPutc.o
                0x0000000000080a60                uartHwPutc
 .text.uartInterrupt
                0x0000000000080a6c      0x164 ../device/uart-pl011/uartInterrupt.o
                0x0000000000080a6c                uartInterrupt
 .text.uartPutc
                0x0000000000080bd0       0x30 ../device/uart-pl011/../uart/uartPutc.o
                0x0000000000080bd0                uartPutc
 .text.uartRead
                0x0000000000080c00       0xe0 ../device/uart-pl011/../uart/uartRead.o
                0x0000000000080c00                uartRead
 .text.uartWrite
                0x0000000000080ce0      0x108 ../device/uart-pl011/../uart/uartWrite.o
                0x0000000000080ce0                uartWrite
 .text.kprintf  0x0000000000080de8       0x78 ../device/uart-pl011/../uart/kprintf.o
                0x0000000000080de8                kprintf
 .text.kvprintf
                0x0000000000080e60       0x6c ../device/uart-pl011/../uart/kvprintf.o
                0x0000000000080e60                kvprintf
 .text._doprnt  0x0000000000080ecc      0x6bc ../lib/libxc.a(doprnt.o)
                0x0000000000080ecc                _doprnt
 .text.memcpy   0x0000000000081588       0x20 ../lib/libxc.a(memcpy.o)
                0x0000000000081588                memcpy
 .text.strlcpy  0x00000000000815a8       0x60 ../lib/libxc.a(strlcpy.o)
                0x00000000000815a8                strlcpy
 .text.strlen   0x0000000000081608       0x1c ../lib/libxc.a(strlen.o)
                0x0000000000081608                strlen
 *(.rodata .rodata.*)
 .rodata.str1.1
                0x0000000000081624       0x17 ../system/platforms/arm-rpi3/platforminit.o
 .rodata.str1.1
                0x000000000008163b       0x1b ../system/initialize.o
 *fill*         0x0000000000081656        0x2 
 .rodata        0x0000000000081658        0x8 ../device/uart-pl011/../uart/uartControl.o
 .rodata        0x0000000000081660       0x70 ../system/conf.o
                0x0000000000081660                devtab
 .rodata.str1.1
                0x00000000000816d0        0x8 ../system/conf.o
 .rodata        0x00000000000816d8       0x38 ../lib/libxc.a(doprnt.o)
 .rodata.str1.1
                0x0000000000081710        0x7 ../lib/libxc.a(doprnt.o)
 *fill*         0x0000000000081717        0x1 
 .text          0x0000000000081718       0x70 ../loader/platforms/arm-rpi3/start.o
 .text          0x0000000000081788        0x4 ../system/platforms/arm-rpi3/ctxsw.o
                0x0000000000081788                ctxsw
 .text          0x000000000008178c        0xc ../system/platforms/arm-rpi3/intutils.o
                0x000000000008178c                enable
                0x0000000000081790                disable
                0x0000000000081794                restore
 .text          0x0000000000081798        0x4 ../system/platforms/arm-rpi3/irq_handler.o
                0x0000000000081798                irq_handler
 .text          0x000000000008179c        0x4 ../system/platforms/arm-rpi3/memory_barrier.o
                0x000000000008179c                dmb
 .text          0x00000000000817a0        0x4 ../system/platforms/arm-rpi3/pause.o
                0x00000000000817a0                pause

.iplt           0x00000000000817a4        0x0
 .iplt          0x00000000000817a4        0x0 ../loader/platforms/arm-rpi3/start.o

.rela.dyn       0x00000000000817a8        0x0
 .rela.iplt     0x00000000000817a8        0x0 ../loader/platforms/arm-rpi3/start.o
                0x00000000000817c0                . = ALIGN (0x40)

.data           0x00000000000817c0        0x8
 *(.data .data.*)
 .data          0x00000000000817c0        0x8 ../system/platforms/arm-rpi3/platforminit.o
                0x00000000000817c0                atags_ptr

.igot.plt       0x00000000000817c8        0x0
 .igot.plt      0x00000000000817c8        0x0 ../loader/platforms/arm-rpi3/start.o
                0x0000000000081800                . = ALIGN (0x40)
                0x0000000000081800                _bss = .

.bss            0x0000000000081800     0x48d0
 *(.bss .bss.*)
 .bss           0x0000000000081800        0x4 ../system/platforms/arm-rpi3/bcm2835_power.o
 *fill*         0x0000000000081804        0x4 
 .bss           0x0000000000081808     0x3238 ../system/initialize.o
                0x0000000000081808                thrcount
                0x0000000000081810                memheap
                0x0000000000081818                platform
                0x0000000000081868                memlist
                0x0000000000081878                thrtab
                0x0000000000084438                thrcurrent
                0x0000000000084440                bfptab
                0x0000000000084580                cpuid
                0x0000000000084588                readylist
                0x0000000000084590                semtab
                0x0000000000084590                montab
 .bss           0x0000000000084a40      0xe40 ../system/queue.o
                0x0000000000084a40                quetab
 .bss           0x0000000000085880        0x4 ../system/resched.o
                0x0000000000085880                resdefer
 *fill*         0x0000000000085884        0x4 
 .bss           0x0000000000085888      0x848 ../device/uart-pl011/../uart/uartInit.o
                0x0000000000085888                uarttab
                0x0000000000086100                . = ALIGN (0x40)
                0x0000000000086100                _end = .

/DISCARD/
 *(.comment .comment.* .note .note.*)
LOAD ../loader/platforms/arm-rpi3/start.o
LOAD ../system/platforms/arm-rpi3/ctxsw.o
LOAD ../system/platforms/arm-rpi3/halt.o
LOAD ../system/platforms/arm-rpi3/intutils.o
LOAD ../system/platforms/arm-rpi3/irq_handler.o
LOAD ../system/platforms/arm-rpi3/memory_barrier.o
LOAD ../system/platforms/arm-rpi3/pause.o
LOAD ../system/platforms/arm-rpi3/setupStack.o
LOAD ../system/platforms/arm-rpi3/bcm2835_power.o
LOAD ../system/platforms/arm-rpi3/dispatch.o
LOAD ../system/platforms/arm-rpi3/kexec.o
LOAD ../system/platforms/arm-rpi3/platforminit.o
LOAD ../system/platforms/arm-rpi3/timer.o
LOAD ../system/platforms/arm-rpi3/usb_dwc_hcd.o
LOAD ../system/platforms/arm-rpi3/watchdog.o
LOAD ../system/initialize.o
LOAD ../system/queue.o
LOAD ../system/ready.o
LOAD ../system/resched.o
LOAD ../system/getitem.o
LOAD ../system/insert.o
LOAD ../system/udelay.o
LOAD ../system/semcreate.o
LOAD ../system/semfree.o
LOAD ../system/semcount.o
LOAD ../system/signal.o
LOAD ../system/signaln.o
LOAD ../system/wait.o
LOAD ../system/close.o
LOAD ../system/control.o
LOAD ../system/getc.o
LOAD ../system/open.o
LOAD ../system/ioerr.o
LOAD ../system/ionull.o
LOAD ../system/read.o
LOAD ../system/putc.o
LOAD ../system/seek.o
LOAD ../system/write.o
LOAD ../system/getdev.o
LOAD ../device/uart-pl011/kgetc.o
LOAD ../device/uart-pl011/kputc.o
LOAD ../device/uart-pl011/../uart/uartControl.o
LOAD ../device/uart-pl011/../uart/uartGetc.o
LOAD ../device/uart-pl011/uartHwInit.o
LOAD ../device/uart-pl011/uartHwPutc.o
LOAD ../device/uart-pl011/uartHwStat.o
LOAD ../device/uart-pl011/../uart/uartInit.o
LOAD ../device/uart-pl011/uartInterrupt.o
LOAD ../device/uart-pl011/../uart/uartPutc.o
LOAD ../device/uart-pl011/../uart/uartRead.o
LOAD ../device/uart-pl011/../uart/uartWrite.o
LOAD ../device/uart-pl011/../uart/uartStat.o
LOAD ../device/uart-pl011/../uart/kprintf.o
LOAD ../device/uart-pl011/../uart/kvprintf.o
LOAD ../system/conf.o
LOAD ../system/main.o
LOAD ../lib/libxc.a
OUTPUT(xinu.elf elf64-littleaarch64)
