Archive member included to satisfy reference by file (symbol)

../lib/libxc.a(doprnt.o)      ../device/uart-pl011/../uart/kvprintf.o (_doprnt)
../lib/libxc.a(memcpy.o)      ../system/platforms/arm-rpi3/kexec.o (memcpy)
../lib/libxc.a(printf.o)      ../device/uart-pl011/uartHwStat.o (printf)
../lib/libxc.a(strlcpy.o)     ../system/platforms/arm-rpi3/platforminit.o (strlcpy)
../lib/libxc.a(strlen.o)      ../lib/libxc.a(doprnt.o) (strlen)
../lib/libxc.a(strncmp.o)     ../system/getdev.o (strncmp)
../lib/libxc.a(fputc.o)       ../lib/libxc.a(printf.o) (fputc)

Discarded input sections

 .data          0x0000000000000000        0x0 ../loader/platforms/arm-rpi3/start.o
 .bss           0x0000000000000000        0x0 ../loader/platforms/arm-rpi3/start.o
 .data          0x0000000000000000        0x0 ../system/platforms/arm-rpi3/ctxsw.o
 .bss           0x0000000000000000        0x0 ../system/platforms/arm-rpi3/ctxsw.o
 .text          0x0000000000000000        0xc ../system/platforms/arm-rpi3/halt.o
 .data          0x0000000000000000        0x0 ../system/platforms/arm-rpi3/halt.o
 .bss           0x0000000000000000        0x0 ../system/platforms/arm-rpi3/halt.o
 .ARM.attributes
                0x0000000000000000       0x28 ../system/platforms/arm-rpi3/halt.o
 .data          0x0000000000000000        0x0 ../system/platforms/arm-rpi3/intutils.o
 .bss           0x0000000000000000        0x0 ../system/platforms/arm-rpi3/intutils.o
 .data          0x0000000000000000        0x0 ../system/platforms/arm-rpi3/irq_handler.o
 .bss           0x0000000000000000        0x0 ../system/platforms/arm-rpi3/irq_handler.o
 .data          0x0000000000000000        0x0 ../system/platforms/arm-rpi3/memory_barrier.o
 .bss           0x0000000000000000        0x0 ../system/platforms/arm-rpi3/memory_barrier.o
 .data          0x0000000000000000        0x0 ../system/platforms/arm-rpi3/pause.o
 .bss           0x0000000000000000        0x0 ../system/platforms/arm-rpi3/pause.o
 .data          0x0000000000000000        0x0 ../system/platforms/arm-rpi3/getmode.o
 .bss           0x0000000000000000        0x0 ../system/platforms/arm-rpi3/getmode.o
 .text          0x0000000000000000        0x0 ../system/platforms/arm-rpi3/setupStack.o
 .data          0x0000000000000000        0x0 ../system/platforms/arm-rpi3/setupStack.o
 .bss           0x0000000000000000        0x0 ../system/platforms/arm-rpi3/setupStack.o
 .text.setupStack
                0x0000000000000000       0xd4 ../system/platforms/arm-rpi3/setupStack.o
 .rodata.str1.1
                0x0000000000000000       0x3f ../system/platforms/arm-rpi3/setupStack.o
 .comment       0x0000000000000000       0x22 ../system/platforms/arm-rpi3/setupStack.o
 .ARM.attributes
                0x0000000000000000       0x38 ../system/platforms/arm-rpi3/setupStack.o
 .text          0x0000000000000000        0x0 ../system/platforms/arm-rpi3/bcm2837_power.o
 .data          0x0000000000000000        0x0 ../system/platforms/arm-rpi3/bcm2837_power.o
 .text.bcm2837_setpower
                0x0000000000000000       0x8c ../system/platforms/arm-rpi3/bcm2837_power.o
 .comment       0x0000000000000000       0x22 ../system/platforms/arm-rpi3/bcm2837_power.o
 .text          0x0000000000000000        0x0 ../system/platforms/arm-rpi3/dispatch.o
 .data          0x0000000000000000        0x0 ../system/platforms/arm-rpi3/dispatch.o
 .text.disable_irq
                0x0000000000000000       0x6c ../system/platforms/arm-rpi3/dispatch.o
 .comment       0x0000000000000000       0x22 ../system/platforms/arm-rpi3/dispatch.o
 .text          0x0000000000000000        0x0 ../system/platforms/arm-rpi3/kexec.o
 .data          0x0000000000000000        0x0 ../system/platforms/arm-rpi3/kexec.o
 .bss           0x0000000000000000        0x0 ../system/platforms/arm-rpi3/kexec.o
 .text.kexec    0x0000000000000000       0x58 ../system/platforms/arm-rpi3/kexec.o
 .rodata        0x0000000000000000       0x18 ../system/platforms/arm-rpi3/kexec.o
 .comment       0x0000000000000000       0x22 ../system/platforms/arm-rpi3/kexec.o
 .ARM.attributes
                0x0000000000000000       0x38 ../system/platforms/arm-rpi3/kexec.o
 .text          0x0000000000000000        0x0 ../system/platforms/arm-rpi3/platforminit.o
 .bss           0x0000000000000000        0x0 ../system/platforms/arm-rpi3/platforminit.o
 .comment       0x0000000000000000       0x22 ../system/platforms/arm-rpi3/platforminit.o
 .text          0x0000000000000000        0x0 ../system/platforms/arm-rpi3/timer.o
 .data          0x0000000000000000        0x0 ../system/platforms/arm-rpi3/timer.o
 .bss           0x0000000000000000        0x0 ../system/platforms/arm-rpi3/timer.o
 .comment       0x0000000000000000       0x22 ../system/platforms/arm-rpi3/timer.o
 .text          0x0000000000000000        0x0 ../system/platforms/arm-rpi3/usb_dwc_hcd.o
 .data          0x0000000000000000        0x0 ../system/platforms/arm-rpi3/usb_dwc_hcd.o
 .bss           0x0000000000000000     0x203c ../system/platforms/arm-rpi3/usb_dwc_hcd.o
 .text.dwc_get_host_port_ctrlstatus
                0x0000000000000000       0x14 ../system/platforms/arm-rpi3/usb_dwc_hcd.o
 .text.dwc_host_port_status_changed
                0x0000000000000000       0x38 ../system/platforms/arm-rpi3/usb_dwc_hcd.o
 .text.dwc_channel_start_transaction
                0x0000000000000000       0x8c ../system/platforms/arm-rpi3/usb_dwc_hcd.o
 .text.dwc_channel_start_xfer
                0x0000000000000000      0x2d8 ../system/platforms/arm-rpi3/usb_dwc_hcd.o
 .text.dwc_get_free_channel
                0x0000000000000000       0x44 ../system/platforms/arm-rpi3/usb_dwc_hcd.o
 .text.defer_xfer_thread
                0x0000000000000000       0xd0 ../system/platforms/arm-rpi3/usb_dwc_hcd.o
 .text.dwc_schedule_xfer_requests
                0x0000000000000000      0x390 ../system/platforms/arm-rpi3/usb_dwc_hcd.o
 .text.dwc_interrupt_handler
                0x0000000000000000      0x66c ../system/platforms/arm-rpi3/usb_dwc_hcd.o
 .text.hcd_start
                0x0000000000000000      0x134 ../system/platforms/arm-rpi3/usb_dwc_hcd.o
 .text.hcd_stop
                0x0000000000000000       0x4c ../system/platforms/arm-rpi3/usb_dwc_hcd.o
 .text.hcd_submit_xfer_request
                0x0000000000000000       0x20 ../system/platforms/arm-rpi3/usb_dwc_hcd.o
 .rodata        0x0000000000000000       0x67 ../system/platforms/arm-rpi3/usb_dwc_hcd.o
 .rodata.str1.1
                0x0000000000000000       0x1d ../system/platforms/arm-rpi3/usb_dwc_hcd.o
 .comment       0x0000000000000000       0x22 ../system/platforms/arm-rpi3/usb_dwc_hcd.o
 .ARM.attributes
                0x0000000000000000       0x38 ../system/platforms/arm-rpi3/usb_dwc_hcd.o
 .text          0x0000000000000000        0x0 ../system/platforms/arm-rpi3/watchdog.o
 .data          0x0000000000000000        0x0 ../system/platforms/arm-rpi3/watchdog.o
 .bss           0x0000000000000000        0x0 ../system/platforms/arm-rpi3/watchdog.o
 .text.watchdogset
                0x0000000000000000       0x34 ../system/platforms/arm-rpi3/watchdog.o
 .comment       0x0000000000000000       0x22 ../system/platforms/arm-rpi3/watchdog.o
 .ARM.attributes
                0x0000000000000000       0x38 ../system/platforms/arm-rpi3/watchdog.o
 .text          0x0000000000000000        0x0 ../system/initialize.o
 .data          0x0000000000000000        0x0 ../system/initialize.o
 .text.led_on   0x0000000000000000       0x14 ../system/initialize.o
 .text.led_off  0x0000000000000000       0x14 ../system/initialize.o
 .text.button_lev
                0x0000000000000000       0x14 ../system/initialize.o
 .comment       0x0000000000000000       0x22 ../system/initialize.o
 .text          0x0000000000000000        0x0 ../system/queue.o
 .data          0x0000000000000000        0x0 ../system/queue.o
 .comment       0x0000000000000000       0x22 ../system/queue.o
 .text          0x0000000000000000        0x0 ../system/main.o
 .data          0x0000000000000000        0x0 ../system/main.o
 .bss           0x0000000000000000        0x0 ../system/main.o
 .text.startup.main
                0x0000000000000000        0x8 ../system/main.o
 .comment       0x0000000000000000       0x22 ../system/main.o
 .text          0x0000000000000000        0x0 ../system/ready.o
 .data          0x0000000000000000        0x0 ../system/ready.o
 .bss           0x0000000000000000        0x0 ../system/ready.o
 .comment       0x0000000000000000       0x22 ../system/ready.o
 .text          0x0000000000000000        0x0 ../system/resched.o
 .data          0x0000000000000000        0x0 ../system/resched.o
 .comment       0x0000000000000000       0x22 ../system/resched.o
 .text          0x0000000000000000        0x0 ../system/getitem.o
 .data          0x0000000000000000        0x0 ../system/getitem.o
 .bss           0x0000000000000000        0x0 ../system/getitem.o
 .text.getlast  0x0000000000000000       0x4c ../system/getitem.o
 .comment       0x0000000000000000       0x22 ../system/getitem.o
 .text          0x0000000000000000        0x0 ../system/insert.o
 .data          0x0000000000000000        0x0 ../system/insert.o
 .bss           0x0000000000000000        0x0 ../system/insert.o
 .comment       0x0000000000000000       0x22 ../system/insert.o
 .text          0x0000000000000000        0x0 ../system/udelay.o
 .data          0x0000000000000000        0x0 ../system/udelay.o
 .bss           0x0000000000000000        0x0 ../system/udelay.o
 .comment       0x0000000000000000       0x22 ../system/udelay.o
 .text          0x0000000000000000        0x0 ../system/semcreate.o
 .data          0x0000000000000000        0x0 ../system/semcreate.o
 .bss           0x0000000000000000        0x4 ../system/semcreate.o
 .text.semcreate
                0x0000000000000000       0x8c ../system/semcreate.o
 .comment       0x0000000000000000       0x22 ../system/semcreate.o
 .ARM.attributes
                0x0000000000000000       0x38 ../system/semcreate.o
 .text          0x0000000000000000        0x0 ../system/semfree.o
 .data          0x0000000000000000        0x0 ../system/semfree.o
 .bss           0x0000000000000000        0x0 ../system/semfree.o
 .text.semfree  0x0000000000000000       0x94 ../system/semfree.o
 .comment       0x0000000000000000       0x22 ../system/semfree.o
 .ARM.attributes
                0x0000000000000000       0x38 ../system/semfree.o
 .text          0x0000000000000000        0x0 ../system/semcount.o
 .data          0x0000000000000000        0x0 ../system/semcount.o
 .bss           0x0000000000000000        0x0 ../system/semcount.o
 .text.semcount
                0x0000000000000000       0x38 ../system/semcount.o
 .comment       0x0000000000000000       0x22 ../system/semcount.o
 .ARM.attributes
                0x0000000000000000       0x38 ../system/semcount.o
 .text          0x0000000000000000        0x0 ../system/signal.o
 .data          0x0000000000000000        0x0 ../system/signal.o
 .bss           0x0000000000000000        0x0 ../system/signal.o
 .text.signal   0x0000000000000000       0x7c ../system/signal.o
 .comment       0x0000000000000000       0x22 ../system/signal.o
 .ARM.attributes
                0x0000000000000000       0x38 ../system/signal.o
 .text          0x0000000000000000        0x0 ../system/signaln.o
 .data          0x0000000000000000        0x0 ../system/signaln.o
 .bss           0x0000000000000000        0x0 ../system/signaln.o
 .comment       0x0000000000000000       0x22 ../system/signaln.o
 .text          0x0000000000000000        0x0 ../system/wait.o
 .data          0x0000000000000000        0x0 ../system/wait.o
 .bss           0x0000000000000000        0x0 ../system/wait.o
 .comment       0x0000000000000000       0x22 ../system/wait.o
 .text          0x0000000000000000        0x0 ../system/close.o
 .data          0x0000000000000000        0x0 ../system/close.o
 .bss           0x0000000000000000        0x0 ../system/close.o
 .text.close    0x0000000000000000       0x20 ../system/close.o
 .comment       0x0000000000000000       0x22 ../system/close.o
 .ARM.attributes
                0x0000000000000000       0x38 ../system/close.o
 .text          0x0000000000000000        0x0 ../system/control.o
 .data          0x0000000000000000        0x0 ../system/control.o
 .bss           0x0000000000000000        0x0 ../system/control.o
 .text.control  0x0000000000000000       0x20 ../system/control.o
 .comment       0x0000000000000000       0x22 ../system/control.o
 .ARM.attributes
                0x0000000000000000       0x38 ../system/control.o
 .text          0x0000000000000000        0x0 ../system/getc.o
 .data          0x0000000000000000        0x0 ../system/getc.o
 .bss           0x0000000000000000        0x0 ../system/getc.o
 .text.getc     0x0000000000000000       0x20 ../system/getc.o
 .comment       0x0000000000000000       0x22 ../system/getc.o
 .ARM.attributes
                0x0000000000000000       0x38 ../system/getc.o
 .text          0x0000000000000000        0x0 ../system/open.o
 .data          0x0000000000000000        0x0 ../system/open.o
 .bss           0x0000000000000000        0x0 ../system/open.o
 .text.open     0x0000000000000000       0x40 ../system/open.o
 .comment       0x0000000000000000       0x22 ../system/open.o
 .ARM.attributes
                0x0000000000000000       0x38 ../system/open.o
 .text          0x0000000000000000        0x0 ../system/ioerr.o
 .data          0x0000000000000000        0x0 ../system/ioerr.o
 .bss           0x0000000000000000        0x0 ../system/ioerr.o
 .comment       0x0000000000000000       0x22 ../system/ioerr.o
 .text          0x0000000000000000        0x0 ../system/ionull.o
 .data          0x0000000000000000        0x0 ../system/ionull.o
 .bss           0x0000000000000000        0x0 ../system/ionull.o
 .comment       0x0000000000000000       0x22 ../system/ionull.o
 .text          0x0000000000000000        0x0 ../system/read.o
 .data          0x0000000000000000        0x0 ../system/read.o
 .bss           0x0000000000000000        0x0 ../system/read.o
 .text.read     0x0000000000000000       0x20 ../system/read.o
 .comment       0x0000000000000000       0x22 ../system/read.o
 .ARM.attributes
                0x0000000000000000       0x38 ../system/read.o
 .text          0x0000000000000000        0x0 ../system/putc.o
 .data          0x0000000000000000        0x0 ../system/putc.o
 .bss           0x0000000000000000        0x0 ../system/putc.o
 .text.putc     0x0000000000000000       0x20 ../system/putc.o
 .comment       0x0000000000000000       0x22 ../system/putc.o
 .ARM.attributes
                0x0000000000000000       0x38 ../system/putc.o
 .text          0x0000000000000000        0x0 ../system/seek.o
 .data          0x0000000000000000        0x0 ../system/seek.o
 .bss           0x0000000000000000        0x0 ../system/seek.o
 .text.seek     0x0000000000000000       0x20 ../system/seek.o
 .comment       0x0000000000000000       0x22 ../system/seek.o
 .ARM.attributes
                0x0000000000000000       0x38 ../system/seek.o
 .text          0x0000000000000000        0x0 ../system/write.o
 .data          0x0000000000000000        0x0 ../system/write.o
 .bss           0x0000000000000000        0x0 ../system/write.o
 .text.write    0x0000000000000000       0x20 ../system/write.o
 .comment       0x0000000000000000       0x22 ../system/write.o
 .ARM.attributes
                0x0000000000000000       0x38 ../system/write.o
 .text          0x0000000000000000        0x0 ../system/getdev.o
 .data          0x0000000000000000        0x0 ../system/getdev.o
 .bss           0x0000000000000000        0x0 ../system/getdev.o
 .text.getdev   0x0000000000000000       0x28 ../system/getdev.o
 .comment       0x0000000000000000       0x22 ../system/getdev.o
 .ARM.attributes
                0x0000000000000000       0x38 ../system/getdev.o
 .text          0x0000000000000000        0x0 ../device/uart-pl011/kgetc.o
 .data          0x0000000000000000        0x0 ../device/uart-pl011/kgetc.o
 .bss           0x0000000000000000        0x0 ../device/uart-pl011/kgetc.o
 .text.kgetc    0x0000000000000000       0x50 ../device/uart-pl011/kgetc.o
 .comment       0x0000000000000000       0x22 ../device/uart-pl011/kgetc.o
 .ARM.attributes
                0x0000000000000000       0x38 ../device/uart-pl011/kgetc.o
 .text          0x0000000000000000        0x0 ../device/uart-pl011/kputc.o
 .data          0x0000000000000000        0x0 ../device/uart-pl011/kputc.o
 .bss           0x0000000000000000        0x0 ../device/uart-pl011/kputc.o
 .comment       0x0000000000000000       0x22 ../device/uart-pl011/kputc.o
 .text          0x0000000000000000        0x0 ../device/uart-pl011/../uart/uartControl.o
 .data          0x0000000000000000        0x0 ../device/uart-pl011/../uart/uartControl.o
 .bss           0x0000000000000000        0x0 ../device/uart-pl011/../uart/uartControl.o
 .comment       0x0000000000000000       0x22 ../device/uart-pl011/../uart/uartControl.o
 .text          0x0000000000000000        0x0 ../device/uart-pl011/../uart/uartGetc.o
 .data          0x0000000000000000        0x0 ../device/uart-pl011/../uart/uartGetc.o
 .bss           0x0000000000000000        0x0 ../device/uart-pl011/../uart/uartGetc.o
 .comment       0x0000000000000000       0x22 ../device/uart-pl011/../uart/uartGetc.o
 .text          0x0000000000000000        0x0 ../device/uart-pl011/uartHwInit.o
 .data          0x0000000000000000        0x0 ../device/uart-pl011/uartHwInit.o
 .bss           0x0000000000000000        0x0 ../device/uart-pl011/uartHwInit.o
 .comment       0x0000000000000000       0x22 ../device/uart-pl011/uartHwInit.o
 .text          0x0000000000000000        0x0 ../device/uart-pl011/uartHwPutc.o
 .data          0x0000000000000000        0x0 ../device/uart-pl011/uartHwPutc.o
 .bss           0x0000000000000000        0x0 ../device/uart-pl011/uartHwPutc.o
 .comment       0x0000000000000000       0x22 ../device/uart-pl011/uartHwPutc.o
 .text          0x0000000000000000        0x0 ../device/uart-pl011/uartHwStat.o
 .data          0x0000000000000000        0x0 ../device/uart-pl011/uartHwStat.o
 .bss           0x0000000000000000        0x0 ../device/uart-pl011/uartHwStat.o
 .text.uartHwStat
                0x0000000000000000       0x5c ../device/uart-pl011/uartHwStat.o
 .rodata        0x0000000000000000        0x8 ../device/uart-pl011/uartHwStat.o
 .rodata.str1.1
                0x0000000000000000       0x91 ../device/uart-pl011/uartHwStat.o
 .comment       0x0000000000000000       0x22 ../device/uart-pl011/uartHwStat.o
 .ARM.attributes
                0x0000000000000000       0x38 ../device/uart-pl011/uartHwStat.o
 .text          0x0000000000000000        0x0 ../device/uart-pl011/../uart/uartInit.o
 .data          0x0000000000000000        0x0 ../device/uart-pl011/../uart/uartInit.o
 .comment       0x0000000000000000       0x22 ../device/uart-pl011/../uart/uartInit.o
 .text          0x0000000000000000        0x0 ../device/uart-pl011/uartInterrupt.o
 .data          0x0000000000000000        0x0 ../device/uart-pl011/uartInterrupt.o
 .bss           0x0000000000000000        0x0 ../device/uart-pl011/uartInterrupt.o
 .comment       0x0000000000000000       0x22 ../device/uart-pl011/uartInterrupt.o
 .text          0x0000000000000000        0x0 ../device/uart-pl011/../uart/uartPutc.o
 .data          0x0000000000000000        0x0 ../device/uart-pl011/../uart/uartPutc.o
 .bss           0x0000000000000000        0x0 ../device/uart-pl011/../uart/uartPutc.o
 .comment       0x0000000000000000       0x22 ../device/uart-pl011/../uart/uartPutc.o
 .text          0x0000000000000000        0x0 ../device/uart-pl011/../uart/uartRead.o
 .data          0x0000000000000000        0x0 ../device/uart-pl011/../uart/uartRead.o
 .bss           0x0000000000000000        0x0 ../device/uart-pl011/../uart/uartRead.o
 .comment       0x0000000000000000       0x22 ../device/uart-pl011/../uart/uartRead.o
 .text          0x0000000000000000        0x0 ../device/uart-pl011/../uart/uartWrite.o
 .data          0x0000000000000000        0x0 ../device/uart-pl011/../uart/uartWrite.o
 .bss           0x0000000000000000        0x0 ../device/uart-pl011/../uart/uartWrite.o
 .comment       0x0000000000000000       0x22 ../device/uart-pl011/../uart/uartWrite.o
 .text          0x0000000000000000        0x0 ../device/uart-pl011/../uart/uartStat.o
 .data          0x0000000000000000        0x0 ../device/uart-pl011/../uart/uartStat.o
 .bss           0x0000000000000000        0x0 ../device/uart-pl011/../uart/uartStat.o
 .text.uartStat
                0x0000000000000000       0xcc ../device/uart-pl011/../uart/uartStat.o
 .rodata.str1.1
                0x0000000000000000       0xd2 ../device/uart-pl011/../uart/uartStat.o
 .comment       0x0000000000000000       0x22 ../device/uart-pl011/../uart/uartStat.o
 .ARM.attributes
                0x0000000000000000       0x38 ../device/uart-pl011/../uart/uartStat.o
 .text          0x0000000000000000        0x0 ../device/uart-pl011/../uart/kprintf.o
 .data          0x0000000000000000        0x0 ../device/uart-pl011/../uart/kprintf.o
 .bss           0x0000000000000000        0x0 ../device/uart-pl011/../uart/kprintf.o
 .comment       0x0000000000000000       0x22 ../device/uart-pl011/../uart/kprintf.o
 .text          0x0000000000000000        0x0 ../device/uart-pl011/../uart/kvprintf.o
 .data          0x0000000000000000        0x0 ../device/uart-pl011/../uart/kvprintf.o
 .bss           0x0000000000000000        0x0 ../device/uart-pl011/../uart/kvprintf.o
 .comment       0x0000000000000000       0x22 ../device/uart-pl011/../uart/kvprintf.o
 .text          0x0000000000000000        0x0 ../system/conf.o
 .data          0x0000000000000000        0x0 ../system/conf.o
 .bss           0x0000000000000000        0x0 ../system/conf.o
 .comment       0x0000000000000000       0x22 ../system/conf.o
 .text          0x0000000000000000        0x0 ../lib/libxc.a(doprnt.o)
 .data          0x0000000000000000        0x0 ../lib/libxc.a(doprnt.o)
 .bss           0x0000000000000000        0x0 ../lib/libxc.a(doprnt.o)
 .comment       0x0000000000000000       0x22 ../lib/libxc.a(doprnt.o)
 .text          0x0000000000000000        0x0 ../lib/libxc.a(memcpy.o)
 .data          0x0000000000000000        0x0 ../lib/libxc.a(memcpy.o)
 .bss           0x0000000000000000        0x0 ../lib/libxc.a(memcpy.o)
 .comment       0x0000000000000000       0x22 ../lib/libxc.a(memcpy.o)
 .text          0x0000000000000000        0x0 ../lib/libxc.a(printf.o)
 .data          0x0000000000000000        0x0 ../lib/libxc.a(printf.o)
 .bss           0x0000000000000000        0x0 ../lib/libxc.a(printf.o)
 .text.printf   0x0000000000000000       0x50 ../lib/libxc.a(printf.o)
 .comment       0x0000000000000000       0x22 ../lib/libxc.a(printf.o)
 .ARM.attributes
                0x0000000000000000       0x38 ../lib/libxc.a(printf.o)
 .text          0x0000000000000000        0x0 ../lib/libxc.a(strlcpy.o)
 .data          0x0000000000000000        0x0 ../lib/libxc.a(strlcpy.o)
 .bss           0x0000000000000000        0x0 ../lib/libxc.a(strlcpy.o)
 .comment       0x0000000000000000       0x22 ../lib/libxc.a(strlcpy.o)
 .text          0x0000000000000000        0x0 ../lib/libxc.a(strlen.o)
 .data          0x0000000000000000        0x0 ../lib/libxc.a(strlen.o)
 .bss           0x0000000000000000        0x0 ../lib/libxc.a(strlen.o)
 .comment       0x0000000000000000       0x22 ../lib/libxc.a(strlen.o)
 .text          0x0000000000000000        0x0 ../lib/libxc.a(strncmp.o)
 .data          0x0000000000000000        0x0 ../lib/libxc.a(strncmp.o)
 .bss           0x0000000000000000        0x0 ../lib/libxc.a(strncmp.o)
 .text.strncmp  0x0000000000000000       0x68 ../lib/libxc.a(strncmp.o)
 .comment       0x0000000000000000       0x22 ../lib/libxc.a(strncmp.o)
 .ARM.attributes
                0x0000000000000000       0x38 ../lib/libxc.a(strncmp.o)
 .text          0x0000000000000000        0x0 ../lib/libxc.a(fputc.o)
 .data          0x0000000000000000        0x0 ../lib/libxc.a(fputc.o)
 .bss           0x0000000000000000        0x0 ../lib/libxc.a(fputc.o)
 .text.fputc    0x0000000000000000       0x28 ../lib/libxc.a(fputc.o)
 .comment       0x0000000000000000       0x22 ../lib/libxc.a(fputc.o)
 .ARM.attributes
                0x0000000000000000       0x38 ../lib/libxc.a(fputc.o)

Memory Configuration

Name             Origin             Length             Attributes
*default*        0x0000000000000000 0xffffffffffffffff

Linker script and memory map

                0x0000000000008000                . = 0x8000

.init           0x0000000000008000       0x84
 *(.init .init.*)
 .init          0x0000000000008000       0x84 ../loader/platforms/arm-rpi3/start.o
                0x0000000000008000                _start
                0x00000000000080c0                . = ALIGN (0x40)

.text           0x00000000000080c0     0x1b84
 *(.txt .text.*)
 .text.bcm2837_power_init
                0x00000000000080c0       0x2c ../system/platforms/arm-rpi3/bcm2837_power.o
                0x00000000000080c0                bcm2837_power_init
 .text.dispatch
                0x00000000000080ec        0xc ../system/platforms/arm-rpi3/dispatch.o
                0x00000000000080ec                dispatch
 .text.enable_irq
                0x00000000000080f8       0x6c ../system/platforms/arm-rpi3/dispatch.o
                0x00000000000080f8                enable_irq
 .text.pl011init
                0x0000000000008164       0x90 ../system/platforms/arm-rpi3/platforminit.o
                0x0000000000008164                pl011init
 .text.platforminit
                0x00000000000081f4      0x1ec ../system/platforms/arm-rpi3/platforminit.o
                0x00000000000081f4                platforminit
 .text.clkcount
                0x00000000000083e0       0x20 ../system/platforms/arm-rpi3/timer.o
                0x00000000000083e0                clkcount
 .text.clkupdate
                0x0000000000008400       0x30 ../system/platforms/arm-rpi3/timer.o
                0x0000000000008400                clkupdate
 .text.init_led
                0x0000000000008430       0x24 ../system/initialize.o
                0x0000000000008430                init_led
 .text.init_button
                0x0000000000008454       0x18 ../system/initialize.o
                0x0000000000008454                init_button
 .text.nulluser
                0x000000000000846c      0x174 ../system/initialize.o
                0x000000000000846c                nulluser
 .text.enqueue  0x00000000000085e0       0x70 ../system/queue.o
                0x00000000000085e0                enqueue
 .text.dequeue  0x0000000000008650       0x7c ../system/queue.o
                0x0000000000008650                dequeue
 .text.print_os_info
                0x00000000000086cc      0x130 ../system/main.o
                0x00000000000086cc                print_os_info
 .text.ready    0x00000000000087fc       0x70 ../system/ready.o
                0x00000000000087fc                ready
 .text.resched  0x000000000000886c      0x108 ../system/resched.o
                0x000000000000886c                resched
 .text.getitem  0x0000000000008974       0x38 ../system/getitem.o
                0x0000000000008974                getitem
 .text.getfirst
                0x00000000000089ac       0x44 ../system/getitem.o
                0x00000000000089ac                getfirst
 .text.insert   0x00000000000089f0       0xa0 ../system/insert.o
                0x00000000000089f0                insert
 .text.udelay   0x0000000000008a90       0x70 ../system/udelay.o
                0x0000000000008a90                udelay
 .text.signaln  0x0000000000008b00       0x90 ../system/signaln.o
                0x0000000000008b00                signaln
 .text.wait     0x0000000000008b90       0xa4 ../system/wait.o
                0x0000000000008b90                wait
 .text.ioerr    0x0000000000008c34        0x8 ../system/ioerr.o
                0x0000000000008c34                ioerr
 .text.ionull   0x0000000000008c3c        0x8 ../system/ionull.o
                0x0000000000008c3c                ionull
 .text.kputc    0x0000000000008c44       0x4c ../device/uart-pl011/kputc.o
                0x0000000000008c44                kputc
 .text.uartControl
                0x0000000000008c90      0x100 ../device/uart-pl011/../uart/uartControl.o
                0x0000000000008c90                uartControl
 .text.uartGetc
                0x0000000000008d90       0x24 ../device/uart-pl011/../uart/uartGetc.o
                0x0000000000008d90                uartGetc
 .text.uartHwInit
                0x0000000000008db4       0x98 ../device/uart-pl011/uartHwInit.o
                0x0000000000008db4                uartHwInit
 .text.uartHwPutc
                0x0000000000008e4c        0x8 ../device/uart-pl011/uartHwPutc.o
                0x0000000000008e4c                uartHwPutc
 .text.uartInit
                0x0000000000008e54       0x54 ../device/uart-pl011/../uart/uartInit.o
                0x0000000000008e54                uartInit
 .text.uartInterrupt
                0x0000000000008ea8      0x160 ../device/uart-pl011/uartInterrupt.o
                0x0000000000008ea8                uartInterrupt
 .text.uartPutc
                0x0000000000009008       0x2c ../device/uart-pl011/../uart/uartPutc.o
                0x0000000000009008                uartPutc
 .text.uartRead
                0x0000000000009034       0xd0 ../device/uart-pl011/../uart/uartRead.o
                0x0000000000009034                uartRead
 .text.uartWrite
                0x0000000000009104       0xf0 ../device/uart-pl011/../uart/uartWrite.o
                0x0000000000009104                uartWrite
 .text.kprintf  0x00000000000091f4       0x28 ../device/uart-pl011/../uart/kprintf.o
                0x00000000000091f4                kprintf
 .text.kvprintf
                0x000000000000921c       0x44 ../device/uart-pl011/../uart/kvprintf.o
                0x000000000000921c                kvprintf
 .text._doprnt  0x0000000000009260      0x4f8 ../lib/libxc.a(doprnt.o)
                0x0000000000009260                _doprnt
 .text.memcpy   0x0000000000009758       0x20 ../lib/libxc.a(memcpy.o)
                0x0000000000009758                memcpy
 .text.strlcpy  0x0000000000009778       0x50 ../lib/libxc.a(strlcpy.o)
                0x0000000000009778                strlcpy
 .text.strlen   0x00000000000097c8       0x1c ../lib/libxc.a(strlen.o)
                0x00000000000097c8                strlen
 *(.rodata .rodata.*)
 .rodata.str1.1
                0x00000000000097e4       0x16 ../system/platforms/arm-rpi3/dispatch.o
 .rodata.str1.1
                0x00000000000097fa      0x163 ../system/platforms/arm-rpi3/platforminit.o
 .rodata.str1.1
                0x000000000000995d       0x33 ../system/initialize.o
 .rodata.str1.1
                0x0000000000009990      0x14a ../system/main.o
                                        0x152 (size before relaxing)
 *fill*         0x0000000000009ada        0x2 
 .rodata        0x0000000000009adc       0x3c ../system/conf.o
                0x0000000000009adc                devtab
 .rodata.str1.1
                0x0000000000009b18        0x8 ../system/conf.o
 .rodata        0x0000000000009b20       0x31 ../lib/libxc.a(doprnt.o)
 .rodata.str1.1
                0x0000000000009b51        0x7 ../lib/libxc.a(doprnt.o)
 .text          0x0000000000009b58       0x60 ../loader/platforms/arm-rpi3/start.o
 *fill*         0x0000000000009bb8        0x8 
 .text          0x0000000000009bc0       0x1c ../system/platforms/arm-rpi3/ctxsw.o
                0x0000000000009bc0                ctxsw
 .text          0x0000000000009bdc       0x1c ../system/platforms/arm-rpi3/intutils.o
                0x0000000000009bdc                enable
                0x0000000000009be4                disable
                0x0000000000009bf0                restore
 .text          0x0000000000009bf8       0x30 ../system/platforms/arm-rpi3/irq_handler.o
                0x0000000000009bf8                irq_handler
 .text          0x0000000000009c28        0xc ../system/platforms/arm-rpi3/memory_barrier.o
                0x0000000000009c28                dmb
 .text          0x0000000000009c34        0x8 ../system/platforms/arm-rpi3/pause.o
                0x0000000000009c34                pause
 .text          0x0000000000009c3c        0x8 ../system/platforms/arm-rpi3/getmode.o
                0x0000000000009c3c                getmode

.glue_7         0x0000000000009c44        0x0
 .glue_7        0x0000000000009c44        0x0 linker stubs

.glue_7t        0x0000000000009c44        0x0
 .glue_7t       0x0000000000009c44        0x0 linker stubs

.vfp11_veneer   0x0000000000009c44        0x0
 .vfp11_veneer  0x0000000000009c44        0x0 linker stubs

.v4_bx          0x0000000000009c44        0x0
 .v4_bx         0x0000000000009c44        0x0 linker stubs

.iplt           0x0000000000009c44        0x0
 .iplt          0x0000000000009c44        0x0 ../loader/platforms/arm-rpi3/start.o

.rel.dyn        0x0000000000009c44        0x0
 .rel.iplt      0x0000000000009c44        0x0 ../loader/platforms/arm-rpi3/start.o
                0x0000000000009c80                . = ALIGN (0x40)

.data           0x0000000000009c80        0x4
 *(.data .data.*)
 .data          0x0000000000009c80        0x4 ../system/platforms/arm-rpi3/platforminit.o
                0x0000000000009c80                atags_ptr

.igot.plt       0x0000000000009c84        0x0
 .igot.plt      0x0000000000009c84        0x0 ../loader/platforms/arm-rpi3/start.o
                0x0000000000009cc0                . = ALIGN (0x40)
                0x0000000000009cc0                _bss = .

.bss            0x0000000000009cc0     0x3e48
 *(.bss .bss.*)
 .bss           0x0000000000009cc0        0x4 ../system/platforms/arm-rpi3/bcm2837_power.o
 .bss           0x0000000000009cc4      0x12c ../system/platforms/arm-rpi3/dispatch.o
                0x0000000000009cd0                interruptVector
 .bss           0x0000000000009df0     0x2698 ../system/initialize.o
                0x0000000000009df0                thrcount
                0x0000000000009df4                memheap
                0x0000000000009df8                platform
                0x0000000000009e34                memlist
                0x0000000000009e3c                thrtab
                0x000000000000bf0c                thrcurrent
                0x000000000000bf10                bfptab
                0x000000000000bfd0                cpuid
                0x000000000000bfd4                readylist
                0x000000000000bfd8                semtab
                0x000000000000bfd8                montab
 .bss           0x000000000000c488      0xe40 ../system/queue.o
                0x000000000000c488                quetab
 .bss           0x000000000000d2c8        0x4 ../system/resched.o
                0x000000000000d2c8                resdefer
 .bss           0x000000000000d2cc      0x83c ../device/uart-pl011/../uart/uartInit.o
                0x000000000000d2cc                uarttab
                0x000000000000db40                . = ALIGN (0x40)
                0x000000000000db40                _end = .

/DISCARD/
 *(.comment .comment.* .note .note.*)
LOAD ../loader/platforms/arm-rpi3/start.o
LOAD ../system/platforms/arm-rpi3/ctxsw.o
LOAD ../system/platforms/arm-rpi3/halt.o
LOAD ../system/platforms/arm-rpi3/intutils.o
LOAD ../system/platforms/arm-rpi3/irq_handler.o
LOAD ../system/platforms/arm-rpi3/memory_barrier.o
LOAD ../system/platforms/arm-rpi3/pause.o
LOAD ../system/platforms/arm-rpi3/getmode.o
LOAD ../system/platforms/arm-rpi3/setupStack.o
LOAD ../system/platforms/arm-rpi3/bcm2837_power.o
LOAD ../system/platforms/arm-rpi3/dispatch.o
LOAD ../system/platforms/arm-rpi3/kexec.o
LOAD ../system/platforms/arm-rpi3/platforminit.o
LOAD ../system/platforms/arm-rpi3/timer.o
LOAD ../system/platforms/arm-rpi3/usb_dwc_hcd.o
LOAD ../system/platforms/arm-rpi3/watchdog.o
LOAD ../system/initialize.o
LOAD ../system/queue.o
LOAD ../system/main.o
LOAD ../system/ready.o
LOAD ../system/resched.o
LOAD ../system/getitem.o
LOAD ../system/insert.o
LOAD ../system/udelay.o
LOAD ../system/semcreate.o
LOAD ../system/semfree.o
LOAD ../system/semcount.o
LOAD ../system/signal.o
LOAD ../system/signaln.o
LOAD ../system/wait.o
LOAD ../system/close.o
LOAD ../system/control.o
LOAD ../system/getc.o
LOAD ../system/open.o
LOAD ../system/ioerr.o
LOAD ../system/ionull.o
LOAD ../system/read.o
LOAD ../system/putc.o
LOAD ../system/seek.o
LOAD ../system/write.o
LOAD ../system/getdev.o
LOAD ../device/uart-pl011/kgetc.o
LOAD ../device/uart-pl011/kputc.o
LOAD ../device/uart-pl011/../uart/uartControl.o
LOAD ../device/uart-pl011/../uart/uartGetc.o
LOAD ../device/uart-pl011/uartHwInit.o
LOAD ../device/uart-pl011/uartHwPutc.o
LOAD ../device/uart-pl011/uartHwStat.o
LOAD ../device/uart-pl011/../uart/uartInit.o
LOAD ../device/uart-pl011/uartInterrupt.o
LOAD ../device/uart-pl011/../uart/uartPutc.o
LOAD ../device/uart-pl011/../uart/uartRead.o
LOAD ../device/uart-pl011/../uart/uartWrite.o
LOAD ../device/uart-pl011/../uart/uartStat.o
LOAD ../device/uart-pl011/../uart/kprintf.o
LOAD ../device/uart-pl011/../uart/kvprintf.o
LOAD ../system/conf.o
LOAD ../lib/libxc.a
OUTPUT(xinu.elf elf32-littlearm)

.ARM.attributes
                0x0000000000000000       0x34
 .ARM.attributes
                0x0000000000000000       0x28 ../loader/platforms/arm-rpi3/start.o
 .ARM.attributes
                0x0000000000000028       0x28 ../system/platforms/arm-rpi3/ctxsw.o
 .ARM.attributes
                0x0000000000000050       0x28 ../system/platforms/arm-rpi3/intutils.o
 .ARM.attributes
                0x0000000000000078       0x28 ../system/platforms/arm-rpi3/irq_handler.o
 .ARM.attributes
                0x00000000000000a0       0x28 ../system/platforms/arm-rpi3/memory_barrier.o
 .ARM.attributes
                0x00000000000000c8       0x28 ../system/platforms/arm-rpi3/pause.o
 .ARM.attributes
                0x00000000000000f0       0x28 ../system/platforms/arm-rpi3/getmode.o
 .ARM.attributes
                0x0000000000000118       0x38 ../system/platforms/arm-rpi3/bcm2837_power.o
 .ARM.attributes
                0x0000000000000150       0x38 ../system/platforms/arm-rpi3/dispatch.o
 .ARM.attributes
                0x0000000000000188       0x38 ../system/platforms/arm-rpi3/platforminit.o
 .ARM.attributes
                0x00000000000001c0       0x38 ../system/platforms/arm-rpi3/timer.o
 .ARM.attributes
                0x00000000000001f8       0x38 ../system/initialize.o
 .ARM.attributes
                0x0000000000000230       0x38 ../system/queue.o
 .ARM.attributes
                0x0000000000000268       0x38 ../system/main.o
 .ARM.attributes
                0x00000000000002a0       0x38 ../system/ready.o
 .ARM.attributes
                0x00000000000002d8       0x38 ../system/resched.o
 .ARM.attributes
                0x0000000000000310       0x38 ../system/getitem.o
 .ARM.attributes
                0x0000000000000348       0x38 ../system/insert.o
 .ARM.attributes
                0x0000000000000380       0x38 ../system/udelay.o
 .ARM.attributes
                0x00000000000003b8       0x38 ../system/signaln.o
 .ARM.attributes
                0x00000000000003f0       0x38 ../system/wait.o
 .ARM.attributes
                0x0000000000000428       0x38 ../system/ioerr.o
 .ARM.attributes
                0x0000000000000460       0x38 ../system/ionull.o
 .ARM.attributes
                0x0000000000000498       0x38 ../device/uart-pl011/kputc.o
 .ARM.attributes
                0x00000000000004d0       0x38 ../device/uart-pl011/../uart/uartControl.o
 .ARM.attributes
                0x0000000000000508       0x38 ../device/uart-pl011/../uart/uartGetc.o
 .ARM.attributes
                0x0000000000000540       0x38 ../device/uart-pl011/uartHwInit.o
 .ARM.attributes
                0x0000000000000578       0x38 ../device/uart-pl011/uartHwPutc.o
 .ARM.attributes
                0x00000000000005b0       0x38 ../device/uart-pl011/../uart/uartInit.o
 .ARM.attributes
                0x00000000000005e8       0x38 ../device/uart-pl011/uartInterrupt.o
 .ARM.attributes
                0x0000000000000620       0x38 ../device/uart-pl011/../uart/uartPutc.o
 .ARM.attributes
                0x0000000000000658       0x38 ../device/uart-pl011/../uart/uartRead.o
 .ARM.attributes
                0x0000000000000690       0x38 ../device/uart-pl011/../uart/uartWrite.o
 .ARM.attributes
                0x00000000000006c8       0x38 ../device/uart-pl011/../uart/kprintf.o
 .ARM.attributes
                0x0000000000000700       0x38 ../device/uart-pl011/../uart/kvprintf.o
 .ARM.attributes
                0x0000000000000738       0x38 ../system/conf.o
 .ARM.attributes
                0x0000000000000770       0x38 ../lib/libxc.a(doprnt.o)
 .ARM.attributes
                0x00000000000007a8       0x38 ../lib/libxc.a(memcpy.o)
 .ARM.attributes
                0x00000000000007e0       0x38 ../lib/libxc.a(strlcpy.o)
 .ARM.attributes
                0x0000000000000818       0x38 ../lib/libxc.a(strlen.o)
